[    0.000000] Linux version 5.8.0-44-generic (buildd@lgw01-amd64-054) (gcc (Ubuntu 9.3.0-17ubuntu1~20.04) 9.3.0, GNU ld (GNU Binutils for Ubuntu) 2.34) #50~20.04.1-Ubuntu SMP Wed Feb 10 21:07:30 UTC 2021 (Ubuntu 5.8.0-44.50~20.04.1-generic 5.8.18)
[    0.000000] Command line: BOOT_IMAGE=/boot/vmlinuz-5.8.0-44-generic root=UUID=22a9d688-4e4b-4558-9d81-58847257ab72 ro find_preseed=/preseed.cfg auto noprompt priority=critical locale=en_US quiet
[    0.000000] KERNEL supported cpus:
[    0.000000]   Intel GenuineIntel
[    0.000000]   AMD AuthenticAMD
[    0.000000]   Hygon HygonGenuine
[    0.000000]   Centaur CentaurHauls
[    0.000000]   zhaoxin   Shanghai  
[    0.000000] Disabled fast string operations
[    0.000000] x86/fpu: Supporting XSAVE feature 0x001: 'x87 floating point registers'
[    0.000000] x86/fpu: Supporting XSAVE feature 0x002: 'SSE registers'
[    0.000000] x86/fpu: Supporting XSAVE feature 0x004: 'AVX registers'
[    0.000000] x86/fpu: xstate_offset[2]:  576, xstate_sizes[2]:  256
[    0.000000] x86/fpu: Enabled xstate features 0x7, context size is 832 bytes, using 'compacted' format.
[    0.000000] BIOS-provided physical RAM map:
[    0.000000] BIOS-e820: [mem 0x0000000000000000-0x000000000009e7ff] usable
[    0.000000] BIOS-e820: [mem 0x000000000009e800-0x000000000009ffff] reserved
[    0.000000] BIOS-e820: [mem 0x00000000000dc000-0x00000000000fffff] reserved
[    0.000000] BIOS-e820: [mem 0x0000000000100000-0x00000000bfecffff] usable
[    0.000000] BIOS-e820: [mem 0x00000000bfed0000-0x00000000bfefefff] ACPI data
[    0.000000] BIOS-e820: [mem 0x00000000bfeff000-0x00000000bfefffff] ACPI NVS
[    0.000000] BIOS-e820: [mem 0x00000000bff00000-0x00000000bfffffff] usable
[    0.000000] BIOS-e820: [mem 0x00000000f0000000-0x00000000f7ffffff] reserved
[    0.000000] BIOS-e820: [mem 0x00000000fec00000-0x00000000fec0ffff] reserved
[    0.000000] BIOS-e820: [mem 0x00000000fee00000-0x00000000fee00fff] reserved
[    0.000000] BIOS-e820: [mem 0x00000000fffe0000-0x00000000ffffffff] reserved
[    0.000000] BIOS-e820: [mem 0x0000000100000000-0x000000013fffffff] usable
[    0.000000] NX (Execute Disable) protection: active
[    0.000000] SMBIOS 2.7 present.
[    0.000000] DMI: VMware, Inc. VMware Virtual Platform/440BX Desktop Reference Platform, BIOS 6.00 07/22/2020
[    0.000000] vmware: hypercall mode: 0x02
[    0.000000] Hypervisor detected: VMware
[    0.000000] vmware: TSC freq read from hypervisor : 2112.006 MHz
[    0.000000] vmware: Host bus clock speed read from hypervisor : 66000000 Hz
[    0.000000] vmware: using clock offset of 22913306114 ns
[    0.000020] tsc: Detected 2112.006 MHz processor
[    0.001713] e820: update [mem 0x00000000-0x00000fff] usable ==> reserved
[    0.001714] e820: remove [mem 0x000a0000-0x000fffff] usable
[    0.001718] last_pfn = 0x140000 max_arch_pfn = 0x400000000
[    0.001751] MTRR default type: uncachable
[    0.001752] MTRR fixed ranges enabled:
[    0.001753]   00000-9FFFF write-back
[    0.001753]   A0000-BFFFF uncachable
[    0.001754]   C0000-CFFFF write-protect
[    0.001754]   D0000-EFFFF uncachable
[    0.001755]   F0000-FFFFF write-protect
[    0.001755] MTRR variable ranges enabled:
[    0.001756]   0 base 000000000000 mask 1FE000000000 write-back
[    0.001757]   1 base 0000C0000000 mask 1FFFC0000000 uncachable
[    0.001758]   2 disabled
[    0.001758]   3 disabled
[    0.001758]   4 disabled
[    0.001758]   5 disabled
[    0.001759]   6 disabled
[    0.001759]   7 disabled
[    0.001765] x86/PAT: Configuration [0-7]: WB  WC  UC- UC  WB  WP  UC- WT  
[    0.001774] total RAM covered: 130048M
[    0.002151] Found optimal setting for mtrr clean up
[    0.002152]  gran_size: 64K 	chunk_size: 64K 	num_reg: 7  	lose cover RAM: 0G
[    0.002181] e820: update [mem 0xc0000000-0xffffffff] usable ==> reserved
[    0.002185] last_pfn = 0xc0000 max_arch_pfn = 0x400000000
[    0.010352] found SMP MP-table at [mem 0x000f6a70-0x000f6a7f]
[    0.036648] check: Scanning 1 areas for low memory corruption
[    0.036694] Using GB pages for direct mapping
[    0.036817] RAMDISK: [mem 0x31ca1000-0x34e47fff]
[    0.036849] ACPI: Early table checksum verification disabled
[    0.036853] ACPI: RSDP 0x00000000000F6A00 000024 (v02 PTLTD )
[    0.036857] ACPI: XSDT 0x00000000BFEDC633 00005C (v01 INTEL  440BX    06040000 VMW  01324272)
[    0.036861] ACPI: FACP 0x00000000BFEFEE73 0000F4 (v04 INTEL  440BX    06040000 PTL  000F4240)
[    0.036866] ACPI: DSDT 0x00000000BFEDD9E8 02148B (v01 PTLTD  Custom   06040000 MSFT 03000001)
[    0.036882] ACPI: FACS 0x00000000BFEFFFC0 000040
[    0.036885] ACPI: FACS 0x00000000BFEFFFC0 000040
[    0.036888] ACPI: BOOT 0x00000000BFEDD9C0 000028 (v01 PTLTD  $SBFTBL$ 06040000  LTP 00000001)
[    0.036890] ACPI: APIC 0x00000000BFEDD27E 000742 (v01 PTLTD  ? APIC   06040000  LTP 00000000)
[    0.036893] ACPI: MCFG 0x00000000BFEDD242 00003C (v01 PTLTD  $PCITBL$ 06040000  LTP 00000001)
[    0.036895] ACPI: SRAT 0x00000000BFEDC72F 0008D0 (v02 VMWARE MEMPLUG  06040000 VMW  00000001)
[    0.036898] ACPI: HPET 0x00000000BFEDC6F7 000038 (v01 VMWARE VMW HPET 06040000 VMW  00000001)
[    0.036900] ACPI: WAET 0x00000000BFEDC6CF 000028 (v01 VMWARE VMW WAET 06040000 VMW  00000001)
[    0.036909] ACPI: Local APIC address 0xfee00000
[    0.036912] system APIC only can use physical flat
[    0.036913] Setting APIC routing to physical flat.
[    0.036996] SRAT: PXM 0 -> APIC 0x00 -> Node 0
[    0.036997] SRAT: PXM 0 -> APIC 0x02 -> Node 0
[    0.036997] SRAT: PXM 0 -> APIC 0x04 -> Node 0
[    0.036998] SRAT: PXM 0 -> APIC 0x06 -> Node 0
[    0.036998] SRAT: PXM 0 -> APIC 0x08 -> Node 0
[    0.036998] SRAT: PXM 0 -> APIC 0x0a -> Node 0
[    0.036999] SRAT: PXM 0 -> APIC 0x0c -> Node 0
[    0.036999] SRAT: PXM 0 -> APIC 0x0e -> Node 0
[    0.036999] SRAT: PXM 0 -> APIC 0x10 -> Node 0
[    0.037000] SRAT: PXM 0 -> APIC 0x12 -> Node 0
[    0.037000] SRAT: PXM 0 -> APIC 0x14 -> Node 0
[    0.037000] SRAT: PXM 0 -> APIC 0x16 -> Node 0
[    0.037001] SRAT: PXM 0 -> APIC 0x18 -> Node 0
[    0.037001] SRAT: PXM 0 -> APIC 0x1a -> Node 0
[    0.037001] SRAT: PXM 0 -> APIC 0x1c -> Node 0
[    0.037002] SRAT: PXM 0 -> APIC 0x1e -> Node 0
[    0.037002] SRAT: PXM 0 -> APIC 0x20 -> Node 0
[    0.037002] SRAT: PXM 0 -> APIC 0x22 -> Node 0
[    0.037003] SRAT: PXM 0 -> APIC 0x24 -> Node 0
[    0.037003] SRAT: PXM 0 -> APIC 0x26 -> Node 0
[    0.037003] SRAT: PXM 0 -> APIC 0x28 -> Node 0
[    0.037004] SRAT: PXM 0 -> APIC 0x2a -> Node 0
[    0.037004] SRAT: PXM 0 -> APIC 0x2c -> Node 0
[    0.037004] SRAT: PXM 0 -> APIC 0x2e -> Node 0
[    0.037005] SRAT: PXM 0 -> APIC 0x30 -> Node 0
[    0.037005] SRAT: PXM 0 -> APIC 0x32 -> Node 0
[    0.037005] SRAT: PXM 0 -> APIC 0x34 -> Node 0
[    0.037006] SRAT: PXM 0 -> APIC 0x36 -> Node 0
[    0.037006] SRAT: PXM 0 -> APIC 0x38 -> Node 0
[    0.037006] SRAT: PXM 0 -> APIC 0x3a -> Node 0
[    0.037007] SRAT: PXM 0 -> APIC 0x3c -> Node 0
[    0.037007] SRAT: PXM 0 -> APIC 0x3e -> Node 0
[    0.037007] SRAT: PXM 0 -> APIC 0x40 -> Node 0
[    0.037008] SRAT: PXM 0 -> APIC 0x42 -> Node 0
[    0.037008] SRAT: PXM 0 -> APIC 0x44 -> Node 0
[    0.037008] SRAT: PXM 0 -> APIC 0x46 -> Node 0
[    0.037009] SRAT: PXM 0 -> APIC 0x48 -> Node 0
[    0.037009] SRAT: PXM 0 -> APIC 0x4a -> Node 0
[    0.037009] SRAT: PXM 0 -> APIC 0x4c -> Node 0
[    0.037009] SRAT: PXM 0 -> APIC 0x4e -> Node 0
[    0.037010] SRAT: PXM 0 -> APIC 0x50 -> Node 0
[    0.037010] SRAT: PXM 0 -> APIC 0x52 -> Node 0
[    0.037010] SRAT: PXM 0 -> APIC 0x54 -> Node 0
[    0.037011] SRAT: PXM 0 -> APIC 0x56 -> Node 0
[    0.037011] SRAT: PXM 0 -> APIC 0x58 -> Node 0
[    0.037011] SRAT: PXM 0 -> APIC 0x5a -> Node 0
[    0.037012] SRAT: PXM 0 -> APIC 0x5c -> Node 0
[    0.037012] SRAT: PXM 0 -> APIC 0x5e -> Node 0
[    0.037012] SRAT: PXM 0 -> APIC 0x60 -> Node 0
[    0.037013] SRAT: PXM 0 -> APIC 0x62 -> Node 0
[    0.037013] SRAT: PXM 0 -> APIC 0x64 -> Node 0
[    0.037013] SRAT: PXM 0 -> APIC 0x66 -> Node 0
[    0.037014] SRAT: PXM 0 -> APIC 0x68 -> Node 0
[    0.037014] SRAT: PXM 0 -> APIC 0x6a -> Node 0
[    0.037014] SRAT: PXM 0 -> APIC 0x6c -> Node 0
[    0.037015] SRAT: PXM 0 -> APIC 0x6e -> Node 0
[    0.037015] SRAT: PXM 0 -> APIC 0x70 -> Node 0
[    0.037015] SRAT: PXM 0 -> APIC 0x72 -> Node 0
[    0.037016] SRAT: PXM 0 -> APIC 0x74 -> Node 0
[    0.037016] SRAT: PXM 0 -> APIC 0x76 -> Node 0
[    0.037016] SRAT: PXM 0 -> APIC 0x78 -> Node 0
[    0.037017] SRAT: PXM 0 -> APIC 0x7a -> Node 0
[    0.037017] SRAT: PXM 0 -> APIC 0x7c -> Node 0
[    0.037017] SRAT: PXM 0 -> APIC 0x7e -> Node 0
[    0.037018] SRAT: PXM 0 -> APIC 0x80 -> Node 0
[    0.037018] SRAT: PXM 0 -> APIC 0x82 -> Node 0
[    0.037018] SRAT: PXM 0 -> APIC 0x84 -> Node 0
[    0.037019] SRAT: PXM 0 -> APIC 0x86 -> Node 0
[    0.037019] SRAT: PXM 0 -> APIC 0x88 -> Node 0
[    0.037019] SRAT: PXM 0 -> APIC 0x8a -> Node 0
[    0.037020] SRAT: PXM 0 -> APIC 0x8c -> Node 0
[    0.037020] SRAT: PXM 0 -> APIC 0x8e -> Node 0
[    0.037020] SRAT: PXM 0 -> APIC 0x90 -> Node 0
[    0.037021] SRAT: PXM 0 -> APIC 0x92 -> Node 0
[    0.037021] SRAT: PXM 0 -> APIC 0x94 -> Node 0
[    0.037021] SRAT: PXM 0 -> APIC 0x96 -> Node 0
[    0.037021] SRAT: PXM 0 -> APIC 0x98 -> Node 0
[    0.037022] SRAT: PXM 0 -> APIC 0x9a -> Node 0
[    0.037022] SRAT: PXM 0 -> APIC 0x9c -> Node 0
[    0.037022] SRAT: PXM 0 -> APIC 0x9e -> Node 0
[    0.037023] SRAT: PXM 0 -> APIC 0xa0 -> Node 0
[    0.037023] SRAT: PXM 0 -> APIC 0xa2 -> Node 0
[    0.037023] SRAT: PXM 0 -> APIC 0xa4 -> Node 0
[    0.037024] SRAT: PXM 0 -> APIC 0xa6 -> Node 0
[    0.037024] SRAT: PXM 0 -> APIC 0xa8 -> Node 0
[    0.037024] SRAT: PXM 0 -> APIC 0xaa -> Node 0
[    0.037025] SRAT: PXM 0 -> APIC 0xac -> Node 0
[    0.037025] SRAT: PXM 0 -> APIC 0xae -> Node 0
[    0.037025] SRAT: PXM 0 -> APIC 0xb0 -> Node 0
[    0.037026] SRAT: PXM 0 -> APIC 0xb2 -> Node 0
[    0.037026] SRAT: PXM 0 -> APIC 0xb4 -> Node 0
[    0.037026] SRAT: PXM 0 -> APIC 0xb6 -> Node 0
[    0.037027] SRAT: PXM 0 -> APIC 0xb8 -> Node 0
[    0.037027] SRAT: PXM 0 -> APIC 0xba -> Node 0
[    0.037027] SRAT: PXM 0 -> APIC 0xbc -> Node 0
[    0.037028] SRAT: PXM 0 -> APIC 0xbe -> Node 0
[    0.037028] SRAT: PXM 0 -> APIC 0xc0 -> Node 0
[    0.037028] SRAT: PXM 0 -> APIC 0xc2 -> Node 0
[    0.037029] SRAT: PXM 0 -> APIC 0xc4 -> Node 0
[    0.037029] SRAT: PXM 0 -> APIC 0xc6 -> Node 0
[    0.037029] SRAT: PXM 0 -> APIC 0xc8 -> Node 0
[    0.037030] SRAT: PXM 0 -> APIC 0xca -> Node 0
[    0.037030] SRAT: PXM 0 -> APIC 0xcc -> Node 0
[    0.037030] SRAT: PXM 0 -> APIC 0xce -> Node 0
[    0.037031] SRAT: PXM 0 -> APIC 0xd0 -> Node 0
[    0.037031] SRAT: PXM 0 -> APIC 0xd2 -> Node 0
[    0.037031] SRAT: PXM 0 -> APIC 0xd4 -> Node 0
[    0.037032] SRAT: PXM 0 -> APIC 0xd6 -> Node 0
[    0.037032] SRAT: PXM 0 -> APIC 0xd8 -> Node 0
[    0.037032] SRAT: PXM 0 -> APIC 0xda -> Node 0
[    0.037033] SRAT: PXM 0 -> APIC 0xdc -> Node 0
[    0.037033] SRAT: PXM 0 -> APIC 0xde -> Node 0
[    0.037033] SRAT: PXM 0 -> APIC 0xe0 -> Node 0
[    0.037033] SRAT: PXM 0 -> APIC 0xe2 -> Node 0
[    0.037034] SRAT: PXM 0 -> APIC 0xe4 -> Node 0
[    0.037034] SRAT: PXM 0 -> APIC 0xe6 -> Node 0
[    0.037034] SRAT: PXM 0 -> APIC 0xe8 -> Node 0
[    0.037035] SRAT: PXM 0 -> APIC 0xea -> Node 0
[    0.037035] SRAT: PXM 0 -> APIC 0xec -> Node 0
[    0.037035] SRAT: PXM 0 -> APIC 0xee -> Node 0
[    0.037036] SRAT: PXM 0 -> APIC 0xf0 -> Node 0
[    0.037036] SRAT: PXM 0 -> APIC 0xf2 -> Node 0
[    0.037036] SRAT: PXM 0 -> APIC 0xf4 -> Node 0
[    0.037037] SRAT: PXM 0 -> APIC 0xf6 -> Node 0
[    0.037037] SRAT: PXM 0 -> APIC 0xf8 -> Node 0
[    0.037037] SRAT: PXM 0 -> APIC 0xfa -> Node 0
[    0.037038] SRAT: PXM 0 -> APIC 0xfc -> Node 0
[    0.037038] SRAT: PXM 0 -> APIC 0xfe -> Node 0
[    0.037041] ACPI: SRAT: Node 0 PXM 0 [mem 0x00000000-0x0009ffff]
[    0.037042] ACPI: SRAT: Node 0 PXM 0 [mem 0x00100000-0xbfffffff]
[    0.037042] ACPI: SRAT: Node 0 PXM 0 [mem 0x100000000-0x13fffffff]
[    0.037043] ACPI: SRAT: Node 0 PXM 0 [mem 0x140000000-0x103fffffff] hotplug
[    0.037045] NUMA: Node 0 [mem 0x00000000-0x0009ffff] + [mem 0x00100000-0xbfffffff] -> [mem 0x00000000-0xbfffffff]
[    0.037046] NUMA: Node 0 [mem 0x00000000-0xbfffffff] + [mem 0x100000000-0x13fffffff] -> [mem 0x00000000-0x13fffffff]
[    0.037052] NODE_DATA(0) allocated [mem 0x13ffd6000-0x13fffffff]
[    0.037893] Zone ranges:
[    0.037894]   DMA      [mem 0x0000000000001000-0x0000000000ffffff]
[    0.037895]   DMA32    [mem 0x0000000001000000-0x00000000ffffffff]
[    0.037895]   Normal   [mem 0x0000000100000000-0x000000013fffffff]
[    0.037896]   Device   empty
[    0.037897] Movable zone start for each node
[    0.037898] Early memory node ranges
[    0.037899]   node   0: [mem 0x0000000000001000-0x000000000009dfff]
[    0.037900]   node   0: [mem 0x0000000000100000-0x00000000bfecffff]
[    0.037900]   node   0: [mem 0x00000000bff00000-0x00000000bfffffff]
[    0.037901]   node   0: [mem 0x0000000100000000-0x000000013fffffff]
[    0.037984] Zeroed struct page in unavailable ranges: 147 pages
[    0.037985] Initmem setup node 0 [mem 0x0000000000001000-0x000000013fffffff]
[    0.037986] On node 0 totalpages: 1048429
[    0.037987]   DMA zone: 64 pages used for memmap
[    0.037987]   DMA zone: 21 pages reserved
[    0.037988]   DMA zone: 3997 pages, LIFO batch:0
[    0.038692]   DMA32 zone: 12224 pages used for memmap
[    0.038693]   DMA32 zone: 782288 pages, LIFO batch:63
[    0.173754]   Normal zone: 4096 pages used for memmap
[    0.173756]   Normal zone: 262144 pages, LIFO batch:63
[    0.230828] ACPI: PM-Timer IO Port: 0x1008
[    0.230831] ACPI: Local APIC address 0xfee00000
[    0.230835] system APIC only can use physical flat
[    0.230847] ACPI: LAPIC_NMI (acpi_id[0x00] high edge lint[0x1])
[    0.230848] ACPI: LAPIC_NMI (acpi_id[0x01] high edge lint[0x1])
[    0.230848] ACPI: LAPIC_NMI (acpi_id[0x02] high edge lint[0x1])
[    0.230849] ACPI: LAPIC_NMI (acpi_id[0x03] high edge lint[0x1])
[    0.230849] ACPI: LAPIC_NMI (acpi_id[0x04] high edge lint[0x1])
[    0.230850] ACPI: LAPIC_NMI (acpi_id[0x05] high edge lint[0x1])
[    0.230850] ACPI: LAPIC_NMI (acpi_id[0x06] high edge lint[0x1])
[    0.230850] ACPI: LAPIC_NMI (acpi_id[0x07] high edge lint[0x1])
[    0.230851] ACPI: LAPIC_NMI (acpi_id[0x08] high edge lint[0x1])
[    0.230851] ACPI: LAPIC_NMI (acpi_id[0x09] high edge lint[0x1])
[    0.230852] ACPI: LAPIC_NMI (acpi_id[0x0a] high edge lint[0x1])
[    0.230852] ACPI: LAPIC_NMI (acpi_id[0x0b] high edge lint[0x1])
[    0.230852] ACPI: LAPIC_NMI (acpi_id[0x0c] high edge lint[0x1])
[    0.230853] ACPI: LAPIC_NMI (acpi_id[0x0d] high edge lint[0x1])
[    0.230853] ACPI: LAPIC_NMI (acpi_id[0x0e] high edge lint[0x1])
[    0.230853] ACPI: LAPIC_NMI (acpi_id[0x0f] high edge lint[0x1])
[    0.230854] ACPI: LAPIC_NMI (acpi_id[0x10] high edge lint[0x1])
[    0.230854] ACPI: LAPIC_NMI (acpi_id[0x11] high edge lint[0x1])
[    0.230854] ACPI: LAPIC_NMI (acpi_id[0x12] high edge lint[0x1])
[    0.230855] ACPI: LAPIC_NMI (acpi_id[0x13] high edge lint[0x1])
[    0.230855] ACPI: LAPIC_NMI (acpi_id[0x14] high edge lint[0x1])
[    0.230855] ACPI: LAPIC_NMI (acpi_id[0x15] high edge lint[0x1])
[    0.230856] ACPI: LAPIC_NMI (acpi_id[0x16] high edge lint[0x1])
[    0.230856] ACPI: LAPIC_NMI (acpi_id[0x17] high edge lint[0x1])
[    0.230857] ACPI: LAPIC_NMI (acpi_id[0x18] high edge lint[0x1])
[    0.230857] ACPI: LAPIC_NMI (acpi_id[0x19] high edge lint[0x1])
[    0.230857] ACPI: LAPIC_NMI (acpi_id[0x1a] high edge lint[0x1])
[    0.230858] ACPI: LAPIC_NMI (acpi_id[0x1b] high edge lint[0x1])
[    0.230858] ACPI: LAPIC_NMI (acpi_id[0x1c] high edge lint[0x1])
[    0.230858] ACPI: LAPIC_NMI (acpi_id[0x1d] high edge lint[0x1])
[    0.230859] ACPI: LAPIC_NMI (acpi_id[0x1e] high edge lint[0x1])
[    0.230859] ACPI: LAPIC_NMI (acpi_id[0x1f] high edge lint[0x1])
[    0.230859] ACPI: LAPIC_NMI (acpi_id[0x20] high edge lint[0x1])
[    0.230860] ACPI: LAPIC_NMI (acpi_id[0x21] high edge lint[0x1])
[    0.230860] ACPI: LAPIC_NMI (acpi_id[0x22] high edge lint[0x1])
[    0.230860] ACPI: LAPIC_NMI (acpi_id[0x23] high edge lint[0x1])
[    0.230861] ACPI: LAPIC_NMI (acpi_id[0x24] high edge lint[0x1])
[    0.230861] ACPI: LAPIC_NMI (acpi_id[0x25] high edge lint[0x1])
[    0.230862] ACPI: LAPIC_NMI (acpi_id[0x26] high edge lint[0x1])
[    0.230862] ACPI: LAPIC_NMI (acpi_id[0x27] high edge lint[0x1])
[    0.230862] ACPI: LAPIC_NMI (acpi_id[0x28] high edge lint[0x1])
[    0.230863] ACPI: LAPIC_NMI (acpi_id[0x29] high edge lint[0x1])
[    0.230863] ACPI: LAPIC_NMI (acpi_id[0x2a] high edge lint[0x1])
[    0.230863] ACPI: LAPIC_NMI (acpi_id[0x2b] high edge lint[0x1])
[    0.230864] ACPI: LAPIC_NMI (acpi_id[0x2c] high edge lint[0x1])
[    0.230864] ACPI: LAPIC_NMI (acpi_id[0x2d] high edge lint[0x1])
[    0.230864] ACPI: LAPIC_NMI (acpi_id[0x2e] high edge lint[0x1])
[    0.230865] ACPI: LAPIC_NMI (acpi_id[0x2f] high edge lint[0x1])
[    0.230865] ACPI: LAPIC_NMI (acpi_id[0x30] high edge lint[0x1])
[    0.230865] ACPI: LAPIC_NMI (acpi_id[0x31] high edge lint[0x1])
[    0.230866] ACPI: LAPIC_NMI (acpi_id[0x32] high edge lint[0x1])
[    0.230866] ACPI: LAPIC_NMI (acpi_id[0x33] high edge lint[0x1])
[    0.230867] ACPI: LAPIC_NMI (acpi_id[0x34] high edge lint[0x1])
[    0.230867] ACPI: LAPIC_NMI (acpi_id[0x35] high edge lint[0x1])
[    0.230867] ACPI: LAPIC_NMI (acpi_id[0x36] high edge lint[0x1])
[    0.230868] ACPI: LAPIC_NMI (acpi_id[0x37] high edge lint[0x1])
[    0.230868] ACPI: LAPIC_NMI (acpi_id[0x38] high edge lint[0x1])
[    0.230868] ACPI: LAPIC_NMI (acpi_id[0x39] high edge lint[0x1])
[    0.230869] ACPI: LAPIC_NMI (acpi_id[0x3a] high edge lint[0x1])
[    0.230869] ACPI: LAPIC_NMI (acpi_id[0x3b] high edge lint[0x1])
[    0.230869] ACPI: LAPIC_NMI (acpi_id[0x3c] high edge lint[0x1])
[    0.230870] ACPI: LAPIC_NMI (acpi_id[0x3d] high edge lint[0x1])
[    0.230870] ACPI: LAPIC_NMI (acpi_id[0x3e] high edge lint[0x1])
[    0.230870] ACPI: LAPIC_NMI (acpi_id[0x3f] high edge lint[0x1])
[    0.230871] ACPI: LAPIC_NMI (acpi_id[0x40] high edge lint[0x1])
[    0.230871] ACPI: LAPIC_NMI (acpi_id[0x41] high edge lint[0x1])
[    0.230871] ACPI: LAPIC_NMI (acpi_id[0x42] high edge lint[0x1])
[    0.230872] ACPI: LAPIC_NMI (acpi_id[0x43] high edge lint[0x1])
[    0.230872] ACPI: LAPIC_NMI (acpi_id[0x44] high edge lint[0x1])
[    0.230873] ACPI: LAPIC_NMI (acpi_id[0x45] high edge lint[0x1])
[    0.230873] ACPI: LAPIC_NMI (acpi_id[0x46] high edge lint[0x1])
[    0.230873] ACPI: LAPIC_NMI (acpi_id[0x47] high edge lint[0x1])
[    0.230874] ACPI: LAPIC_NMI (acpi_id[0x48] high edge lint[0x1])
[    0.230874] ACPI: LAPIC_NMI (acpi_id[0x49] high edge lint[0x1])
[    0.230874] ACPI: LAPIC_NMI (acpi_id[0x4a] high edge lint[0x1])
[    0.230875] ACPI: LAPIC_NMI (acpi_id[0x4b] high edge lint[0x1])
[    0.230875] ACPI: LAPIC_NMI (acpi_id[0x4c] high edge lint[0x1])
[    0.230875] ACPI: LAPIC_NMI (acpi_id[0x4d] high edge lint[0x1])
[    0.230876] ACPI: LAPIC_NMI (acpi_id[0x4e] high edge lint[0x1])
[    0.230876] ACPI: LAPIC_NMI (acpi_id[0x4f] high edge lint[0x1])
[    0.230876] ACPI: LAPIC_NMI (acpi_id[0x50] high edge lint[0x1])
[    0.230877] ACPI: LAPIC_NMI (acpi_id[0x51] high edge lint[0x1])
[    0.230877] ACPI: LAPIC_NMI (acpi_id[0x52] high edge lint[0x1])
[    0.230878] ACPI: LAPIC_NMI (acpi_id[0x53] high edge lint[0x1])
[    0.230878] ACPI: LAPIC_NMI (acpi_id[0x54] high edge lint[0x1])
[    0.230878] ACPI: LAPIC_NMI (acpi_id[0x55] high edge lint[0x1])
[    0.230879] ACPI: LAPIC_NMI (acpi_id[0x56] high edge lint[0x1])
[    0.230879] ACPI: LAPIC_NMI (acpi_id[0x57] high edge lint[0x1])
[    0.230879] ACPI: LAPIC_NMI (acpi_id[0x58] high edge lint[0x1])
[    0.230880] ACPI: LAPIC_NMI (acpi_id[0x59] high edge lint[0x1])
[    0.230880] ACPI: LAPIC_NMI (acpi_id[0x5a] high edge lint[0x1])
[    0.230880] ACPI: LAPIC_NMI (acpi_id[0x5b] high edge lint[0x1])
[    0.230881] ACPI: LAPIC_NMI (acpi_id[0x5c] high edge lint[0x1])
[    0.230881] ACPI: LAPIC_NMI (acpi_id[0x5d] high edge lint[0x1])
[    0.230881] ACPI: LAPIC_NMI (acpi_id[0x5e] high edge lint[0x1])
[    0.230882] ACPI: LAPIC_NMI (acpi_id[0x5f] high edge lint[0x1])
[    0.230882] ACPI: LAPIC_NMI (acpi_id[0x60] high edge lint[0x1])
[    0.230883] ACPI: LAPIC_NMI (acpi_id[0x61] high edge lint[0x1])
[    0.230883] ACPI: LAPIC_NMI (acpi_id[0x62] high edge lint[0x1])
[    0.230883] ACPI: LAPIC_NMI (acpi_id[0x63] high edge lint[0x1])
[    0.230884] ACPI: LAPIC_NMI (acpi_id[0x64] high edge lint[0x1])
[    0.230884] ACPI: LAPIC_NMI (acpi_id[0x65] high edge lint[0x1])
[    0.230884] ACPI: LAPIC_NMI (acpi_id[0x66] high edge lint[0x1])
[    0.230885] ACPI: LAPIC_NMI (acpi_id[0x67] high edge lint[0x1])
[    0.230885] ACPI: LAPIC_NMI (acpi_id[0x68] high edge lint[0x1])
[    0.230885] ACPI: LAPIC_NMI (acpi_id[0x69] high edge lint[0x1])
[    0.230886] ACPI: LAPIC_NMI (acpi_id[0x6a] high edge lint[0x1])
[    0.230886] ACPI: LAPIC_NMI (acpi_id[0x6b] high edge lint[0x1])
[    0.230886] ACPI: LAPIC_NMI (acpi_id[0x6c] high edge lint[0x1])
[    0.230887] ACPI: LAPIC_NMI (acpi_id[0x6d] high edge lint[0x1])
[    0.230887] ACPI: LAPIC_NMI (acpi_id[0x6e] high edge lint[0x1])
[    0.230888] ACPI: LAPIC_NMI (acpi_id[0x6f] high edge lint[0x1])
[    0.230888] ACPI: LAPIC_NMI (acpi_id[0x70] high edge lint[0x1])
[    0.230888] ACPI: LAPIC_NMI (acpi_id[0x71] high edge lint[0x1])
[    0.230889] ACPI: LAPIC_NMI (acpi_id[0x72] high edge lint[0x1])
[    0.230889] ACPI: LAPIC_NMI (acpi_id[0x73] high edge lint[0x1])
[    0.230889] ACPI: LAPIC_NMI (acpi_id[0x74] high edge lint[0x1])
[    0.230890] ACPI: LAPIC_NMI (acpi_id[0x75] high edge lint[0x1])
[    0.230890] ACPI: LAPIC_NMI (acpi_id[0x76] high edge lint[0x1])
[    0.230890] ACPI: LAPIC_NMI (acpi_id[0x77] high edge lint[0x1])
[    0.230891] ACPI: LAPIC_NMI (acpi_id[0x78] high edge lint[0x1])
[    0.230891] ACPI: LAPIC_NMI (acpi_id[0x79] high edge lint[0x1])
[    0.230891] ACPI: LAPIC_NMI (acpi_id[0x7a] high edge lint[0x1])
[    0.230892] ACPI: LAPIC_NMI (acpi_id[0x7b] high edge lint[0x1])
[    0.230892] ACPI: LAPIC_NMI (acpi_id[0x7c] high edge lint[0x1])
[    0.230892] ACPI: LAPIC_NMI (acpi_id[0x7d] high edge lint[0x1])
[    0.230893] ACPI: LAPIC_NMI (acpi_id[0x7e] high edge lint[0x1])
[    0.230893] ACPI: LAPIC_NMI (acpi_id[0x7f] high edge lint[0x1])
[    0.231011] IOAPIC[0]: apic_id 1, version 32, address 0xfec00000, GSI 0-23
[    0.231015] ACPI: INT_SRC_OVR (bus 0 bus_irq 0 global_irq 2 high edge)
[    0.231018] ACPI: IRQ0 used by override.
[    0.231018] ACPI: IRQ9 used by override.
[    0.231021] Using ACPI (MADT) for SMP configuration information
[    0.231023] ACPI: HPET id: 0x8086af01 base: 0xfed00000
[    0.231027] TSC deadline timer available
[    0.231056] smpboot: Allowing 128 CPUs, 124 hotplug CPUs
[    0.231068] PM: hibernation: Registered nosave memory: [mem 0x00000000-0x00000fff]
[    0.231069] PM: hibernation: Registered nosave memory: [mem 0x0009e000-0x0009efff]
[    0.231069] PM: hibernation: Registered nosave memory: [mem 0x0009f000-0x0009ffff]
[    0.231070] PM: hibernation: Registered nosave memory: [mem 0x000a0000-0x000dbfff]
[    0.231070] PM: hibernation: Registered nosave memory: [mem 0x000dc000-0x000fffff]
[    0.231071] PM: hibernation: Registered nosave memory: [mem 0xbfed0000-0xbfefefff]
[    0.231071] PM: hibernation: Registered nosave memory: [mem 0xbfeff000-0xbfefffff]
[    0.231108] PM: hibernation: Registered nosave memory: [mem 0xc0000000-0xefffffff]
[    0.231108] PM: hibernation: Registered nosave memory: [mem 0xf0000000-0xf7ffffff]
[    0.231109] PM: hibernation: Registered nosave memory: [mem 0xf8000000-0xfebfffff]
[    0.231109] PM: hibernation: Registered nosave memory: [mem 0xfec00000-0xfec0ffff]
[    0.231110] PM: hibernation: Registered nosave memory: [mem 0xfec10000-0xfedfffff]
[    0.231110] PM: hibernation: Registered nosave memory: [mem 0xfee00000-0xfee00fff]
[    0.231110] PM: hibernation: Registered nosave memory: [mem 0xfee01000-0xfffdffff]
[    0.231111] PM: hibernation: Registered nosave memory: [mem 0xfffe0000-0xffffffff]
[    0.231112] [mem 0xc0000000-0xefffffff] available for PCI devices
[    0.231113] Booting paravirtualized kernel on VMware hypervisor
[    0.231116] clocksource: refined-jiffies: mask: 0xffffffff max_cycles: 0xffffffff, max_idle_ns: 7645519600211568 ns
[    0.231121] setup_percpu: NR_CPUS:8192 nr_cpumask_bits:128 nr_cpu_ids:128 nr_node_ids:1
[    0.322390] percpu: Embedded 56 pages/cpu s192512 r8192 d28672 u262144
[    0.322399] pcpu-alloc: s192512 r8192 d28672 u262144 alloc=1*2097152
[    0.322400] pcpu-alloc: [0] 000 001 002 003 004 005 006 007 
[    0.322402] pcpu-alloc: [0] 008 009 010 011 012 013 014 015 
[    0.322403] pcpu-alloc: [0] 016 017 018 019 020 021 022 023 
[    0.322404] pcpu-alloc: [0] 024 025 026 027 028 029 030 031 
[    0.322406] pcpu-alloc: [0] 032 033 034 035 036 037 038 039 
[    0.322407] pcpu-alloc: [0] 040 041 042 043 044 045 046 047 
[    0.322408] pcpu-alloc: [0] 048 049 050 051 052 053 054 055 
[    0.322409] pcpu-alloc: [0] 056 057 058 059 060 061 062 063 
[    0.322410] pcpu-alloc: [0] 064 065 066 067 068 069 070 071 
[    0.322412] pcpu-alloc: [0] 072 073 074 075 076 077 078 079 
[    0.322413] pcpu-alloc: [0] 080 081 082 083 084 085 086 087 
[    0.322414] pcpu-alloc: [0] 088 089 090 091 092 093 094 095 
[    0.322415] pcpu-alloc: [0] 096 097 098 099 100 101 102 103 
[    0.322416] pcpu-alloc: [0] 104 105 106 107 108 109 110 111 
[    0.322418] pcpu-alloc: [0] 112 113 114 115 116 117 118 119 
[    0.322419] pcpu-alloc: [0] 120 121 122 123 124 125 126 127 
[    0.322497] Built 1 zonelists, mobility grouping on.  Total pages: 1032024
[    0.322498] Policy zone: Normal
[    0.322499] Kernel command line: BOOT_IMAGE=/boot/vmlinuz-5.8.0-44-generic root=UUID=22a9d688-4e4b-4558-9d81-58847257ab72 ro find_preseed=/preseed.cfg auto noprompt priority=critical locale=en_US quiet
[    0.322615] printk: log_buf_len individual max cpu contribution: 4096 bytes
[    0.322615] printk: log_buf_len total cpu_extra contributions: 520192 bytes
[    0.322615] printk: log_buf_len min size: 262144 bytes
[    0.325418] printk: log_buf_len: 1048576 bytes
[    0.325419] printk: early log buf free: 235428(89%)
[    0.336510] Dentry cache hash table entries: 524288 (order: 10, 4194304 bytes, linear)
[    0.341924] Inode-cache hash table entries: 262144 (order: 9, 2097152 bytes, linear)
[    0.344000] mem auto-init: stack:off, heap alloc:on, heap free:off
[    0.435896] Memory: 3942392K/4193716K available (14339K kernel code, 2537K rwdata, 5388K rodata, 2640K init, 4920K bss, 251324K reserved, 0K cma-reserved)
[    0.435903] random: get_random_u64 called from kmem_cache_open+0x2d/0x410 with crng_init=0
[    0.436782] SLUB: HWalign=64, Order=0-3, MinObjects=0, CPUs=128, Nodes=1
[    0.436849] ftrace: allocating 46218 entries in 181 pages
[    0.451237] ftrace: allocated 181 pages with 5 groups
[    0.452785] rcu: Hierarchical RCU implementation.
[    0.452786] rcu: 	RCU restricting CPUs from NR_CPUS=8192 to nr_cpu_ids=128.
[    0.452787] 	Trampoline variant of Tasks RCU enabled.
[    0.452787] 	Rude variant of Tasks RCU enabled.
[    0.452787] 	Tracing variant of Tasks RCU enabled.
[    0.452788] rcu: RCU calculated value of scheduler-enlistment delay is 25 jiffies.
[    0.452788] rcu: Adjusting geometry for rcu_fanout_leaf=16, nr_cpu_ids=128
[    0.455864] NR_IRQS: 524544, nr_irqs: 1448, preallocated irqs: 16
[    0.456593] random: crng done (trusting CPU's manufacturer)
[    0.466433] Console: colour VGA+ 80x25
[    0.466433] printk: console [tty0] enabled
[    0.466433] ACPI: Core revision 20200528
[    0.466433] clocksource: hpet: mask: 0xffffffff max_cycles: 0xffffffff, max_idle_ns: 133484882848 ns
[    0.478408] APIC: Switch to symmetric I/O mode setup
[    0.479267] x2apic enabled
[    0.479725] Switched APIC routing to physical x2apic.
[    0.482223] ..TIMER: vector=0x30 apic1=0 pin1=2 apic2=-1 pin2=-1
[    0.482765] clocksource: tsc-early: mask: 0xffffffffffffffff max_cycles: 0x1e717e40680, max_idle_ns: 440795297614 ns
[    0.482770] Calibrating delay loop (skipped) preset value.. 4224.01 BogoMIPS (lpj=8448026)
[    0.482772] pid_max: default: 131072 minimum: 1024
[    0.482867] LSM: Security Framework initializing
[    0.482879] Yama: becoming mindful.
[    0.483037] AppArmor: AppArmor initialized
[    0.483287] Mount-cache hash table entries: 8192 (order: 4, 65536 bytes, linear)
[    0.483493] Mountpoint-cache hash table entries: 8192 (order: 4, 65536 bytes, linear)
[    0.484978] Disabled fast string operations
[    0.485221] Last level iTLB entries: 4KB 64, 2MB 8, 4MB 8
[    0.485222] Last level dTLB entries: 4KB 64, 2MB 0, 4MB 0, 1GB 4
[    0.485225] Spectre V1 : Mitigation: usercopy/swapgs barriers and __user pointer sanitization
[    0.485226] Spectre V2 : Mitigation: Full generic retpoline
[    0.485227] Spectre V2 : Spectre v2 / SpectreRSB mitigation: Filling RSB on context switch
[    0.485227] Spectre V2 : Enabling Restricted Speculation for firmware calls
[    0.485228] Spectre V2 : mitigation: Enabling conditional Indirect Branch Prediction Barrier
[    0.485229] Speculative Store Bypass: Mitigation: Speculative Store Bypass disabled via prctl and seccomp
[    0.485230] SRBDS: Mitigation: TSX disabled
[    0.485405] Freeing SMP alternatives memory: 40K
[    0.492330] smpboot: CPU0: Intel(R) Core(TM) i5-10210U CPU @ 1.60GHz (family: 0x6, model: 0x8e, stepping: 0xc)
[    0.493978] Performance Events: Skylake events, core PMU driver.
[    0.494218] core: CPUID marked event: 'cpu cycles' unavailable
[    0.494224] core: CPUID marked event: 'instructions' unavailable
[    0.494231] core: CPUID marked event: 'bus cycles' unavailable
[    0.494237] core: CPUID marked event: 'cache references' unavailable
[    0.494243] core: CPUID marked event: 'cache misses' unavailable
[    0.494250] core: CPUID marked event: 'branch instructions' unavailable
[    0.494257] core: CPUID marked event: 'branch misses' unavailable
[    0.494294] ... version:                1
[    0.494330] ... bit width:              48
[    0.494336] ... generic registers:      4
[    0.494343] ... value mask:             0000ffffffffffff
[    0.494350] ... max period:             000000007fffffff
[    0.494356] ... fixed-purpose events:   0
[    0.494363] ... event mask:             000000000000000f
[    0.494720] rcu: Hierarchical SRCU implementation.
[    0.494767] NMI watchdog: Perf NMI watchdog permanently disabled
[    0.502767] smp: Bringing up secondary CPUs ...
[    0.503020] x86: Booting SMP configuration:
[    0.503028] .... node  #0, CPUs:          #1
[    0.030333] Disabled fast string operations
[    0.030333] smpboot: CPU 1 Converting physical 2 to logical package 1
[    0.030333] smpboot: CPU 1 Converting physical 0 to logical die 1
[    0.505208]    #2
[    0.030333] Disabled fast string operations
[    0.030333] smpboot: CPU 2 Converting physical 4 to logical package 2
[    0.030333] smpboot: CPU 2 Converting physical 0 to logical die 2
[    0.508537]    #3
[    0.030333] Disabled fast string operations
[    0.030333] smpboot: CPU 3 Converting physical 6 to logical package 3
[    0.030333] smpboot: CPU 3 Converting physical 0 to logical die 3
[    0.511239] smp: Brought up 1 node, 4 CPUs
[    0.511247] smpboot: Max logical packages: 128
[    0.511255] smpboot: Total of 4 processors activated (16896.05 BogoMIPS)
[    0.512596] devtmpfs: initialized
[    0.512596] x86/mm: Memory block size: 128MB
[    0.514999] PM: Registering ACPI NVS region [mem 0xbfeff000-0xbfefffff] (4096 bytes)
[    0.515496] clocksource: jiffies: mask: 0xffffffff max_cycles: 0xffffffff, max_idle_ns: 7645041785100000 ns
[    0.522084] futex hash table entries: 32768 (order: 9, 2097152 bytes, linear)
[    0.522711] pinctrl core: initialized pinctrl subsystem
[    0.522767] PM: RTC time: 05:54:27, date: 2021-03-14
[    0.522767] thermal_sys: Registered thermal governor 'fair_share'
[    0.522767] thermal_sys: Registered thermal governor 'bang_bang'
[    0.522767] thermal_sys: Registered thermal governor 'step_wise'
[    0.522767] thermal_sys: Registered thermal governor 'user_space'
[    0.522767] thermal_sys: Registered thermal governor 'power_allocator'
[    0.522767] NET: Registered protocol family 16
[    0.522767] DMA: preallocated 512 KiB GFP_KERNEL pool for atomic allocations
[    0.522767] DMA: preallocated 512 KiB GFP_KERNEL|GFP_DMA pool for atomic allocations
[    0.524138] DMA: preallocated 512 KiB GFP_KERNEL|GFP_DMA32 pool for atomic allocations
[    0.524154] audit: initializing netlink subsys (disabled)
[    0.524330] audit: type=2000 audit(1615701267.040:1): state=initialized audit_enabled=0 res=1
[    0.524330] EISA bus registered
[    0.524330] cpuidle: using governor ladder
[    0.524330] cpuidle: using governor menu
[    0.524330] Simple Boot Flag at 0x36 set to 0x80
[    0.524330] ACPI: bus type PCI registered
[    0.524330] acpiphp: ACPI Hot Plug PCI Controller Driver version: 0.5
[    0.524330] PCI: MMCONFIG for domain 0000 [bus 00-7f] at [mem 0xf0000000-0xf7ffffff] (base 0xf0000000)
[    0.524330] PCI: MMCONFIG at [mem 0xf0000000-0xf7ffffff] reserved in E820
[    0.524330] PCI: Using configuration type 1 for base access
[    0.527367] HugeTLB registered 1.00 GiB page size, pre-allocated 0 pages
[    0.527367] HugeTLB registered 2.00 MiB page size, pre-allocated 0 pages
[    0.555336] ACPI: Added _OSI(Module Device)
[    0.555336] ACPI: Added _OSI(Processor Device)
[    0.555336] ACPI: Added _OSI(3.0 _SCP Extensions)
[    0.555336] ACPI: Added _OSI(Processor Aggregator Device)
[    0.555336] ACPI: Added _OSI(Linux-Dell-Video)
[    0.555336] ACPI: Added _OSI(Linux-Lenovo-NV-HDMI-Audio)
[    0.555336] ACPI: Added _OSI(Linux-HPI-Hybrid-Graphics)
[    0.574767] ACPI: 1 ACPI AML tables successfully acquired and loaded
[    0.576089] ACPI: [Firmware Bug]: BIOS _OSI(Linux) query ignored
[    0.596359] ACPI: Interpreter enabled
[    0.596380] ACPI: (supports S0 S1 S4 S5)
[    0.596388] ACPI: Using IOAPIC for interrupt routing
[    0.596472] PCI: Using host bridge windows from ACPI; if necessary, use "pci=nocrs" and report a bug
[    0.597868] ACPI: Enabled 4 GPEs in block 00 to 0F
[    0.714767] ACPI: PCI Root Bridge [PCI0] (domain 0000 [bus 00-7f])
[    0.714767] acpi PNP0A03:00: _OSC: OS supports [ExtendedConfig ASPM ClockPM Segments MSI HPX-Type3]
[    0.714803] acpi PNP0A03:00: _OSC: platform does not support [AER LTR]
[    0.715078] acpi PNP0A03:00: _OSC: OS now controls [PCIeHotplug SHPCHotplug PME PCIeCapability]
[    0.717476] PCI host bridge to bus 0000:00
[    0.717478] pci_bus 0000:00: root bus resource [mem 0x000a0000-0x000bffff window]
[    0.717479] pci_bus 0000:00: root bus resource [mem 0x000d0000-0x000d3fff window]
[    0.717479] pci_bus 0000:00: root bus resource [mem 0x000d4000-0x000d7fff window]
[    0.717480] pci_bus 0000:00: root bus resource [mem 0x000d8000-0x000dbfff window]
[    0.717480] pci_bus 0000:00: root bus resource [mem 0xc0000000-0xfebfffff window]
[    0.717481] pci_bus 0000:00: root bus resource [io  0x0000-0x0cf7 window]
[    0.717482] pci_bus 0000:00: root bus resource [io  0x0d00-0xfeff window]
[    0.717482] pci_bus 0000:00: root bus resource [bus 00-7f]
[    0.717548] pci 0000:00:00.0: [8086:7190] type 00 class 0x060000
[    0.718767] pci 0000:00:01.0: [8086:7191] type 01 class 0x060400
[    0.726767] pci 0000:00:07.0: [8086:7110] type 00 class 0x060100
[    0.727393] pci 0000:00:07.1: [8086:7111] type 00 class 0x01018a
[    0.730186] pci 0000:00:07.1: reg 0x20: [io  0x1060-0x106f]
[    0.730673] pci 0000:00:07.1: legacy IDE quirk: reg 0x10: [io  0x01f0-0x01f7]
[    0.730673] pci 0000:00:07.1: legacy IDE quirk: reg 0x14: [io  0x03f6]
[    0.730674] pci 0000:00:07.1: legacy IDE quirk: reg 0x18: [io  0x0170-0x0177]
[    0.730674] pci 0000:00:07.1: legacy IDE quirk: reg 0x1c: [io  0x0376]
[    0.730767] pci 0000:00:07.3: [8086:7113] type 00 class 0x068000
[    0.730767] pci 0000:00:07.3: quirk: [io  0x1000-0x103f] claimed by PIIX4 ACPI
[    0.730767] pci 0000:00:07.3: quirk: [io  0x1040-0x104f] claimed by PIIX4 SMB
[    0.730767] pci 0000:00:07.7: [15ad:0740] type 00 class 0x088000
[    0.730767] pci 0000:00:07.7: reg 0x10: [io  0x1080-0x10bf]
[    0.730767] pci 0000:00:07.7: reg 0x14: [mem 0xfebfe000-0xfebfffff 64bit]
[    0.741468] pci 0000:00:0f.0: [15ad:0405] type 00 class 0x030000
[    0.742726] pci 0000:00:0f.0: reg 0x10: [io  0x1070-0x107f]
[    0.742767] pci 0000:00:0f.0: reg 0x14: [mem 0xe8000000-0xefffffff pref]
[    0.742767] pci 0000:00:0f.0: reg 0x18: [mem 0xfe000000-0xfe7fffff]
[    0.745449] pci 0000:00:0f.0: reg 0x30: [mem 0x00000000-0x00007fff pref]
[    0.746767] pci 0000:00:10.0: [1000:0030] type 00 class 0x010000
[    0.746767] pci 0000:00:10.0: reg 0x10: [io  0x1400-0x14ff]
[    0.746767] pci 0000:00:10.0: reg 0x14: [mem 0xfeba0000-0xfebbffff 64bit]
[    0.746767] pci 0000:00:10.0: reg 0x1c: [mem 0xfebc0000-0xfebdffff 64bit]
[    0.747275] pci 0000:00:10.0: reg 0x30: [mem 0x00000000-0x00003fff pref]
[    0.749715] pci 0000:00:11.0: [15ad:0790] type 01 class 0x060401
[    0.754767] pci 0000:00:15.0: [15ad:07a0] type 01 class 0x060400
[    0.754767] pci 0000:00:15.0: PME# supported from D0 D3hot D3cold
[    0.754767] pci 0000:00:15.1: [15ad:07a0] type 01 class 0x060400
[    0.755855] pci 0000:00:15.1: PME# supported from D0 D3hot D3cold
[    0.756355] pci 0000:00:15.2: [15ad:07a0] type 01 class 0x060400
[    0.757616] pci 0000:00:15.2: PME# supported from D0 D3hot D3cold
[    0.758286] pci 0000:00:15.3: [15ad:07a0] type 01 class 0x060400
[    0.758767] pci 0000:00:15.3: PME# supported from D0 D3hot D3cold
[    0.758767] pci 0000:00:15.4: [15ad:07a0] type 01 class 0x060400
[    0.758767] pci 0000:00:15.4: PME# supported from D0 D3hot D3cold
[    0.758907] pci 0000:00:15.5: [15ad:07a0] type 01 class 0x060400
[    0.760147] pci 0000:00:15.5: PME# supported from D0 D3hot D3cold
[    0.760625] pci 0000:00:15.6: [15ad:07a0] type 01 class 0x060400
[    0.761893] pci 0000:00:15.6: PME# supported from D0 D3hot D3cold
[    0.762347] pci 0000:00:15.7: [15ad:07a0] type 01 class 0x060400
[    0.762767] pci 0000:00:15.7: PME# supported from D0 D3hot D3cold
[    0.763878] pci 0000:00:16.0: [15ad:07a0] type 01 class 0x060400
[    0.765085] pci 0000:00:16.0: PME# supported from D0 D3hot D3cold
[    0.765554] pci 0000:00:16.1: [15ad:07a0] type 01 class 0x060400
[    0.766767] pci 0000:00:16.1: PME# supported from D0 D3hot D3cold
[    0.766767] pci 0000:00:16.2: [15ad:07a0] type 01 class 0x060400
[    0.766767] pci 0000:00:16.2: PME# supported from D0 D3hot D3cold
[    0.766767] pci 0000:00:16.3: [15ad:07a0] type 01 class 0x060400
[    0.767575] pci 0000:00:16.3: PME# supported from D0 D3hot D3cold
[    0.768039] pci 0000:00:16.4: [15ad:07a0] type 01 class 0x060400
[    0.769252] pci 0000:00:16.4: PME# supported from D0 D3hot D3cold
[    0.769765] pci 0000:00:16.5: [15ad:07a0] type 01 class 0x060400
[    0.770767] pci 0000:00:16.5: PME# supported from D0 D3hot D3cold
[    0.770767] pci 0000:00:16.6: [15ad:07a0] type 01 class 0x060400
[    0.770767] pci 0000:00:16.6: PME# supported from D0 D3hot D3cold
[    0.770767] pci 0000:00:16.7: [15ad:07a0] type 01 class 0x060400
[    0.771629] pci 0000:00:16.7: PME# supported from D0 D3hot D3cold
[    0.773946] pci 0000:00:17.0: [15ad:07a0] type 01 class 0x060400
[    0.774767] pci 0000:00:17.0: PME# supported from D0 D3hot D3cold
[    0.774767] pci 0000:00:17.1: [15ad:07a0] type 01 class 0x060400
[    0.774767] pci 0000:00:17.1: PME# supported from D0 D3hot D3cold
[    0.774767] pci 0000:00:17.2: [15ad:07a0] type 01 class 0x060400
[    0.775845] pci 0000:00:17.2: PME# supported from D0 D3hot D3cold
[    0.776401] pci 0000:00:17.3: [15ad:07a0] type 01 class 0x060400
[    0.777706] pci 0000:00:17.3: PME# supported from D0 D3hot D3cold
[    0.778192] pci 0000:00:17.4: [15ad:07a0] type 01 class 0x060400
[    0.778767] pci 0000:00:17.4: PME# supported from D0 D3hot D3cold
[    0.778767] pci 0000:00:17.5: [15ad:07a0] type 01 class 0x060400
[    0.778767] pci 0000:00:17.5: PME# supported from D0 D3hot D3cold
[    0.778795] pci 0000:00:17.6: [15ad:07a0] type 01 class 0x060400
[    0.780112] pci 0000:00:17.6: PME# supported from D0 D3hot D3cold
[    0.780601] pci 0000:00:17.7: [15ad:07a0] type 01 class 0x060400
[    0.781996] pci 0000:00:17.7: PME# supported from D0 D3hot D3cold
[    0.782767] pci 0000:00:18.0: [15ad:07a0] type 01 class 0x060400
[    0.782767] pci 0000:00:18.0: PME# supported from D0 D3hot D3cold
[    0.783236] pci 0000:00:18.1: [15ad:07a0] type 01 class 0x060400
[    0.784487] pci 0000:00:18.1: PME# supported from D0 D3hot D3cold
[    0.784987] pci 0000:00:18.2: [15ad:07a0] type 01 class 0x060400
[    0.786321] pci 0000:00:18.2: PME# supported from D0 D3hot D3cold
[    0.786767] pci 0000:00:18.3: [15ad:07a0] type 01 class 0x060400
[    0.786767] pci 0000:00:18.3: PME# supported from D0 D3hot D3cold
[    0.786780] pci 0000:00:18.4: [15ad:07a0] type 01 class 0x060400
[    0.788034] pci 0000:00:18.4: PME# supported from D0 D3hot D3cold
[    0.788500] pci 0000:00:18.5: [15ad:07a0] type 01 class 0x060400
[    0.789880] pci 0000:00:18.5: PME# supported from D0 D3hot D3cold
[    0.790407] pci 0000:00:18.6: [15ad:07a0] type 01 class 0x060400
[    0.790767] pci 0000:00:18.6: PME# supported from D0 D3hot D3cold
[    0.790767] pci 0000:00:18.7: [15ad:07a0] type 01 class 0x060400
[    0.790767] pci 0000:00:18.7: PME# supported from D0 D3hot D3cold
[    0.801837] pci_bus 0000:01: extended config space not accessible
[    0.836390] pci 0000:00:01.0: PCI bridge to [bus 01]
[    0.836697] pci_bus 0000:02: extended config space not accessible
[    0.836934] acpiphp: Slot [32] registered
[    0.836961] acpiphp: Slot [33] registered
[    0.836985] acpiphp: Slot [34] registered
[    0.837009] acpiphp: Slot [35] registered
[    0.837033] acpiphp: Slot [36] registered
[    0.837056] acpiphp: Slot [37] registered
[    0.837079] acpiphp: Slot [38] registered
[    0.837129] acpiphp: Slot [39] registered
[    0.837153] acpiphp: Slot [40] registered
[    0.837177] acpiphp: Slot [41] registered
[    0.837200] acpiphp: Slot [42] registered
[    0.837222] acpiphp: Slot [43] registered
[    0.837246] acpiphp: Slot [44] registered
[    0.837268] acpiphp: Slot [45] registered
[    0.837308] acpiphp: Slot [46] registered
[    0.837332] acpiphp: Slot [47] registered
[    0.837355] acpiphp: Slot [48] registered
[    0.837378] acpiphp: Slot [49] registered
[    0.837400] acpiphp: Slot [50] registered
[    0.837450] acpiphp: Slot [51] registered
[    0.837473] acpiphp: Slot [52] registered
[    0.837496] acpiphp: Slot [53] registered
[    0.837519] acpiphp: Slot [54] registered
[    0.837542] acpiphp: Slot [55] registered
[    0.837564] acpiphp: Slot [56] registered
[    0.837587] acpiphp: Slot [57] registered
[    0.837609] acpiphp: Slot [58] registered
[    0.837649] acpiphp: Slot [59] registered
[    0.837696] acpiphp: Slot [60] registered
[    0.837748] acpiphp: Slot [61] registered
[    0.837772] acpiphp: Slot [62] registered
[    0.837796] acpiphp: Slot [63] registered
[    0.837908] pci 0000:02:00.0: [15ad:0774] type 00 class 0x0c0300
[    0.838767] pci 0000:02:00.0: reg 0x20: [io  0x2080-0x209f]
[    0.840728] pci 0000:02:01.0: [8086:100f] type 00 class 0x020000
[    0.841205] pci 0000:02:01.0: reg 0x10: [mem 0xfd5c0000-0xfd5dffff 64bit]
[    0.841579] pci 0000:02:01.0: reg 0x18: [mem 0xfdff0000-0xfdffffff 64bit]
[    0.841903] pci 0000:02:01.0: reg 0x20: [io  0x2000-0x203f]
[    0.842494] pci 0000:02:01.0: reg 0x30: [mem 0x00000000-0x0000ffff pref]
[    0.842767] pci 0000:02:01.0: PME# supported from D0 D3hot D3cold
[    0.842767] pci 0000:02:02.0: [1274:1371] type 00 class 0x040100
[    0.842767] pci 0000:02:02.0: reg 0x10: [io  0x2040-0x207f]
[    0.846759] pci 0000:02:03.0: [15ad:0770] type 00 class 0x0c0320
[    0.846767] pci 0000:02:03.0: reg 0x10: [mem 0xfd5ef000-0xfd5effff]
[    0.849988] pci 0000:02:05.0: [15ad:07e0] type 00 class 0x010601
[    0.850767] pci 0000:02:05.0: reg 0x24: [mem 0xfd5ee000-0xfd5eefff]
[    0.850767] pci 0000:02:05.0: reg 0x30: [mem 0x00000000-0x0000ffff pref]
[    0.850767] pci 0000:02:05.0: PME# supported from D3hot
[    0.881110] pci 0000:00:11.0: PCI bridge to [bus 02] (subtractive decode)
[    0.881140] pci 0000:00:11.0:   bridge window [io  0x2000-0x3fff]
[    0.881167] pci 0000:00:11.0:   bridge window [mem 0xfd500000-0xfdffffff]
[    0.881218] pci 0000:00:11.0:   bridge window [mem 0xe7b00000-0xe7ffffff 64bit pref]
[    0.881220] pci 0000:00:11.0:   bridge window [mem 0x000a0000-0x000bffff window] (subtractive decode)
[    0.881221] pci 0000:00:11.0:   bridge window [mem 0x000d0000-0x000d3fff window] (subtractive decode)
[    0.881221] pci 0000:00:11.0:   bridge window [mem 0x000d4000-0x000d7fff window] (subtractive decode)
[    0.881222] pci 0000:00:11.0:   bridge window [mem 0x000d8000-0x000dbfff window] (subtractive decode)
[    0.881223] pci 0000:00:11.0:   bridge window [mem 0xc0000000-0xfebfffff window] (subtractive decode)
[    0.881223] pci 0000:00:11.0:   bridge window [io  0x0000-0x0cf7 window] (subtractive decode)
[    0.881224] pci 0000:00:11.0:   bridge window [io  0x0d00-0xfeff window] (subtractive decode)
[    0.918812] pci 0000:00:15.0: PCI bridge to [bus 03]
[    0.918846] pci 0000:00:15.0:   bridge window [io  0x4000-0x4fff]
[    0.918872] pci 0000:00:15.0:   bridge window [mem 0xfd400000-0xfd4fffff]
[    0.918923] pci 0000:00:15.0:   bridge window [mem 0xe7a00000-0xe7afffff 64bit pref]
[    0.956672] pci 0000:00:15.1: PCI bridge to [bus 04]
[    0.956705] pci 0000:00:15.1:   bridge window [io  0x8000-0x8fff]
[    0.956733] pci 0000:00:15.1:   bridge window [mem 0xfd000000-0xfd0fffff]
[    0.956784] pci 0000:00:15.1:   bridge window [mem 0xe7600000-0xe76fffff 64bit pref]
[    0.993510] pci 0000:00:15.2: PCI bridge to [bus 05]
[    0.993543] pci 0000:00:15.2:   bridge window [io  0xc000-0xcfff]
[    0.993570] pci 0000:00:15.2:   bridge window [mem 0xfcc00000-0xfccfffff]
[    0.993621] pci 0000:00:15.2:   bridge window [mem 0xe7200000-0xe72fffff 64bit pref]
[    1.031441] pci 0000:00:15.3: PCI bridge to [bus 06]
[    1.031501] pci 0000:00:15.3:   bridge window [mem 0xfc800000-0xfc8fffff]
[    1.031552] pci 0000:00:15.3:   bridge window [mem 0xe6e00000-0xe6efffff 64bit pref]
[    1.068266] pci 0000:00:15.4: PCI bridge to [bus 07]
[    1.068324] pci 0000:00:15.4:   bridge window [mem 0xfc400000-0xfc4fffff]
[    1.068375] pci 0000:00:15.4:   bridge window [mem 0xe6a00000-0xe6afffff 64bit pref]
[    1.106767] pci 0000:00:15.5: PCI bridge to [bus 08]
[    1.106767] pci 0000:00:15.5:   bridge window [mem 0xfc000000-0xfc0fffff]
[    1.106767] pci 0000:00:15.5:   bridge window [mem 0xe6600000-0xe66fffff 64bit pref]
[    1.141446] pci 0000:00:15.6: PCI bridge to [bus 09]
[    1.141502] pci 0000:00:15.6:   bridge window [mem 0xfbc00000-0xfbcfffff]
[    1.141553] pci 0000:00:15.6:   bridge window [mem 0xe6200000-0xe62fffff 64bit pref]
[    1.178767] pci 0000:00:15.7: PCI bridge to [bus 0a]
[    1.178767] pci 0000:00:15.7:   bridge window [mem 0xfb800000-0xfb8fffff]
[    1.178767] pci 0000:00:15.7:   bridge window [mem 0xe5e00000-0xe5efffff 64bit pref]
[    1.213318] pci 0000:00:16.0: PCI bridge to [bus 0b]
[    1.213351] pci 0000:00:16.0:   bridge window [io  0x5000-0x5fff]
[    1.213379] pci 0000:00:16.0:   bridge window [mem 0xfd300000-0xfd3fffff]
[    1.213431] pci 0000:00:16.0:   bridge window [mem 0xe7900000-0xe79fffff 64bit pref]
[    1.250767] pci 0000:00:16.1: PCI bridge to [bus 0c]
[    1.250767] pci 0000:00:16.1:   bridge window [io  0x9000-0x9fff]
[    1.250767] pci 0000:00:16.1:   bridge window [mem 0xfcf00000-0xfcffffff]
[    1.250767] pci 0000:00:16.1:   bridge window [mem 0xe7500000-0xe75fffff 64bit pref]
[    1.289457] pci 0000:00:16.2: PCI bridge to [bus 0d]
[    1.289492] pci 0000:00:16.2:   bridge window [io  0xd000-0xdfff]
[    1.289519] pci 0000:00:16.2:   bridge window [mem 0xfcb00000-0xfcbfffff]
[    1.289571] pci 0000:00:16.2:   bridge window [mem 0xe7100000-0xe71fffff 64bit pref]
[    1.328924] pci 0000:00:16.3: PCI bridge to [bus 0e]
[    1.328982] pci 0000:00:16.3:   bridge window [mem 0xfc700000-0xfc7fffff]
[    1.329033] pci 0000:00:16.3:   bridge window [mem 0xe6d00000-0xe6dfffff 64bit pref]
[    1.366781] pci 0000:00:16.4: PCI bridge to [bus 0f]
[    1.366781] pci 0000:00:16.4:   bridge window [mem 0xfc300000-0xfc3fffff]
[    1.366781] pci 0000:00:16.4:   bridge window [mem 0xe6900000-0xe69fffff 64bit pref]
[    1.406767] pci 0000:00:16.5: PCI bridge to [bus 10]
[    1.406767] pci 0000:00:16.5:   bridge window [mem 0xfbf00000-0xfbffffff]
[    1.406767] pci 0000:00:16.5:   bridge window [mem 0xe6500000-0xe65fffff 64bit pref]
[    1.449231] pci 0000:00:16.6: PCI bridge to [bus 11]
[    1.449290] pci 0000:00:16.6:   bridge window [mem 0xfbb00000-0xfbbfffff]
[    1.449341] pci 0000:00:16.6:   bridge window [mem 0xe6100000-0xe61fffff 64bit pref]
[    1.486767] pci 0000:00:16.7: PCI bridge to [bus 12]
[    1.486767] pci 0000:00:16.7:   bridge window [mem 0xfb700000-0xfb7fffff]
[    1.486767] pci 0000:00:16.7:   bridge window [mem 0xe5d00000-0xe5dfffff 64bit pref]
[    1.522767] pci 0000:00:17.0: PCI bridge to [bus 13]
[    1.522767] pci 0000:00:17.0:   bridge window [io  0x6000-0x6fff]
[    1.522767] pci 0000:00:17.0:   bridge window [mem 0xfd200000-0xfd2fffff]
[    1.522767] pci 0000:00:17.0:   bridge window [mem 0xe7800000-0xe78fffff 64bit pref]
[    1.561948] pci 0000:00:17.1: PCI bridge to [bus 14]
[    1.561982] pci 0000:00:17.1:   bridge window [io  0xa000-0xafff]
[    1.562009] pci 0000:00:17.1:   bridge window [mem 0xfce00000-0xfcefffff]
[    1.562060] pci 0000:00:17.1:   bridge window [mem 0xe7400000-0xe74fffff 64bit pref]
[    1.598330] pci 0000:00:17.2: PCI bridge to [bus 15]
[    1.598364] pci 0000:00:17.2:   bridge window [io  0xe000-0xefff]
[    1.598391] pci 0000:00:17.2:   bridge window [mem 0xfca00000-0xfcafffff]
[    1.598442] pci 0000:00:17.2:   bridge window [mem 0xe7000000-0xe70fffff 64bit pref]
[    1.638005] pci 0000:00:17.3: PCI bridge to [bus 16]
[    1.638067] pci 0000:00:17.3:   bridge window [mem 0xfc600000-0xfc6fffff]
[    1.638167] pci 0000:00:17.3:   bridge window [mem 0xe6c00000-0xe6cfffff 64bit pref]
[    1.674767] pci 0000:00:17.4: PCI bridge to [bus 17]
[    1.674767] pci 0000:00:17.4:   bridge window [mem 0xfc200000-0xfc2fffff]
[    1.674767] pci 0000:00:17.4:   bridge window [mem 0xe6800000-0xe68fffff 64bit pref]
[    1.710767] pci 0000:00:17.5: PCI bridge to [bus 18]
[    1.710767] pci 0000:00:17.5:   bridge window [mem 0xfbe00000-0xfbefffff]
[    1.710808] pci 0000:00:17.5:   bridge window [mem 0xe6400000-0xe64fffff 64bit pref]
[    1.750767] pci 0000:00:17.6: PCI bridge to [bus 19]
[    1.750767] pci 0000:00:17.6:   bridge window [mem 0xfba00000-0xfbafffff]
[    1.750767] pci 0000:00:17.6:   bridge window [mem 0xe6000000-0xe60fffff 64bit pref]
[    1.786767] pci 0000:00:17.7: PCI bridge to [bus 1a]
[    1.786767] pci 0000:00:17.7:   bridge window [mem 0xfb600000-0xfb6fffff]
[    1.786767] pci 0000:00:17.7:   bridge window [mem 0xe5c00000-0xe5cfffff 64bit pref]
[    1.823061] pci 0000:00:18.0: PCI bridge to [bus 1b]
[    1.823095] pci 0000:00:18.0:   bridge window [io  0x7000-0x7fff]
[    1.823122] pci 0000:00:18.0:   bridge window [mem 0xfd100000-0xfd1fffff]
[    1.823174] pci 0000:00:18.0:   bridge window [mem 0xe7700000-0xe77fffff 64bit pref]
[    1.859647] pci 0000:00:18.1: PCI bridge to [bus 1c]
[    1.859681] pci 0000:00:18.1:   bridge window [io  0xb000-0xbfff]
[    1.859708] pci 0000:00:18.1:   bridge window [mem 0xfcd00000-0xfcdfffff]
[    1.859759] pci 0000:00:18.1:   bridge window [mem 0xe7300000-0xe73fffff 64bit pref]
[    1.897686] pci 0000:00:18.2: PCI bridge to [bus 1d]
[    1.897767] pci 0000:00:18.2:   bridge window [mem 0xfc900000-0xfc9fffff]
[    1.897819] pci 0000:00:18.2:   bridge window [mem 0xe6f00000-0xe6ffffff 64bit pref]
[    1.933956] pci 0000:00:18.3: PCI bridge to [bus 1e]
[    1.934015] pci 0000:00:18.3:   bridge window [mem 0xfc500000-0xfc5fffff]
[    1.934068] pci 0000:00:18.3:   bridge window [mem 0xe6b00000-0xe6bfffff 64bit pref]
[    1.970767] pci 0000:00:18.4: PCI bridge to [bus 1f]
[    1.970767] pci 0000:00:18.4:   bridge window [mem 0xfc100000-0xfc1fffff]
[    1.970767] pci 0000:00:18.4:   bridge window [mem 0xe6700000-0xe67fffff 64bit pref]
[    2.006907] pci 0000:00:18.5: PCI bridge to [bus 20]
[    2.007003] pci 0000:00:18.5:   bridge window [mem 0xfbd00000-0xfbdfffff]
[    2.007058] pci 0000:00:18.5:   bridge window [mem 0xe6300000-0xe63fffff 64bit pref]
[    2.045005] pci 0000:00:18.6: PCI bridge to [bus 21]
[    2.045063] pci 0000:00:18.6:   bridge window [mem 0xfb900000-0xfb9fffff]
[    2.045114] pci 0000:00:18.6:   bridge window [mem 0xe5f00000-0xe5ffffff 64bit pref]
[    2.080615] pci 0000:00:18.7: PCI bridge to [bus 22]
[    2.080681] pci 0000:00:18.7:   bridge window [mem 0xfb500000-0xfb5fffff]
[    2.080732] pci 0000:00:18.7:   bridge window [mem 0xe5b00000-0xe5bfffff 64bit pref]
[    2.085056] ACPI: PCI Interrupt Link [LNKA] (IRQs 3 4 5 6 7 *9 10 11 14 15)
[    2.085166] ACPI: PCI Interrupt Link [LNKB] (IRQs 3 4 5 6 7 9 10 *11 14 15)
[    2.085271] ACPI: PCI Interrupt Link [LNKC] (IRQs 3 4 5 6 7 9 *10 11 14 15)
[    2.085377] ACPI: PCI Interrupt Link [LNKD] (IRQs 3 4 5 6 *7 9 10 11 14 15)
[    2.114213] iommu: Default domain type: Translated 
[    2.114213] SCSI subsystem initialized
[    2.114812] libata version 3.00 loaded.
[    2.114929] pci 0000:00:0f.0: vgaarb: setting as boot VGA device
[    2.114929] pci 0000:00:0f.0: vgaarb: VGA device added: decodes=io+mem,owns=io+mem,locks=none
[    2.114929] pci 0000:00:0f.0: vgaarb: bridge control possible
[    2.114929] vgaarb: loaded
[    2.114929] ACPI: bus type USB registered
[    2.114929] usbcore: registered new interface driver usbfs
[    2.114929] usbcore: registered new interface driver hub
[    2.115008] usbcore: registered new device driver usb
[    2.115024] pps_core: LinuxPPS API ver. 1 registered
[    2.115024] pps_core: Software ver. 5.3.6 - Copyright 2005-2007 Rodolfo Giometti <giometti@linux.it>
[    2.115025] PTP clock support registered
[    2.115386] EDAC MC: Ver: 3.0.0
[    2.116847] NetLabel: Initializing
[    2.116847] NetLabel:  domain hash size = 128
[    2.116847] NetLabel:  protocols = UNLABELED CIPSOv4 CALIPSO
[    2.116847] NetLabel:  unlabeled traffic allowed by default
[    2.116847] PCI: Using ACPI for IRQ routing
[    2.286767] PCI: pci_cache_line_size set to 64 bytes
[    2.286767] e820: reserve RAM buffer [mem 0x0009e800-0x0009ffff]
[    2.286767] e820: reserve RAM buffer [mem 0xbfed0000-0xbfffffff]
[    2.287524] hpet0: at MMIO 0xfed00000, IRQs 2, 8, 0, 0, 0, 0, 0, 0, 0, 0, 0, 0, 0, 0, 0, 0
[    2.287528] hpet0: 16 comparators, 64-bit 14.318180 MHz counter
[    2.290767] clocksource: Switched to clocksource tsc-early
[    2.332025] VFS: Disk quotas dquot_6.6.0
[    2.332143] VFS: Dquot-cache hash table entries: 512 (order 0, 4096 bytes)
[    2.332652] AppArmor: AppArmor Filesystem Enabled
[    2.332675] pnp: PnP ACPI init
[    2.332897] system 00:00: [io  0x1000-0x103f] has been reserved
[    2.332898] system 00:00: [io  0x1040-0x104f] has been reserved
[    2.332899] system 00:00: [io  0x0cf0-0x0cf1] has been reserved
[    2.332903] system 00:00: Plug and Play ACPI device, IDs PNP0c02 (active)
[    2.332921] pnp 00:01: Plug and Play ACPI device, IDs PNP0b00 (active)
[    2.332933] pnp 00:02: Plug and Play ACPI device, IDs PNP0303 (active)
[    2.332974] pnp 00:03: Plug and Play ACPI device, IDs VMW0003 PNP0f13 (active)
[    2.333189] system 00:04: [mem 0xfed00000-0xfed003ff] has been reserved
[    2.333191] system 00:04: Plug and Play ACPI device, IDs PNP0103 PNP0c01 (active)
[    2.334789] pnp 00:05: Plug and Play ACPI device, IDs PNP0501 (active)
[    2.335216] system 00:06: [io  0xfce0-0xfcff] has been reserved
[    2.335217] system 00:06: [mem 0xf0000000-0xf7ffffff] has been reserved
[    2.335218] system 00:06: [mem 0xfe800000-0xfe9fffff] has been reserved
[    2.335221] system 00:06: Plug and Play ACPI device, IDs PNP0c02 (active)
[    2.367760] pnp: PnP ACPI: found 7 devices
[    2.374649] clocksource: acpi_pm: mask: 0xffffff max_cycles: 0xffffff, max_idle_ns: 2085701024 ns
[    2.374751] NET: Registered protocol family 2
[    2.381751] tcp_listen_portaddr_hash hash table entries: 2048 (order: 3, 32768 bytes, linear)
[    2.382388] TCP established hash table entries: 32768 (order: 6, 262144 bytes, linear)
[    2.384050] TCP bind hash table entries: 32768 (order: 7, 524288 bytes, linear)
[    2.384074] TCP: Hash tables configured (established 32768 bind 32768)
[    2.386012] UDP hash table entries: 2048 (order: 4, 65536 bytes, linear)
[    2.386300] UDP-Lite hash table entries: 2048 (order: 4, 65536 bytes, linear)
[    2.387146] NET: Registered protocol family 1
[    2.387150] NET: Registered protocol family 44
[    2.387168] pci 0000:00:15.3: bridge window [io  0x1000-0x0fff] to [bus 06] add_size 1000
[    2.387169] pci 0000:00:15.4: bridge window [io  0x1000-0x0fff] to [bus 07] add_size 1000
[    2.387170] pci 0000:00:15.5: bridge window [io  0x1000-0x0fff] to [bus 08] add_size 1000
[    2.387171] pci 0000:00:15.6: bridge window [io  0x1000-0x0fff] to [bus 09] add_size 1000
[    2.387172] pci 0000:00:15.7: bridge window [io  0x1000-0x0fff] to [bus 0a] add_size 1000
[    2.387173] pci 0000:00:16.3: bridge window [io  0x1000-0x0fff] to [bus 0e] add_size 1000
[    2.387173] pci 0000:00:16.4: bridge window [io  0x1000-0x0fff] to [bus 0f] add_size 1000
[    2.387174] pci 0000:00:16.5: bridge window [io  0x1000-0x0fff] to [bus 10] add_size 1000
[    2.387175] pci 0000:00:16.6: bridge window [io  0x1000-0x0fff] to [bus 11] add_size 1000
[    2.387176] pci 0000:00:16.7: bridge window [io  0x1000-0x0fff] to [bus 12] add_size 1000
[    2.387177] pci 0000:00:17.3: bridge window [io  0x1000-0x0fff] to [bus 16] add_size 1000
[    2.387178] pci 0000:00:17.4: bridge window [io  0x1000-0x0fff] to [bus 17] add_size 1000
[    2.387178] pci 0000:00:17.5: bridge window [io  0x1000-0x0fff] to [bus 18] add_size 1000
[    2.387179] pci 0000:00:17.6: bridge window [io  0x1000-0x0fff] to [bus 19] add_size 1000
[    2.387180] pci 0000:00:17.7: bridge window [io  0x1000-0x0fff] to [bus 1a] add_size 1000
[    2.387181] pci 0000:00:18.2: bridge window [io  0x1000-0x0fff] to [bus 1d] add_size 1000
[    2.387181] pci 0000:00:18.3: bridge window [io  0x1000-0x0fff] to [bus 1e] add_size 1000
[    2.387182] pci 0000:00:18.4: bridge window [io  0x1000-0x0fff] to [bus 1f] add_size 1000
[    2.387183] pci 0000:00:18.5: bridge window [io  0x1000-0x0fff] to [bus 20] add_size 1000
[    2.387184] pci 0000:00:18.6: bridge window [io  0x1000-0x0fff] to [bus 21] add_size 1000
[    2.387184] pci 0000:00:18.7: bridge window [io  0x1000-0x0fff] to [bus 22] add_size 1000
[    2.387215] pci 0000:00:0f.0: BAR 6: assigned [mem 0xc0000000-0xc0007fff pref]
[    2.387216] pci 0000:00:10.0: BAR 6: assigned [mem 0xc0008000-0xc000bfff pref]
[    2.387218] pci 0000:00:15.3: BAR 13: no space for [io  size 0x1000]
[    2.387219] pci 0000:00:15.3: BAR 13: failed to assign [io  size 0x1000]
[    2.387220] pci 0000:00:15.4: BAR 13: no space for [io  size 0x1000]
[    2.387221] pci 0000:00:15.4: BAR 13: failed to assign [io  size 0x1000]
[    2.387222] pci 0000:00:15.5: BAR 13: no space for [io  size 0x1000]
[    2.387223] pci 0000:00:15.5: BAR 13: failed to assign [io  size 0x1000]
[    2.387224] pci 0000:00:15.6: BAR 13: no space for [io  size 0x1000]
[    2.387224] pci 0000:00:15.6: BAR 13: failed to assign [io  size 0x1000]
[    2.387225] pci 0000:00:15.7: BAR 13: no space for [io  size 0x1000]
[    2.387226] pci 0000:00:15.7: BAR 13: failed to assign [io  size 0x1000]
[    2.387227] pci 0000:00:16.3: BAR 13: no space for [io  size 0x1000]
[    2.387227] pci 0000:00:16.3: BAR 13: failed to assign [io  size 0x1000]
[    2.387228] pci 0000:00:16.4: BAR 13: no space for [io  size 0x1000]
[    2.387229] pci 0000:00:16.4: BAR 13: failed to assign [io  size 0x1000]
[    2.387230] pci 0000:00:16.5: BAR 13: no space for [io  size 0x1000]
[    2.387230] pci 0000:00:16.5: BAR 13: failed to assign [io  size 0x1000]
[    2.387231] pci 0000:00:16.6: BAR 13: no space for [io  size 0x1000]
[    2.387232] pci 0000:00:16.6: BAR 13: failed to assign [io  size 0x1000]
[    2.387233] pci 0000:00:16.7: BAR 13: no space for [io  size 0x1000]
[    2.387233] pci 0000:00:16.7: BAR 13: failed to assign [io  size 0x1000]
[    2.387234] pci 0000:00:17.3: BAR 13: no space for [io  size 0x1000]
[    2.387235] pci 0000:00:17.3: BAR 13: failed to assign [io  size 0x1000]
[    2.387236] pci 0000:00:17.4: BAR 13: no space for [io  size 0x1000]
[    2.387236] pci 0000:00:17.4: BAR 13: failed to assign [io  size 0x1000]
[    2.387237] pci 0000:00:17.5: BAR 13: no space for [io  size 0x1000]
[    2.387238] pci 0000:00:17.5: BAR 13: failed to assign [io  size 0x1000]
[    2.387254] pci 0000:00:17.6: BAR 13: no space for [io  size 0x1000]
[    2.387254] pci 0000:00:17.6: BAR 13: failed to assign [io  size 0x1000]
[    2.387255] pci 0000:00:17.7: BAR 13: no space for [io  size 0x1000]
[    2.387256] pci 0000:00:17.7: BAR 13: failed to assign [io  size 0x1000]
[    2.387257] pci 0000:00:18.2: BAR 13: no space for [io  size 0x1000]
[    2.387258] pci 0000:00:18.2: BAR 13: failed to assign [io  size 0x1000]
[    2.387259] pci 0000:00:18.3: BAR 13: no space for [io  size 0x1000]
[    2.387259] pci 0000:00:18.3: BAR 13: failed to assign [io  size 0x1000]
[    2.387260] pci 0000:00:18.4: BAR 13: no space for [io  size 0x1000]
[    2.387261] pci 0000:00:18.4: BAR 13: failed to assign [io  size 0x1000]
[    2.387262] pci 0000:00:18.5: BAR 13: no space for [io  size 0x1000]
[    2.387262] pci 0000:00:18.5: BAR 13: failed to assign [io  size 0x1000]
[    2.387263] pci 0000:00:18.6: BAR 13: no space for [io  size 0x1000]
[    2.387264] pci 0000:00:18.6: BAR 13: failed to assign [io  size 0x1000]
[    2.387265] pci 0000:00:18.7: BAR 13: no space for [io  size 0x1000]
[    2.387265] pci 0000:00:18.7: BAR 13: failed to assign [io  size 0x1000]
[    2.387268] pci 0000:00:18.7: BAR 13: no space for [io  size 0x1000]
[    2.387268] pci 0000:00:18.7: BAR 13: failed to assign [io  size 0x1000]
[    2.387269] pci 0000:00:18.6: BAR 13: no space for [io  size 0x1000]
[    2.387270] pci 0000:00:18.6: BAR 13: failed to assign [io  size 0x1000]
[    2.387271] pci 0000:00:18.5: BAR 13: no space for [io  size 0x1000]
[    2.387272] pci 0000:00:18.5: BAR 13: failed to assign [io  size 0x1000]
[    2.387273] pci 0000:00:18.4: BAR 13: no space for [io  size 0x1000]
[    2.387273] pci 0000:00:18.4: BAR 13: failed to assign [io  size 0x1000]
[    2.387274] pci 0000:00:18.3: BAR 13: no space for [io  size 0x1000]
[    2.387275] pci 0000:00:18.3: BAR 13: failed to assign [io  size 0x1000]
[    2.387276] pci 0000:00:18.2: BAR 13: no space for [io  size 0x1000]
[    2.387276] pci 0000:00:18.2: BAR 13: failed to assign [io  size 0x1000]
[    2.387277] pci 0000:00:17.7: BAR 13: no space for [io  size 0x1000]
[    2.387278] pci 0000:00:17.7: BAR 13: failed to assign [io  size 0x1000]
[    2.387279] pci 0000:00:17.6: BAR 13: no space for [io  size 0x1000]
[    2.387279] pci 0000:00:17.6: BAR 13: failed to assign [io  size 0x1000]
[    2.387280] pci 0000:00:17.5: BAR 13: no space for [io  size 0x1000]
[    2.387281] pci 0000:00:17.5: BAR 13: failed to assign [io  size 0x1000]
[    2.387282] pci 0000:00:17.4: BAR 13: no space for [io  size 0x1000]
[    2.387282] pci 0000:00:17.4: BAR 13: failed to assign [io  size 0x1000]
[    2.387283] pci 0000:00:17.3: BAR 13: no space for [io  size 0x1000]
[    2.387284] pci 0000:00:17.3: BAR 13: failed to assign [io  size 0x1000]
[    2.387285] pci 0000:00:16.7: BAR 13: no space for [io  size 0x1000]
[    2.387285] pci 0000:00:16.7: BAR 13: failed to assign [io  size 0x1000]
[    2.387286] pci 0000:00:16.6: BAR 13: no space for [io  size 0x1000]
[    2.387287] pci 0000:00:16.6: BAR 13: failed to assign [io  size 0x1000]
[    2.387288] pci 0000:00:16.5: BAR 13: no space for [io  size 0x1000]
[    2.387288] pci 0000:00:16.5: BAR 13: failed to assign [io  size 0x1000]
[    2.387289] pci 0000:00:16.4: BAR 13: no space for [io  size 0x1000]
[    2.387290] pci 0000:00:16.4: BAR 13: failed to assign [io  size 0x1000]
[    2.387291] pci 0000:00:16.3: BAR 13: no space for [io  size 0x1000]
[    2.387291] pci 0000:00:16.3: BAR 13: failed to assign [io  size 0x1000]
[    2.387292] pci 0000:00:15.7: BAR 13: no space for [io  size 0x1000]
[    2.387293] pci 0000:00:15.7: BAR 13: failed to assign [io  size 0x1000]
[    2.387294] pci 0000:00:15.6: BAR 13: no space for [io  size 0x1000]
[    2.387294] pci 0000:00:15.6: BAR 13: failed to assign [io  size 0x1000]
[    2.387295] pci 0000:00:15.5: BAR 13: no space for [io  size 0x1000]
[    2.387296] pci 0000:00:15.5: BAR 13: failed to assign [io  size 0x1000]
[    2.387297] pci 0000:00:15.4: BAR 13: no space for [io  size 0x1000]
[    2.387297] pci 0000:00:15.4: BAR 13: failed to assign [io  size 0x1000]
[    2.387298] pci 0000:00:15.3: BAR 13: no space for [io  size 0x1000]
[    2.387299] pci 0000:00:15.3: BAR 13: failed to assign [io  size 0x1000]
[    2.387300] pci 0000:00:01.0: PCI bridge to [bus 01]
[    2.387667] pci 0000:02:01.0: BAR 6: assigned [mem 0xfd500000-0xfd50ffff pref]
[    2.387668] pci 0000:02:05.0: BAR 6: assigned [mem 0xfd510000-0xfd51ffff pref]
[    2.387669] pci 0000:00:11.0: PCI bridge to [bus 02]
[    2.387707] pci 0000:00:11.0:   bridge window [io  0x2000-0x3fff]
[    2.387769] pci 0000:00:11.0:   bridge window [mem 0xfd500000-0xfdffffff]
[    2.387797] pci 0000:00:11.0:   bridge window [mem 0xe7b00000-0xe7ffffff 64bit pref]
[    2.387852] pci 0000:00:15.0: PCI bridge to [bus 03]
[    2.387877] pci 0000:00:15.0:   bridge window [io  0x4000-0x4fff]
[    2.387943] pci 0000:00:15.0:   bridge window [mem 0xfd400000-0xfd4fffff]
[    2.387983] pci 0000:00:15.0:   bridge window [mem 0xe7a00000-0xe7afffff 64bit pref]
[    2.388088] pci 0000:00:15.1: PCI bridge to [bus 04]
[    2.388119] pci 0000:00:15.1:   bridge window [io  0x8000-0x8fff]
[    2.388157] pci 0000:00:15.1:   bridge window [mem 0xfd000000-0xfd0fffff]
[    2.388183] pci 0000:00:15.1:   bridge window [mem 0xe7600000-0xe76fffff 64bit pref]
[    2.388258] pci 0000:00:15.2: PCI bridge to [bus 05]
[    2.388275] pci 0000:00:15.2:   bridge window [io  0xc000-0xcfff]
[    2.388315] pci 0000:00:15.2:   bridge window [mem 0xfcc00000-0xfccfffff]
[    2.388341] pci 0000:00:15.2:   bridge window [mem 0xe7200000-0xe72fffff 64bit pref]
[    2.388425] pci 0000:00:15.3: PCI bridge to [bus 06]
[    2.388464] pci 0000:00:15.3:   bridge window [mem 0xfc800000-0xfc8fffff]
[    2.388489] pci 0000:00:15.3:   bridge window [mem 0xe6e00000-0xe6efffff 64bit pref]
[    2.388563] pci 0000:00:15.4: PCI bridge to [bus 07]
[    2.388602] pci 0000:00:15.4:   bridge window [mem 0xfc400000-0xfc4fffff]
[    2.388627] pci 0000:00:15.4:   bridge window [mem 0xe6a00000-0xe6afffff 64bit pref]
[    2.388702] pci 0000:00:15.5: PCI bridge to [bus 08]
[    2.388741] pci 0000:00:15.5:   bridge window [mem 0xfc000000-0xfc0fffff]
[    2.388767] pci 0000:00:15.5:   bridge window [mem 0xe6600000-0xe66fffff 64bit pref]
[    2.388841] pci 0000:00:15.6: PCI bridge to [bus 09]
[    2.388881] pci 0000:00:15.6:   bridge window [mem 0xfbc00000-0xfbcfffff]
[    2.388906] pci 0000:00:15.6:   bridge window [mem 0xe6200000-0xe62fffff 64bit pref]
[    2.388980] pci 0000:00:15.7: PCI bridge to [bus 0a]
[    2.389018] pci 0000:00:15.7:   bridge window [mem 0xfb800000-0xfb8fffff]
[    2.389044] pci 0000:00:15.7:   bridge window [mem 0xe5e00000-0xe5efffff 64bit pref]
[    2.389117] pci 0000:00:16.0: PCI bridge to [bus 0b]
[    2.389135] pci 0000:00:16.0:   bridge window [io  0x5000-0x5fff]
[    2.389174] pci 0000:00:16.0:   bridge window [mem 0xfd300000-0xfd3fffff]
[    2.389199] pci 0000:00:16.0:   bridge window [mem 0xe7900000-0xe79fffff 64bit pref]
[    2.389273] pci 0000:00:16.1: PCI bridge to [bus 0c]
[    2.389290] pci 0000:00:16.1:   bridge window [io  0x9000-0x9fff]
[    2.389329] pci 0000:00:16.1:   bridge window [mem 0xfcf00000-0xfcffffff]
[    2.389355] pci 0000:00:16.1:   bridge window [mem 0xe7500000-0xe75fffff 64bit pref]
[    2.389435] pci 0000:00:16.2: PCI bridge to [bus 0d]
[    2.389452] pci 0000:00:16.2:   bridge window [io  0xd000-0xdfff]
[    2.389491] pci 0000:00:16.2:   bridge window [mem 0xfcb00000-0xfcbfffff]
[    2.389516] pci 0000:00:16.2:   bridge window [mem 0xe7100000-0xe71fffff 64bit pref]
[    2.389589] pci 0000:00:16.3: PCI bridge to [bus 0e]
[    2.389628] pci 0000:00:16.3:   bridge window [mem 0xfc700000-0xfc7fffff]
[    2.389654] pci 0000:00:16.3:   bridge window [mem 0xe6d00000-0xe6dfffff 64bit pref]
[    2.389726] pci 0000:00:16.4: PCI bridge to [bus 0f]
[    2.389765] pci 0000:00:16.4:   bridge window [mem 0xfc300000-0xfc3fffff]
[    2.389790] pci 0000:00:16.4:   bridge window [mem 0xe6900000-0xe69fffff 64bit pref]
[    2.389863] pci 0000:00:16.5: PCI bridge to [bus 10]
[    2.389902] pci 0000:00:16.5:   bridge window [mem 0xfbf00000-0xfbffffff]
[    2.389927] pci 0000:00:16.5:   bridge window [mem 0xe6500000-0xe65fffff 64bit pref]
[    2.390001] pci 0000:00:16.6: PCI bridge to [bus 11]
[    2.390039] pci 0000:00:16.6:   bridge window [mem 0xfbb00000-0xfbbfffff]
[    2.390065] pci 0000:00:16.6:   bridge window [mem 0xe6100000-0xe61fffff 64bit pref]
[    2.390138] pci 0000:00:16.7: PCI bridge to [bus 12]
[    2.390176] pci 0000:00:16.7:   bridge window [mem 0xfb700000-0xfb7fffff]
[    2.390202] pci 0000:00:16.7:   bridge window [mem 0xe5d00000-0xe5dfffff 64bit pref]
[    2.390275] pci 0000:00:17.0: PCI bridge to [bus 13]
[    2.390292] pci 0000:00:17.0:   bridge window [io  0x6000-0x6fff]
[    2.390331] pci 0000:00:17.0:   bridge window [mem 0xfd200000-0xfd2fffff]
[    2.390357] pci 0000:00:17.0:   bridge window [mem 0xe7800000-0xe78fffff 64bit pref]
[    2.390437] pci 0000:00:17.1: PCI bridge to [bus 14]
[    2.390454] pci 0000:00:17.1:   bridge window [io  0xa000-0xafff]
[    2.390493] pci 0000:00:17.1:   bridge window [mem 0xfce00000-0xfcefffff]
[    2.390519] pci 0000:00:17.1:   bridge window [mem 0xe7400000-0xe74fffff 64bit pref]
[    2.390592] pci 0000:00:17.2: PCI bridge to [bus 15]
[    2.390610] pci 0000:00:17.2:   bridge window [io  0xe000-0xefff]
[    2.390649] pci 0000:00:17.2:   bridge window [mem 0xfca00000-0xfcafffff]
[    2.390674] pci 0000:00:17.2:   bridge window [mem 0xe7000000-0xe70fffff 64bit pref]
[    2.390750] pci 0000:00:17.3: PCI bridge to [bus 16]
[    2.390789] pci 0000:00:17.3:   bridge window [mem 0xfc600000-0xfc6fffff]
[    2.390815] pci 0000:00:17.3:   bridge window [mem 0xe6c00000-0xe6cfffff 64bit pref]
[    2.390888] pci 0000:00:17.4: PCI bridge to [bus 17]
[    2.390926] pci 0000:00:17.4:   bridge window [mem 0xfc200000-0xfc2fffff]
[    2.390952] pci 0000:00:17.4:   bridge window [mem 0xe6800000-0xe68fffff 64bit pref]
[    2.391028] pci 0000:00:17.5: PCI bridge to [bus 18]
[    2.391066] pci 0000:00:17.5:   bridge window [mem 0xfbe00000-0xfbefffff]
[    2.391091] pci 0000:00:17.5:   bridge window [mem 0xe6400000-0xe64fffff 64bit pref]
[    2.391164] pci 0000:00:17.6: PCI bridge to [bus 19]
[    2.391203] pci 0000:00:17.6:   bridge window [mem 0xfba00000-0xfbafffff]
[    2.391228] pci 0000:00:17.6:   bridge window [mem 0xe6000000-0xe60fffff 64bit pref]
[    2.391350] pci 0000:00:17.7: PCI bridge to [bus 1a]
[    2.391433] pci 0000:00:17.7:   bridge window [mem 0xfb600000-0xfb6fffff]
[    2.391538] pci 0000:00:17.7:   bridge window [mem 0xe5c00000-0xe5cfffff 64bit pref]
[    2.391613] pci 0000:00:18.0: PCI bridge to [bus 1b]
[    2.391631] pci 0000:00:18.0:   bridge window [io  0x7000-0x7fff]
[    2.391670] pci 0000:00:18.0:   bridge window [mem 0xfd100000-0xfd1fffff]
[    2.391696] pci 0000:00:18.0:   bridge window [mem 0xe7700000-0xe77fffff 64bit pref]
[    2.391769] pci 0000:00:18.1: PCI bridge to [bus 1c]
[    2.391786] pci 0000:00:18.1:   bridge window [io  0xb000-0xbfff]
[    2.391826] pci 0000:00:18.1:   bridge window [mem 0xfcd00000-0xfcdfffff]
[    2.391852] pci 0000:00:18.1:   bridge window [mem 0xe7300000-0xe73fffff 64bit pref]
[    2.391925] pci 0000:00:18.2: PCI bridge to [bus 1d]
[    2.391964] pci 0000:00:18.2:   bridge window [mem 0xfc900000-0xfc9fffff]
[    2.391989] pci 0000:00:18.2:   bridge window [mem 0xe6f00000-0xe6ffffff 64bit pref]
[    2.392062] pci 0000:00:18.3: PCI bridge to [bus 1e]
[    2.392101] pci 0000:00:18.3:   bridge window [mem 0xfc500000-0xfc5fffff]
[    2.392126] pci 0000:00:18.3:   bridge window [mem 0xe6b00000-0xe6bfffff 64bit pref]
[    2.392200] pci 0000:00:18.4: PCI bridge to [bus 1f]
[    2.392238] pci 0000:00:18.4:   bridge window [mem 0xfc100000-0xfc1fffff]
[    2.392264] pci 0000:00:18.4:   bridge window [mem 0xe6700000-0xe67fffff 64bit pref]
[    2.392336] pci 0000:00:18.5: PCI bridge to [bus 20]
[    2.392396] pci 0000:00:18.5:   bridge window [mem 0xfbd00000-0xfbdfffff]
[    2.392422] pci 0000:00:18.5:   bridge window [mem 0xe6300000-0xe63fffff 64bit pref]
[    2.392497] pci 0000:00:18.6: PCI bridge to [bus 21]
[    2.392536] pci 0000:00:18.6:   bridge window [mem 0xfb900000-0xfb9fffff]
[    2.392561] pci 0000:00:18.6:   bridge window [mem 0xe5f00000-0xe5ffffff 64bit pref]
[    2.392634] pci 0000:00:18.7: PCI bridge to [bus 22]
[    2.392673] pci 0000:00:18.7:   bridge window [mem 0xfb500000-0xfb5fffff]
[    2.392698] pci 0000:00:18.7:   bridge window [mem 0xe5b00000-0xe5bfffff 64bit pref]
[    2.392772] pci_bus 0000:00: resource 4 [mem 0x000a0000-0x000bffff window]
[    2.392772] pci_bus 0000:00: resource 5 [mem 0x000d0000-0x000d3fff window]
[    2.392773] pci_bus 0000:00: resource 6 [mem 0x000d4000-0x000d7fff window]
[    2.392774] pci_bus 0000:00: resource 7 [mem 0x000d8000-0x000dbfff window]
[    2.392774] pci_bus 0000:00: resource 8 [mem 0xc0000000-0xfebfffff window]
[    2.392775] pci_bus 0000:00: resource 9 [io  0x0000-0x0cf7 window]
[    2.392775] pci_bus 0000:00: resource 10 [io  0x0d00-0xfeff window]
[    2.392777] pci_bus 0000:02: resource 0 [io  0x2000-0x3fff]
[    2.392777] pci_bus 0000:02: resource 1 [mem 0xfd500000-0xfdffffff]
[    2.392778] pci_bus 0000:02: resource 2 [mem 0xe7b00000-0xe7ffffff 64bit pref]
[    2.392778] pci_bus 0000:02: resource 4 [mem 0x000a0000-0x000bffff window]
[    2.392779] pci_bus 0000:02: resource 5 [mem 0x000d0000-0x000d3fff window]
[    2.392779] pci_bus 0000:02: resource 6 [mem 0x000d4000-0x000d7fff window]
[    2.392780] pci_bus 0000:02: resource 7 [mem 0x000d8000-0x000dbfff window]
[    2.392780] pci_bus 0000:02: resource 8 [mem 0xc0000000-0xfebfffff window]
[    2.392781] pci_bus 0000:02: resource 9 [io  0x0000-0x0cf7 window]
[    2.392781] pci_bus 0000:02: resource 10 [io  0x0d00-0xfeff window]
[    2.392782] pci_bus 0000:03: resource 0 [io  0x4000-0x4fff]
[    2.392783] pci_bus 0000:03: resource 1 [mem 0xfd400000-0xfd4fffff]
[    2.392784] pci_bus 0000:03: resource 2 [mem 0xe7a00000-0xe7afffff 64bit pref]
[    2.392784] pci_bus 0000:04: resource 0 [io  0x8000-0x8fff]
[    2.392785] pci_bus 0000:04: resource 1 [mem 0xfd000000-0xfd0fffff]
[    2.392785] pci_bus 0000:04: resource 2 [mem 0xe7600000-0xe76fffff 64bit pref]
[    2.392786] pci_bus 0000:05: resource 0 [io  0xc000-0xcfff]
[    2.392786] pci_bus 0000:05: resource 1 [mem 0xfcc00000-0xfccfffff]
[    2.392787] pci_bus 0000:05: resource 2 [mem 0xe7200000-0xe72fffff 64bit pref]
[    2.392788] pci_bus 0000:06: resource 1 [mem 0xfc800000-0xfc8fffff]
[    2.392788] pci_bus 0000:06: resource 2 [mem 0xe6e00000-0xe6efffff 64bit pref]
[    2.392789] pci_bus 0000:07: resource 1 [mem 0xfc400000-0xfc4fffff]
[    2.392789] pci_bus 0000:07: resource 2 [mem 0xe6a00000-0xe6afffff 64bit pref]
[    2.392790] pci_bus 0000:08: resource 1 [mem 0xfc000000-0xfc0fffff]
[    2.392790] pci_bus 0000:08: resource 2 [mem 0xe6600000-0xe66fffff 64bit pref]
[    2.392791] pci_bus 0000:09: resource 1 [mem 0xfbc00000-0xfbcfffff]
[    2.392792] pci_bus 0000:09: resource 2 [mem 0xe6200000-0xe62fffff 64bit pref]
[    2.392792] pci_bus 0000:0a: resource 1 [mem 0xfb800000-0xfb8fffff]
[    2.392793] pci_bus 0000:0a: resource 2 [mem 0xe5e00000-0xe5efffff 64bit pref]
[    2.392793] pci_bus 0000:0b: resource 0 [io  0x5000-0x5fff]
[    2.392794] pci_bus 0000:0b: resource 1 [mem 0xfd300000-0xfd3fffff]
[    2.392794] pci_bus 0000:0b: resource 2 [mem 0xe7900000-0xe79fffff 64bit pref]
[    2.392795] pci_bus 0000:0c: resource 0 [io  0x9000-0x9fff]
[    2.392796] pci_bus 0000:0c: resource 1 [mem 0xfcf00000-0xfcffffff]
[    2.392796] pci_bus 0000:0c: resource 2 [mem 0xe7500000-0xe75fffff 64bit pref]
[    2.392797] pci_bus 0000:0d: resource 0 [io  0xd000-0xdfff]
[    2.392797] pci_bus 0000:0d: resource 1 [mem 0xfcb00000-0xfcbfffff]
[    2.392798] pci_bus 0000:0d: resource 2 [mem 0xe7100000-0xe71fffff 64bit pref]
[    2.392798] pci_bus 0000:0e: resource 1 [mem 0xfc700000-0xfc7fffff]
[    2.392799] pci_bus 0000:0e: resource 2 [mem 0xe6d00000-0xe6dfffff 64bit pref]
[    2.392799] pci_bus 0000:0f: resource 1 [mem 0xfc300000-0xfc3fffff]
[    2.392800] pci_bus 0000:0f: resource 2 [mem 0xe6900000-0xe69fffff 64bit pref]
[    2.392801] pci_bus 0000:10: resource 1 [mem 0xfbf00000-0xfbffffff]
[    2.392801] pci_bus 0000:10: resource 2 [mem 0xe6500000-0xe65fffff 64bit pref]
[    2.392802] pci_bus 0000:11: resource 1 [mem 0xfbb00000-0xfbbfffff]
[    2.392802] pci_bus 0000:11: resource 2 [mem 0xe6100000-0xe61fffff 64bit pref]
[    2.392803] pci_bus 0000:12: resource 1 [mem 0xfb700000-0xfb7fffff]
[    2.392804] pci_bus 0000:12: resource 2 [mem 0xe5d00000-0xe5dfffff 64bit pref]
[    2.392804] pci_bus 0000:13: resource 0 [io  0x6000-0x6fff]
[    2.392805] pci_bus 0000:13: resource 1 [mem 0xfd200000-0xfd2fffff]
[    2.392805] pci_bus 0000:13: resource 2 [mem 0xe7800000-0xe78fffff 64bit pref]
[    2.392806] pci_bus 0000:14: resource 0 [io  0xa000-0xafff]
[    2.392806] pci_bus 0000:14: resource 1 [mem 0xfce00000-0xfcefffff]
[    2.392807] pci_bus 0000:14: resource 2 [mem 0xe7400000-0xe74fffff 64bit pref]
[    2.392808] pci_bus 0000:15: resource 0 [io  0xe000-0xefff]
[    2.392808] pci_bus 0000:15: resource 1 [mem 0xfca00000-0xfcafffff]
[    2.392809] pci_bus 0000:15: resource 2 [mem 0xe7000000-0xe70fffff 64bit pref]
[    2.392809] pci_bus 0000:16: resource 1 [mem 0xfc600000-0xfc6fffff]
[    2.392810] pci_bus 0000:16: resource 2 [mem 0xe6c00000-0xe6cfffff 64bit pref]
[    2.392810] pci_bus 0000:17: resource 1 [mem 0xfc200000-0xfc2fffff]
[    2.392811] pci_bus 0000:17: resource 2 [mem 0xe6800000-0xe68fffff 64bit pref]
[    2.392811] pci_bus 0000:18: resource 1 [mem 0xfbe00000-0xfbefffff]
[    2.392812] pci_bus 0000:18: resource 2 [mem 0xe6400000-0xe64fffff 64bit pref]
[    2.392813] pci_bus 0000:19: resource 1 [mem 0xfba00000-0xfbafffff]
[    2.392813] pci_bus 0000:19: resource 2 [mem 0xe6000000-0xe60fffff 64bit pref]
[    2.392814] pci_bus 0000:1a: resource 1 [mem 0xfb600000-0xfb6fffff]
[    2.392814] pci_bus 0000:1a: resource 2 [mem 0xe5c00000-0xe5cfffff 64bit pref]
[    2.392815] pci_bus 0000:1b: resource 0 [io  0x7000-0x7fff]
[    2.392815] pci_bus 0000:1b: resource 1 [mem 0xfd100000-0xfd1fffff]
[    2.392816] pci_bus 0000:1b: resource 2 [mem 0xe7700000-0xe77fffff 64bit pref]
[    2.392816] pci_bus 0000:1c: resource 0 [io  0xb000-0xbfff]
[    2.392817] pci_bus 0000:1c: resource 1 [mem 0xfcd00000-0xfcdfffff]
[    2.392817] pci_bus 0000:1c: resource 2 [mem 0xe7300000-0xe73fffff 64bit pref]
[    2.392818] pci_bus 0000:1d: resource 1 [mem 0xfc900000-0xfc9fffff]
[    2.392818] pci_bus 0000:1d: resource 2 [mem 0xe6f00000-0xe6ffffff 64bit pref]
[    2.392819] pci_bus 0000:1e: resource 1 [mem 0xfc500000-0xfc5fffff]
[    2.392820] pci_bus 0000:1e: resource 2 [mem 0xe6b00000-0xe6bfffff 64bit pref]
[    2.392820] pci_bus 0000:1f: resource 1 [mem 0xfc100000-0xfc1fffff]
[    2.392821] pci_bus 0000:1f: resource 2 [mem 0xe6700000-0xe67fffff 64bit pref]
[    2.392821] pci_bus 0000:20: resource 1 [mem 0xfbd00000-0xfbdfffff]
[    2.392822] pci_bus 0000:20: resource 2 [mem 0xe6300000-0xe63fffff 64bit pref]
[    2.392822] pci_bus 0000:21: resource 1 [mem 0xfb900000-0xfb9fffff]
[    2.392823] pci_bus 0000:21: resource 2 [mem 0xe5f00000-0xe5ffffff 64bit pref]
[    2.392823] pci_bus 0000:22: resource 1 [mem 0xfb500000-0xfb5fffff]
[    2.392824] pci_bus 0000:22: resource 2 [mem 0xe5b00000-0xe5bfffff 64bit pref]
[    2.393012] pci 0000:00:00.0: Limiting direct PCI/PCI transfers
[    2.393144] pci 0000:00:0f.0: Video device with shadowed ROM at [mem 0x000c0000-0x000dffff]
[    2.394577] pci 0000:02:01.0: CLS mismatch (32 != 64), using 64 bytes
[    2.395726] Trying to unpack rootfs image as initramfs...
[    3.009583] Freeing initrd memory: 50844K
[    3.009629] PCI-DMA: Using software bounce buffering for IO (SWIOTLB)
[    3.009630] software IO TLB: mapped [mem 0xbbed0000-0xbfed0000] (64MB)
[    3.009907] check: Scanning for low memory corruption every 60 seconds
[    3.012101] Initialise system trusted keyrings
[    3.012109] Key type blacklist registered
[    3.012644] workingset: timestamp_bits=36 max_order=20 bucket_order=0
[    3.013485] zbud: loaded
[    3.013746] squashfs: version 4.0 (2009/01/31) Phillip Lougher
[    3.014454] fuse: init (API version 7.31)
[    3.015406] integrity: Platform Keyring initialized
[    3.021864] Key type asymmetric registered
[    3.021865] Asymmetric key parser 'x509' registered
[    3.021873] Block layer SCSI generic (bsg) driver version 0.4 loaded (major 244)
[    3.022302] io scheduler mq-deadline registered
[    3.023728] pcieport 0000:00:15.0: PME: Signaling with IRQ 24
[    3.023842] pcieport 0000:00:15.0: pciehp: Slot #160 AttnBtn+ PwrCtrl+ MRL- AttnInd- PwrInd- HotPlug+ Surprise- Interlock- NoCompl+ IbPresDis- LLActRep+
[    3.025450] pcieport 0000:00:15.1: PME: Signaling with IRQ 25
[    3.025559] pcieport 0000:00:15.1: pciehp: Slot #161 AttnBtn+ PwrCtrl+ MRL- AttnInd- PwrInd- HotPlug+ Surprise- Interlock- NoCompl+ IbPresDis- LLActRep+
[    3.027019] pcieport 0000:00:15.2: PME: Signaling with IRQ 26
[    3.027127] pcieport 0000:00:15.2: pciehp: Slot #162 AttnBtn+ PwrCtrl+ MRL- AttnInd- PwrInd- HotPlug+ Surprise- Interlock- NoCompl+ IbPresDis- LLActRep+
[    3.028760] pcieport 0000:00:15.3: PME: Signaling with IRQ 27
[    3.028896] pcieport 0000:00:15.3: pciehp: Slot #163 AttnBtn+ PwrCtrl+ MRL- AttnInd- PwrInd- HotPlug+ Surprise- Interlock- NoCompl+ IbPresDis- LLActRep+
[    3.030376] pcieport 0000:00:15.4: PME: Signaling with IRQ 28
[    3.030496] pcieport 0000:00:15.4: pciehp: Slot #164 AttnBtn+ PwrCtrl+ MRL- AttnInd- PwrInd- HotPlug+ Surprise- Interlock- NoCompl+ IbPresDis- LLActRep+
[    3.032044] pcieport 0000:00:15.5: PME: Signaling with IRQ 29
[    3.032153] pcieport 0000:00:15.5: pciehp: Slot #165 AttnBtn+ PwrCtrl+ MRL- AttnInd- PwrInd- HotPlug+ Surprise- Interlock- NoCompl+ IbPresDis- LLActRep+
[    3.033659] pcieport 0000:00:15.6: PME: Signaling with IRQ 30
[    3.033770] pcieport 0000:00:15.6: pciehp: Slot #166 AttnBtn+ PwrCtrl+ MRL- AttnInd- PwrInd- HotPlug+ Surprise- Interlock- NoCompl+ IbPresDis- LLActRep+
[    3.035192] pcieport 0000:00:15.7: PME: Signaling with IRQ 31
[    3.035304] pcieport 0000:00:15.7: pciehp: Slot #167 AttnBtn+ PwrCtrl+ MRL- AttnInd- PwrInd- HotPlug+ Surprise- Interlock- NoCompl+ IbPresDis- LLActRep+
[    3.036838] pcieport 0000:00:16.0: PME: Signaling with IRQ 32
[    3.036949] pcieport 0000:00:16.0: pciehp: Slot #192 AttnBtn+ PwrCtrl+ MRL- AttnInd- PwrInd- HotPlug+ Surprise- Interlock- NoCompl+ IbPresDis- LLActRep+
[    3.038414] pcieport 0000:00:16.1: PME: Signaling with IRQ 33
[    3.038527] pcieport 0000:00:16.1: pciehp: Slot #193 AttnBtn+ PwrCtrl+ MRL- AttnInd- PwrInd- HotPlug+ Surprise- Interlock- NoCompl+ IbPresDis- LLActRep+
[    3.040003] pcieport 0000:00:16.2: PME: Signaling with IRQ 34
[    3.040112] pcieport 0000:00:16.2: pciehp: Slot #194 AttnBtn+ PwrCtrl+ MRL- AttnInd- PwrInd- HotPlug+ Surprise- Interlock- NoCompl+ IbPresDis- LLActRep+
[    3.041607] pcieport 0000:00:16.3: PME: Signaling with IRQ 35
[    3.041716] pcieport 0000:00:16.3: pciehp: Slot #195 AttnBtn+ PwrCtrl+ MRL- AttnInd- PwrInd- HotPlug+ Surprise- Interlock- NoCompl+ IbPresDis- LLActRep+
[    3.043102] pcieport 0000:00:16.4: PME: Signaling with IRQ 36
[    3.043211] pcieport 0000:00:16.4: pciehp: Slot #196 AttnBtn+ PwrCtrl+ MRL- AttnInd- PwrInd- HotPlug+ Surprise- Interlock- NoCompl+ IbPresDis- LLActRep+
[    3.044754] pcieport 0000:00:16.5: PME: Signaling with IRQ 37
[    3.044867] pcieport 0000:00:16.5: pciehp: Slot #197 AttnBtn+ PwrCtrl+ MRL- AttnInd- PwrInd- HotPlug+ Surprise- Interlock- NoCompl+ IbPresDis- LLActRep+
[    3.046294] pcieport 0000:00:16.6: PME: Signaling with IRQ 38
[    3.046409] pcieport 0000:00:16.6: pciehp: Slot #198 AttnBtn+ PwrCtrl+ MRL- AttnInd- PwrInd- HotPlug+ Surprise- Interlock- NoCompl+ IbPresDis- LLActRep+
[    3.047827] pcieport 0000:00:16.7: PME: Signaling with IRQ 39
[    3.047936] pcieport 0000:00:16.7: pciehp: Slot #199 AttnBtn+ PwrCtrl+ MRL- AttnInd- PwrInd- HotPlug+ Surprise- Interlock- NoCompl+ IbPresDis- LLActRep+
[    3.049386] pcieport 0000:00:17.0: PME: Signaling with IRQ 40
[    3.049498] pcieport 0000:00:17.0: pciehp: Slot #224 AttnBtn+ PwrCtrl+ MRL- AttnInd- PwrInd- HotPlug+ Surprise- Interlock- NoCompl+ IbPresDis- LLActRep+
[    3.050911] pcieport 0000:00:17.1: PME: Signaling with IRQ 41
[    3.051023] pcieport 0000:00:17.1: pciehp: Slot #225 AttnBtn+ PwrCtrl+ MRL- AttnInd- PwrInd- HotPlug+ Surprise- Interlock- NoCompl+ IbPresDis- LLActRep+
[    3.052547] pcieport 0000:00:17.2: PME: Signaling with IRQ 42
[    3.052678] pcieport 0000:00:17.2: pciehp: Slot #226 AttnBtn+ PwrCtrl+ MRL- AttnInd- PwrInd- HotPlug+ Surprise- Interlock- NoCompl+ IbPresDis- LLActRep+
[    3.054181] pcieport 0000:00:17.3: PME: Signaling with IRQ 43
[    3.054291] pcieport 0000:00:17.3: pciehp: Slot #227 AttnBtn+ PwrCtrl+ MRL- AttnInd- PwrInd- HotPlug+ Surprise- Interlock- NoCompl+ IbPresDis- LLActRep+
[    3.055831] pcieport 0000:00:17.4: PME: Signaling with IRQ 44
[    3.055941] pcieport 0000:00:17.4: pciehp: Slot #228 AttnBtn+ PwrCtrl+ MRL- AttnInd- PwrInd- HotPlug+ Surprise- Interlock- NoCompl+ IbPresDis- LLActRep+
[    3.057549] pcieport 0000:00:17.5: PME: Signaling with IRQ 45
[    3.057662] pcieport 0000:00:17.5: pciehp: Slot #229 AttnBtn+ PwrCtrl+ MRL- AttnInd- PwrInd- HotPlug+ Surprise- Interlock- NoCompl+ IbPresDis- LLActRep+
[    3.059087] pcieport 0000:00:17.6: PME: Signaling with IRQ 46
[    3.059197] pcieport 0000:00:17.6: pciehp: Slot #230 AttnBtn+ PwrCtrl+ MRL- AttnInd- PwrInd- HotPlug+ Surprise- Interlock- NoCompl+ IbPresDis- LLActRep+
[    3.060867] pcieport 0000:00:17.7: PME: Signaling with IRQ 47
[    3.060977] pcieport 0000:00:17.7: pciehp: Slot #231 AttnBtn+ PwrCtrl+ MRL- AttnInd- PwrInd- HotPlug+ Surprise- Interlock- NoCompl+ IbPresDis- LLActRep+
[    3.062434] pcieport 0000:00:18.0: PME: Signaling with IRQ 48
[    3.062545] pcieport 0000:00:18.0: pciehp: Slot #256 AttnBtn+ PwrCtrl+ MRL- AttnInd- PwrInd- HotPlug+ Surprise- Interlock- NoCompl+ IbPresDis- LLActRep+
[    3.064150] pcieport 0000:00:18.1: PME: Signaling with IRQ 49
[    3.064261] pcieport 0000:00:18.1: pciehp: Slot #257 AttnBtn+ PwrCtrl+ MRL- AttnInd- PwrInd- HotPlug+ Surprise- Interlock- NoCompl+ IbPresDis- LLActRep+
[    3.065841] pcieport 0000:00:18.2: PME: Signaling with IRQ 50
[    3.065955] pcieport 0000:00:18.2: pciehp: Slot #258 AttnBtn+ PwrCtrl+ MRL- AttnInd- PwrInd- HotPlug+ Surprise- Interlock- NoCompl+ IbPresDis- LLActRep+
[    3.067623] pcieport 0000:00:18.3: PME: Signaling with IRQ 51
[    3.067753] pcieport 0000:00:18.3: pciehp: Slot #259 AttnBtn+ PwrCtrl+ MRL- AttnInd- PwrInd- HotPlug+ Surprise- Interlock- NoCompl+ IbPresDis- LLActRep+
[    3.069295] pcieport 0000:00:18.4: PME: Signaling with IRQ 52
[    3.069410] pcieport 0000:00:18.4: pciehp: Slot #260 AttnBtn+ PwrCtrl+ MRL- AttnInd- PwrInd- HotPlug+ Surprise- Interlock- NoCompl+ IbPresDis- LLActRep+
[    3.070954] pcieport 0000:00:18.5: PME: Signaling with IRQ 53
[    3.071065] pcieport 0000:00:18.5: pciehp: Slot #261 AttnBtn+ PwrCtrl+ MRL- AttnInd- PwrInd- HotPlug+ Surprise- Interlock- NoCompl+ IbPresDis- LLActRep+
[    3.072631] pcieport 0000:00:18.6: PME: Signaling with IRQ 54
[    3.072745] pcieport 0000:00:18.6: pciehp: Slot #262 AttnBtn+ PwrCtrl+ MRL- AttnInd- PwrInd- HotPlug+ Surprise- Interlock- NoCompl+ IbPresDis- LLActRep+
[    3.074282] pcieport 0000:00:18.7: PME: Signaling with IRQ 55
[    3.074402] pcieport 0000:00:18.7: pciehp: Slot #263 AttnBtn+ PwrCtrl+ MRL- AttnInd- PwrInd- HotPlug+ Surprise- Interlock- NoCompl+ IbPresDis- LLActRep+
[    3.075529] shpchp: Standard Hot Plug PCI Controller Driver version: 0.4
[    3.075589] intel_idle: Please enable MWAIT in BIOS SETUP
[    3.076178] ACPI: AC Adapter [ACAD] (on-line)
[    3.076347] input: Power Button as /devices/LNXSYSTM:00/LNXPWRBN:00/input/input0
[    3.076414] ACPI: Power Button [PWRF]
[    3.078505] Serial: 8250/16550 driver, 32 ports, IRQ sharing enabled
[    3.101015] 00:05: ttyS0 at I/O 0x3f8 (irq = 4, base_baud = 115200) is a 16550A
[    3.153045] Linux agpgart interface v0.103
[    3.153176] agpgart-intel 0000:00:00.0: Intel 440BX Chipset
[    3.161420] agpgart-intel 0000:00:00.0: AGP aperture is 256M @ 0x0
[    3.185185] loop: module loaded
[    3.185978] ata_piix 0000:00:07.1: version 2.13
[    3.187766] scsi host0: ata_piix
[    3.188748] scsi host1: ata_piix
[    3.188827] ata1: PATA max UDMA/33 cmd 0x1f0 ctl 0x3f6 bmdma 0x1060 irq 14
[    3.188828] ata2: PATA max UDMA/33 cmd 0x170 ctl 0x376 bmdma 0x1068 irq 15
[    3.189329] libphy: Fixed MDIO Bus: probed
[    3.189330] tun: Universal TUN/TAP device driver, 1.6
[    3.189582] PPP generic driver version 2.4.2
[    3.189731] VFIO - User Level meta-driver version: 0.3
[    3.190457] ehci_hcd: USB 2.0 'Enhanced' Host Controller (EHCI) Driver
[    3.190460] ehci-pci: EHCI PCI platform driver
[    3.190904] ehci-pci 0000:02:03.0: EHCI Host Controller
[    3.190908] ehci-pci 0000:02:03.0: new USB bus registered, assigned bus number 1
[    3.191237] ehci-pci 0000:02:03.0: cache line size of 64 is not supported
[    3.191293] ehci-pci 0000:02:03.0: irq 17, io mem 0xfd5ef000
[    3.205457] ehci-pci 0000:02:03.0: USB 2.0 started, EHCI 1.00
[    3.205518] usb usb1: New USB device found, idVendor=1d6b, idProduct=0002, bcdDevice= 5.08
[    3.205520] usb usb1: New USB device strings: Mfr=3, Product=2, SerialNumber=1
[    3.205520] usb usb1: Product: EHCI Host Controller
[    3.205521] usb usb1: Manufacturer: Linux 5.8.0-44-generic ehci_hcd
[    3.205521] usb usb1: SerialNumber: 0000:02:03.0
[    3.205634] hub 1-0:1.0: USB hub found
[    3.205637] hub 1-0:1.0: 6 ports detected
[    3.206098] ehci-platform: EHCI generic platform driver
[    3.206144] ohci_hcd: USB 1.1 'Open' Host Controller (OHCI) Driver
[    3.206147] ohci-pci: OHCI PCI platform driver
[    3.206159] ohci-platform: OHCI generic platform driver
[    3.206163] uhci_hcd: USB Universal Host Controller Interface driver
[    3.206780] uhci_hcd 0000:02:00.0: UHCI Host Controller
[    3.206784] uhci_hcd 0000:02:00.0: new USB bus registered, assigned bus number 2
[    3.206820] uhci_hcd 0000:02:00.0: detected 2 ports
[    3.207023] uhci_hcd 0000:02:00.0: irq 18, io base 0x00002080
[    3.207165] usb usb2: New USB device found, idVendor=1d6b, idProduct=0001, bcdDevice= 5.08
[    3.207166] usb usb2: New USB device strings: Mfr=3, Product=2, SerialNumber=1
[    3.207167] usb usb2: Product: UHCI Host Controller
[    3.207168] usb usb2: Manufacturer: Linux 5.8.0-44-generic uhci_hcd
[    3.207168] usb usb2: SerialNumber: 0000:02:00.0
[    3.207261] hub 2-0:1.0: USB hub found
[    3.207266] hub 2-0:1.0: 2 ports detected
[    3.207515] i8042: PNP: PS/2 Controller [PNP0303:KBC,PNP0f13:MOUS] at 0x60,0x64 irq 1,12
[    3.208675] serio: i8042 KBD port at 0x60,0x64 irq 1
[    3.208678] serio: i8042 AUX port at 0x60,0x64 irq 12
[    3.208815] mousedev: PS/2 mouse device common for all mice
[    3.230599] rtc_cmos 00:01: registered as rtc0
[    3.231142] rtc_cmos 00:01: setting system clock to 2021-03-14T05:54:31 UTC (1615701271)
[    3.231224] rtc_cmos 00:01: alarms up to one month, y3k, 114 bytes nvram, hpet irqs
[    3.231417] i2c /dev entries driver
[    3.231475] device-mapper: uevent: version 1.0.3
[    3.231887] input: AT Translated Set 2 keyboard as /devices/platform/i8042/serio0/input/input1
[    3.232286] device-mapper: ioctl: 4.42.0-ioctl (2020-02-27) initialised: dm-devel@redhat.com
[    3.232312] platform eisa.0: Probing EISA bus 0
[    3.232321] platform eisa.0: EISA: Cannot allocate resource for mainboard
[    3.232328] platform eisa.0: Cannot allocate resource for EISA slot 1
[    3.232335] platform eisa.0: Cannot allocate resource for EISA slot 2
[    3.232342] platform eisa.0: Cannot allocate resource for EISA slot 3
[    3.232349] platform eisa.0: Cannot allocate resource for EISA slot 4
[    3.232356] platform eisa.0: Cannot allocate resource for EISA slot 5
[    3.232363] platform eisa.0: Cannot allocate resource for EISA slot 6
[    3.232370] platform eisa.0: Cannot allocate resource for EISA slot 7
[    3.232376] platform eisa.0: Cannot allocate resource for EISA slot 8
[    3.232383] platform eisa.0: EISA: Detected 0 cards
[    3.232391] intel_pstate: CPU model not supported
[    3.233845] ledtrig-cpu: registered to indicate activity on CPUs
[    3.234147] intel_pmc_core intel_pmc_core.0:  initialized
[    3.234355] drop_monitor: Initializing network drop monitor service
[    3.234756] NET: Registered protocol family 10
[    3.250959] Segment Routing with IPv6
[    3.250987] NET: Registered protocol family 17
[    3.251525] Key type dns_resolver registered
[    3.252984] IPI shorthand broadcast: enabled
[    3.252997] sched_clock: Marking stable (3226478497, 26333254)->(4402987618, -1150175867)
[    3.253472] registered taskstats version 1
[    3.253488] Loading compiled-in X.509 certificates
[    3.255009] Loaded X.509 cert 'Build time autogenerated kernel key: a3e9eb9032099963d398e4d4d5991ce491952397'
[    3.255392] zswap: loaded using pool lzo/zbud
[    3.256795] Key type ._fscrypt registered
[    3.256802] Key type .fscrypt registered
[    3.256808] Key type fscrypt-provisioning registered
[    3.262097] Key type encrypted registered
[    3.262107] AppArmor: AppArmor sha1 policy hashing enabled
[    3.262118] ima: No TPM chip found, activating TPM-bypass!
[    3.262131] ima: Allocated hash algorithm: sha1
[    3.262142] ima: No architecture policies found
[    3.262155] evm: Initialising EVM extended attributes:
[    3.262161] evm: security.selinux
[    3.262167] evm: security.SMACK64
[    3.262174] evm: security.SMACK64EXEC
[    3.262180] evm: security.SMACK64TRANSMUTE
[    3.262186] evm: security.SMACK64MMAP
[    3.262192] evm: security.apparmor
[    3.262198] evm: security.ima
[    3.262204] evm: security.capability
[    3.262210] evm: HMAC attrs: 0x1
[    3.264106] PM:   Magic number: 13:451:921
[    3.264170] clockevents clockevent14: hash matches
[    3.264322] acpi device:ef: hash matches
[    3.264530] acpi PNP0501:17: hash matches
[    3.265141] RAS: Correctable Errors collector initialized.
[    3.398767] Freeing unused decrypted memory: 2040K
[    3.399251] Freeing unused kernel image (initmem) memory: 2640K
[    3.399265] Write protecting the kernel read-only data: 22528k
[    3.400295] Freeing unused kernel image (text/rodata gap) memory: 2044K
[    3.400703] Freeing unused kernel image (rodata/data gap) memory: 756K
[    3.441963] x86/mm: Checked W+X mappings: passed, no W+X pages found.
[    3.442046] Run /init as init process
[    3.442054]   with arguments:
[    3.442060]     /init
[    3.442066]     auto
[    3.442073]     noprompt
[    3.442079]   with environment:
[    3.442085]     HOME=/
[    3.442091]     TERM=linux
[    3.442097]     BOOT_IMAGE=/boot/vmlinuz-5.8.0-44-generic
[    3.442104]     find_preseed=/preseed.cfg
[    3.442110]     priority=critical
[    3.442116]     locale=en_US
[    3.550025] usb 2-1: new full-speed USB device number 2 using uhci_hcd
[    3.719851] piix4_smbus 0000:00:07.3: SMBus Host Controller not enabled!
[    3.724270] input: VirtualPS/2 VMware VMMouse as /devices/platform/i8042/serio1/input/input4
[    3.725430] input: VirtualPS/2 VMware VMMouse as /devices/platform/i8042/serio1/input/input3
[    3.728071] ahci 0000:02:05.0: version 3.0
[    3.728446] Fusion MPT base driver 3.04.20
[    3.728446] Copyright (c) 1999-2008 LSI Corporation
[    3.728568] e1000: Intel(R) PRO/1000 Network Driver - version 7.3.21-k8-NAPI
[    3.728569] e1000: Copyright (c) 1999-2006 Intel Corporation.
[    3.730621] ahci 0000:02:05.0: AHCI 0001.0300 32 slots 30 ports 6 Gbps 0x3fffffff impl SATA mode
[    3.730622] ahci 0000:02:05.0: flags: 64bit ncq clo only 
[    3.731655] Fusion MPT SPI Host driver 3.04.20
[    3.732728] mptbase: ioc0: Initiating bringup
[    3.748994] usb 2-1: New USB device found, idVendor=0e0f, idProduct=0003, bcdDevice= 1.03
[    3.748995] usb 2-1: New USB device strings: Mfr=1, Product=2, SerialNumber=0
[    3.748996] usb 2-1: Product: VMware Virtual USB Mouse
[    3.748997] usb 2-1: Manufacturer: VMware
[    3.749208] scsi host2: ahci
[    3.749811] scsi host3: ahci
[    3.750162] scsi host4: ahci
[    3.750650] scsi host5: ahci
[    3.750980] scsi host6: ahci
[    3.751706] scsi host7: ahci
[    3.752128] scsi host8: ahci
[    3.752664] scsi host9: ahci
[    3.753124] scsi host10: ahci
[    3.753759] scsi host11: ahci
[    3.754187] scsi host12: ahci
[    3.754637] scsi host13: ahci
[    3.755304] scsi host14: ahci
[    3.756018] scsi host15: ahci
[    3.756759] scsi host16: ahci
[    3.757517] scsi host17: ahci
[    3.758167] scsi host18: ahci
[    3.763093] scsi host19: ahci
[    3.763697] scsi host20: ahci
[    3.764312] scsi host21: ahci
[    3.766019] scsi host22: ahci
[    3.766648] scsi host23: ahci
[    3.767311] scsi host24: ahci
[    3.767805] scsi host25: ahci
[    3.769417] scsi host26: ahci
[    3.769976] scsi host27: ahci
[    3.770520] scsi host28: ahci
[    3.771586] scsi host29: ahci
[    3.772049] scsi host30: ahci
[    3.772653] scsi host31: ahci
[    3.773011] ata3: SATA max UDMA/133 abar m4096@0xfd5ee000 port 0xfd5ee100 irq 56
[    3.773012] ata4: SATA max UDMA/133 abar m4096@0xfd5ee000 port 0xfd5ee180 irq 56
[    3.773013] ata5: SATA max UDMA/133 abar m4096@0xfd5ee000 port 0xfd5ee200 irq 56
[    3.773014] ata6: SATA max UDMA/133 abar m4096@0xfd5ee000 port 0xfd5ee280 irq 56
[    3.773015] ata7: SATA max UDMA/133 abar m4096@0xfd5ee000 port 0xfd5ee300 irq 56
[    3.773015] ata8: SATA max UDMA/133 abar m4096@0xfd5ee000 port 0xfd5ee380 irq 56
[    3.773016] ata9: SATA max UDMA/133 abar m4096@0xfd5ee000 port 0xfd5ee400 irq 56
[    3.773017] ata10: SATA max UDMA/133 abar m4096@0xfd5ee000 port 0xfd5ee480 irq 56
[    3.773018] ata11: SATA max UDMA/133 abar m4096@0xfd5ee000 port 0xfd5ee500 irq 56
[    3.773019] ata12: SATA max UDMA/133 abar m4096@0xfd5ee000 port 0xfd5ee580 irq 56
[    3.773020] ata13: SATA max UDMA/133 abar m4096@0xfd5ee000 port 0xfd5ee600 irq 56
[    3.773020] ata14: SATA max UDMA/133 abar m4096@0xfd5ee000 port 0xfd5ee680 irq 56
[    3.773021] ata15: SATA max UDMA/133 abar m4096@0xfd5ee000 port 0xfd5ee700 irq 56
[    3.773022] ata16: SATA max UDMA/133 abar m4096@0xfd5ee000 port 0xfd5ee780 irq 56
[    3.773023] ata17: SATA max UDMA/133 abar m4096@0xfd5ee000 port 0xfd5ee800 irq 56
[    3.773024] ata18: SATA max UDMA/133 abar m4096@0xfd5ee000 port 0xfd5ee880 irq 56
[    3.773024] ata19: SATA max UDMA/133 abar m4096@0xfd5ee000 port 0xfd5ee900 irq 56
[    3.773025] ata20: SATA max UDMA/133 abar m4096@0xfd5ee000 port 0xfd5ee980 irq 56
[    3.773026] ata21: SATA max UDMA/133 abar m4096@0xfd5ee000 port 0xfd5eea00 irq 56
