[    0.000000] Linux version 5.8.0-44-generic (buildd@lgw01-amd64-054) (gcc (Ubuntu 9.3.0-17ubuntu1~20.04) 9.3.0, GNU ld (GNU Binutils for Ubuntu) 2.34) #50~20.04.1-Ubuntu SMP Wed Feb 10 21:07:30 UTC 2021 (Ubuntu 5.8.0-44.50~20.04.1-generic 5.8.18)
[    0.000000] Command line: BOOT_IMAGE=/boot/vmlinuz-5.8.0-44-generic root=UUID=22a9d688-4e4b-4558-9d81-58847257ab72 ro find_preseed=/preseed.cfg auto noprompt priority=critical locale=en_US quiet
[    0.000000] KERNEL supported cpus:
[    0.000000]   Intel GenuineIntel
[    0.000000]   AMD AuthenticAMD
[    0.000000]   Hygon HygonGenuine
[    0.000000]   Centaur CentaurHauls
[    0.000000]   zhaoxin   Shanghai  
[    0.000000] Disabled fast string operations
[    0.000000] x86/fpu: Supporting XSAVE feature 0x001: 'x87 floating point registers'
[    0.000000] x86/fpu: Supporting XSAVE feature 0x002: 'SSE registers'
[    0.000000] x86/fpu: Supporting XSAVE feature 0x004: 'AVX registers'
[    0.000000] x86/fpu: xstate_offset[2]:  576, xstate_sizes[2]:  256
[    0.000000] x86/fpu: Enabled xstate features 0x7, context size is 832 bytes, using 'compacted' format.
[    0.000000] BIOS-provided physical RAM map:
[    0.000000] BIOS-e820: [mem 0x0000000000000000-0x000000000009e7ff] usable
[    0.000000] BIOS-e820: [mem 0x000000000009e800-0x000000000009ffff] reserved
[    0.000000] BIOS-e820: [mem 0x00000000000dc000-0x00000000000fffff] reserved
[    0.000000] BIOS-e820: [mem 0x0000000000100000-0x00000000bfecffff] usable
[    0.000000] BIOS-e820: [mem 0x00000000bfed0000-0x00000000bfefefff] ACPI data
[    0.000000] BIOS-e820: [mem 0x00000000bfeff000-0x00000000bfefffff] ACPI NVS
[    0.000000] BIOS-e820: [mem 0x00000000bff00000-0x00000000bfffffff] usable
[    0.000000] BIOS-e820: [mem 0x00000000f0000000-0x00000000f7ffffff] reserved
[    0.000000] BIOS-e820: [mem 0x00000000fec00000-0x00000000fec0ffff] reserved
[    0.000000] BIOS-e820: [mem 0x00000000fee00000-0x00000000fee00fff] reserved
[    0.000000] BIOS-e820: [mem 0x00000000fffe0000-0x00000000ffffffff] reserved
[    0.000000] BIOS-e820: [mem 0x0000000100000000-0x000000013fffffff] usable
[    0.000000] NX (Execute Disable) protection: active
[    0.000000] SMBIOS 2.7 present.
[    0.000000] DMI: VMware, Inc. VMware Virtual Platform/440BX Desktop Reference Platform, BIOS 6.00 07/22/2020
[    0.000000] vmware: hypercall mode: 0x02
[    0.000000] Hypervisor detected: VMware
[    0.000000] vmware: TSC freq read from hypervisor : 2112.005 MHz
[    0.000000] vmware: Host bus clock speed read from hypervisor : 66000000 Hz
[    0.000000] vmware: using clock offset of 32995383843 ns
[    0.000042] tsc: Detected 2112.005 MHz processor
[    0.000236] e820: update [mem 0x00000000-0x00000fff] usable ==> reserved
[    0.000381] e820: remove [mem 0x000a0000-0x000fffff] usable
[    0.000509] last_pfn = 0x140000 max_arch_pfn = 0x400000000
[    0.000620] MTRR default type: uncachable
[    0.000717] MTRR fixed ranges enabled:
[    0.000803]   00000-9FFFF write-back
[    0.000877]   A0000-BFFFF uncachable
[    0.000943]   C0000-CFFFF write-protect
[    0.001000]   D0000-EFFFF uncachable
[    0.001050]   F0000-FFFFF write-protect
[    0.001093] MTRR variable ranges enabled:
[    0.001132]   0 base 000000000000 mask 1FE000000000 write-back
[    0.001165]   1 base 0000C0000000 mask 1FFFC0000000 uncachable
[    0.001195]   2 disabled
[    0.001220]   3 disabled
[    0.001243]   4 disabled
[    0.001262]   5 disabled
[    0.001279]   6 disabled
[    0.001294]   7 disabled
[    0.001308] x86/PAT: Configuration [0-7]: WB  WC  UC- UC  WB  WP  UC- WT  
[    0.001319] total RAM covered: 130048M
[    0.001329] Found optimal setting for mtrr clean up
[    0.001338]  gran_size: 64K 	chunk_size: 64K 	num_reg: 7  	lose cover RAM: 0G
[    0.001346] e820: update [mem 0xc0000000-0xffffffff] usable ==> reserved
[    0.001358] last_pfn = 0xc0000 max_arch_pfn = 0x400000000
[    0.017573] found SMP MP-table at [mem 0x000f6a70-0x000f6a7f]
[    0.022417] check: Scanning 1 areas for low memory corruption
[    0.026655] Using GB pages for direct mapping
[    0.030364] RAMDISK: [mem 0x31ca1000-0x34e47fff]
[    0.033609] ACPI: Early table checksum verification disabled
[    0.036449] ACPI: RSDP 0x00000000000F6A00 000024 (v02 PTLTD )
[    0.038933] ACPI: XSDT 0x00000000BFEDC633 00005C (v01 INTEL  440BX    06040000 VMW  01324272)
[    0.041107] ACPI: FACP 0x00000000BFEFEE73 0000F4 (v04 INTEL  440BX    06040000 PTL  000F4240)
[    0.043009] ACPI: DSDT 0x00000000BFEDD9E8 02148B (v01 PTLTD  Custom   06040000 MSFT 03000001)
[    0.044674] ACPI: FACS 0x00000000BFEFFFC0 000040
[    0.046130] ACPI: FACS 0x00000000BFEFFFC0 000040
[    0.047405] ACPI: BOOT 0x00000000BFEDD9C0 000028 (v01 PTLTD  $SBFTBL$ 06040000  LTP 00000001)
[    0.048520] ACPI: APIC 0x00000000BFEDD27E 000742 (v01 PTLTD  ? APIC   06040000  LTP 00000000)
[    0.049495] ACPI: MCFG 0x00000000BFEDD242 00003C (v01 PTLTD  $PCITBL$ 06040000  LTP 00000001)
[    0.050349] ACPI: SRAT 0x00000000BFEDC72F 0008D0 (v02 VMWARE MEMPLUG  06040000 VMW  00000001)
[    0.051096] ACPI: HPET 0x00000000BFEDC6F7 000038 (v01 VMWARE VMW HPET 06040000 VMW  00000001)
[    0.051750] ACPI: WAET 0x00000000BFEDC6CF 000028 (v01 VMWARE VMW WAET 06040000 VMW  00000001)
[    0.052322] ACPI: Local APIC address 0xfee00000
[    0.052822] system APIC only can use physical flat
[    0.053260] Setting APIC routing to physical flat.
[    0.053643] SRAT: PXM 0 -> APIC 0x00 -> Node 0
[    0.053978] SRAT: PXM 0 -> APIC 0x02 -> Node 0
[    0.054272] SRAT: PXM 0 -> APIC 0x04 -> Node 0
[    0.054528] SRAT: PXM 0 -> APIC 0x06 -> Node 0
[    0.054753] SRAT: PXM 0 -> APIC 0x08 -> Node 0
[    0.054950] SRAT: PXM 0 -> APIC 0x0a -> Node 0
[    0.055121] SRAT: PXM 0 -> APIC 0x0c -> Node 0
[    0.055272] SRAT: PXM 0 -> APIC 0x0e -> Node 0
[    0.055404] SRAT: PXM 0 -> APIC 0x10 -> Node 0
[    0.055519] SRAT: PXM 0 -> APIC 0x12 -> Node 0
[    0.055620] SRAT: PXM 0 -> APIC 0x14 -> Node 0
[    0.055708] SRAT: PXM 0 -> APIC 0x16 -> Node 0
[    0.055785] SRAT: PXM 0 -> APIC 0x18 -> Node 0
[    0.055852] SRAT: PXM 0 -> APIC 0x1a -> Node 0
[    0.055912] SRAT: PXM 0 -> APIC 0x1c -> Node 0
[    0.055963] SRAT: PXM 0 -> APIC 0x1e -> Node 0
[    0.056008] SRAT: PXM 0 -> APIC 0x20 -> Node 0
[    0.056048] SRAT: PXM 0 -> APIC 0x22 -> Node 0
[    0.056083] SRAT: PXM 0 -> APIC 0x24 -> Node 0
[    0.056113] SRAT: PXM 0 -> APIC 0x26 -> Node 0
[    0.056140] SRAT: PXM 0 -> APIC 0x28 -> Node 0
[    0.056163] SRAT: PXM 0 -> APIC 0x2a -> Node 0
[    0.056183] SRAT: PXM 0 -> APIC 0x2c -> Node 0
[    0.056201] SRAT: PXM 0 -> APIC 0x2e -> Node 0
[    0.056216] SRAT: PXM 0 -> APIC 0x30 -> Node 0
[    0.056230] SRAT: PXM 0 -> APIC 0x32 -> Node 0
[    0.056242] SRAT: PXM 0 -> APIC 0x34 -> Node 0
[    0.056252] SRAT: PXM 0 -> APIC 0x36 -> Node 0
[    0.056261] SRAT: PXM 0 -> APIC 0x38 -> Node 0
[    0.056269] SRAT: PXM 0 -> APIC 0x3a -> Node 0
[    0.056276] SRAT: PXM 0 -> APIC 0x3c -> Node 0
[    0.056282] SRAT: PXM 0 -> APIC 0x3e -> Node 0
[    0.056288] SRAT: PXM 0 -> APIC 0x40 -> Node 0
[    0.056292] SRAT: PXM 0 -> APIC 0x42 -> Node 0
[    0.056297] SRAT: PXM 0 -> APIC 0x44 -> Node 0
[    0.056300] SRAT: PXM 0 -> APIC 0x46 -> Node 0
[    0.056303] SRAT: PXM 0 -> APIC 0x48 -> Node 0
[    0.056306] SRAT: PXM 0 -> APIC 0x4a -> Node 0
[    0.056308] SRAT: PXM 0 -> APIC 0x4c -> Node 0
[    0.056310] SRAT: PXM 0 -> APIC 0x4e -> Node 0
[    0.056312] SRAT: PXM 0 -> APIC 0x50 -> Node 0
[    0.056314] SRAT: PXM 0 -> APIC 0x52 -> Node 0
[    0.056315] SRAT: PXM 0 -> APIC 0x54 -> Node 0
[    0.056317] SRAT: PXM 0 -> APIC 0x56 -> Node 0
[    0.056318] SRAT: PXM 0 -> APIC 0x58 -> Node 0
[    0.056319] SRAT: PXM 0 -> APIC 0x5a -> Node 0
[    0.056319] SRAT: PXM 0 -> APIC 0x5c -> Node 0
[    0.056320] SRAT: PXM 0 -> APIC 0x5e -> Node 0
[    0.056321] SRAT: PXM 0 -> APIC 0x60 -> Node 0
[    0.056321] SRAT: PXM 0 -> APIC 0x62 -> Node 0
[    0.056322] SRAT: PXM 0 -> APIC 0x64 -> Node 0
[    0.056322] SRAT: PXM 0 -> APIC 0x66 -> Node 0
[    0.056323] SRAT: PXM 0 -> APIC 0x68 -> Node 0
[    0.056323] SRAT: PXM 0 -> APIC 0x6a -> Node 0
[    0.056323] SRAT: PXM 0 -> APIC 0x6c -> Node 0
[    0.056323] SRAT: PXM 0 -> APIC 0x6e -> Node 0
[    0.056324] SRAT: PXM 0 -> APIC 0x70 -> Node 0
[    0.056324] SRAT: PXM 0 -> APIC 0x72 -> Node 0
[    0.056324] SRAT: PXM 0 -> APIC 0x74 -> Node 0
[    0.056324] SRAT: PXM 0 -> APIC 0x76 -> Node 0
[    0.056324] SRAT: PXM 0 -> APIC 0x78 -> Node 0
[    0.056324] SRAT: PXM 0 -> APIC 0x7a -> Node 0
[    0.056324] SRAT: PXM 0 -> APIC 0x7c -> Node 0
[    0.056325] SRAT: PXM 0 -> APIC 0x7e -> Node 0
[    0.056325] SRAT: PXM 0 -> APIC 0x80 -> Node 0
[    0.056325] SRAT: PXM 0 -> APIC 0x82 -> Node 0
[    0.056325] SRAT: PXM 0 -> APIC 0x84 -> Node 0
[    0.056325] SRAT: PXM 0 -> APIC 0x86 -> Node 0
[    0.056325] SRAT: PXM 0 -> APIC 0x88 -> Node 0
[    0.056325] SRAT: PXM 0 -> APIC 0x8a -> Node 0
[    0.056325] SRAT: PXM 0 -> APIC 0x8c -> Node 0
[    0.056325] SRAT: PXM 0 -> APIC 0x8e -> Node 0
[    0.056325] SRAT: PXM 0 -> APIC 0x90 -> Node 0
[    0.056325] SRAT: PXM 0 -> APIC 0x92 -> Node 0
[    0.056325] SRAT: PXM 0 -> APIC 0x94 -> Node 0
[    0.056325] SRAT: PXM 0 -> APIC 0x96 -> Node 0
[    0.056325] SRAT: PXM 0 -> APIC 0x98 -> Node 0
[    0.056325] SRAT: PXM 0 -> APIC 0x9a -> Node 0
[    0.056325] SRAT: PXM 0 -> APIC 0x9c -> Node 0
[    0.056325] SRAT: PXM 0 -> APIC 0x9e -> Node 0
[    0.056325] SRAT: PXM 0 -> APIC 0xa0 -> Node 0
[    0.056325] SRAT: PXM 0 -> APIC 0xa2 -> Node 0
[    0.056325] SRAT: PXM 0 -> APIC 0xa4 -> Node 0
[    0.056325] SRAT: PXM 0 -> APIC 0xa6 -> Node 0
[    0.056325] SRAT: PXM 0 -> APIC 0xa8 -> Node 0
[    0.056325] SRAT: PXM 0 -> APIC 0xaa -> Node 0
[    0.056325] SRAT: PXM 0 -> APIC 0xac -> Node 0
[    0.056325] SRAT: PXM 0 -> APIC 0xae -> Node 0
[    0.056325] SRAT: PXM 0 -> APIC 0xb0 -> Node 0
[    0.056325] SRAT: PXM 0 -> APIC 0xb2 -> Node 0
[    0.056325] SRAT: PXM 0 -> APIC 0xb4 -> Node 0
[    0.056325] SRAT: PXM 0 -> APIC 0xb6 -> Node 0
[    0.056325] SRAT: PXM 0 -> APIC 0xb8 -> Node 0
[    0.056325] SRAT: PXM 0 -> APIC 0xba -> Node 0
[    0.056325] SRAT: PXM 0 -> APIC 0xbc -> Node 0
[    0.056325] SRAT: PXM 0 -> APIC 0xbe -> Node 0
[    0.056325] SRAT: PXM 0 -> APIC 0xc0 -> Node 0
[    0.056325] SRAT: PXM 0 -> APIC 0xc2 -> Node 0
[    0.056325] SRAT: PXM 0 -> APIC 0xc4 -> Node 0
[    0.056325] SRAT: PXM 0 -> APIC 0xc6 -> Node 0
[    0.056325] SRAT: PXM 0 -> APIC 0xc8 -> Node 0
[    0.056325] SRAT: PXM 0 -> APIC 0xca -> Node 0
[    0.056325] SRAT: PXM 0 -> APIC 0xcc -> Node 0
[    0.056325] SRAT: PXM 0 -> APIC 0xce -> Node 0
[    0.056325] SRAT: PXM 0 -> APIC 0xd0 -> Node 0
[    0.056325] SRAT: PXM 0 -> APIC 0xd2 -> Node 0
[    0.056325] SRAT: PXM 0 -> APIC 0xd4 -> Node 0
[    0.056325] SRAT: PXM 0 -> APIC 0xd6 -> Node 0
[    0.056325] SRAT: PXM 0 -> APIC 0xd8 -> Node 0
[    0.056325] SRAT: PXM 0 -> APIC 0xda -> Node 0
[    0.056325] SRAT: PXM 0 -> APIC 0xdc -> Node 0
[    0.056325] SRAT: PXM 0 -> APIC 0xde -> Node 0
[    0.056325] SRAT: PXM 0 -> APIC 0xe0 -> Node 0
[    0.056325] SRAT: PXM 0 -> APIC 0xe2 -> Node 0
[    0.056325] SRAT: PXM 0 -> APIC 0xe4 -> Node 0
[    0.056325] SRAT: PXM 0 -> APIC 0xe6 -> Node 0
[    0.056325] SRAT: PXM 0 -> APIC 0xe8 -> Node 0
[    0.056325] SRAT: PXM 0 -> APIC 0xea -> Node 0
[    0.056325] SRAT: PXM 0 -> APIC 0xec -> Node 0
[    0.056325] SRAT: PXM 0 -> APIC 0xee -> Node 0
[    0.056325] SRAT: PXM 0 -> APIC 0xf0 -> Node 0
[    0.056325] SRAT: PXM 0 -> APIC 0xf2 -> Node 0
[    0.056325] SRAT: PXM 0 -> APIC 0xf4 -> Node 0
[    0.056325] SRAT: PXM 0 -> APIC 0xf6 -> Node 0
[    0.056325] SRAT: PXM 0 -> APIC 0xf8 -> Node 0
[    0.056325] SRAT: PXM 0 -> APIC 0xfa -> Node 0
[    0.056325] SRAT: PXM 0 -> APIC 0xfc -> Node 0
[    0.056325] SRAT: PXM 0 -> APIC 0xfe -> Node 0
[    0.056325] ACPI: SRAT: Node 0 PXM 0 [mem 0x00000000-0x0009ffff]
[    0.056325] ACPI: SRAT: Node 0 PXM 0 [mem 0x00100000-0xbfffffff]
[    0.056325] ACPI: SRAT: Node 0 PXM 0 [mem 0x100000000-0x13fffffff]
[    0.056325] ACPI: SRAT: Node 0 PXM 0 [mem 0x140000000-0x103fffffff] hotplug
[    0.056325] NUMA: Node 0 [mem 0x00000000-0x0009ffff] + [mem 0x00100000-0xbfffffff] -> [mem 0x00000000-0xbfffffff]
[    0.056325] NUMA: Node 0 [mem 0x00000000-0xbfffffff] + [mem 0x100000000-0x13fffffff] -> [mem 0x00000000-0x13fffffff]
[    0.056325] NODE_DATA(0) allocated [mem 0x13ffd6000-0x13fffffff]
[    0.056325] Zone ranges:
[    0.056325]   DMA      [mem 0x0000000000001000-0x0000000000ffffff]
[    0.056325]   DMA32    [mem 0x0000000001000000-0x00000000ffffffff]
[    0.056325]   Normal   [mem 0x0000000100000000-0x000000013fffffff]
[    0.056325]   Device   empty
[    0.056325] Movable zone start for each node
[    0.056325] Early memory node ranges
[    0.056325]   node   0: [mem 0x0000000000001000-0x000000000009dfff]
[    0.056325]   node   0: [mem 0x0000000000100000-0x00000000bfecffff]
[    0.056325]   node   0: [mem 0x00000000bff00000-0x00000000bfffffff]
[    0.056325]   node   0: [mem 0x0000000100000000-0x000000013fffffff]
[    0.056325] Zeroed struct page in unavailable ranges: 147 pages
[    0.056325] Initmem setup node 0 [mem 0x0000000000001000-0x000000013fffffff]
[    0.056325] On node 0 totalpages: 1048429
[    0.056325]   DMA zone: 64 pages used for memmap
[    0.056325]   DMA zone: 21 pages reserved
[    0.056325]   DMA zone: 3997 pages, LIFO batch:0
[    0.056325]   DMA32 zone: 12224 pages used for memmap
[    0.056325]   DMA32 zone: 782288 pages, LIFO batch:63
[    0.281811]   Normal zone: 4096 pages used for memmap
[    0.281827]   Normal zone: 262144 pages, LIFO batch:63
[    0.375334] ACPI: PM-Timer IO Port: 0x1008
[    0.375351] ACPI: Local APIC address 0xfee00000
[    0.375366] system APIC only can use physical flat
[    0.375395] ACPI: LAPIC_NMI (acpi_id[0x00] high edge lint[0x1])
[    0.375407] ACPI: LAPIC_NMI (acpi_id[0x01] high edge lint[0x1])
[    0.375418] ACPI: LAPIC_NMI (acpi_id[0x02] high edge lint[0x1])
[    0.375429] ACPI: LAPIC_NMI (acpi_id[0x03] high edge lint[0x1])
[    0.375440] ACPI: LAPIC_NMI (acpi_id[0x04] high edge lint[0x1])
[    0.375450] ACPI: LAPIC_NMI (acpi_id[0x05] high edge lint[0x1])
[    0.375461] ACPI: LAPIC_NMI (acpi_id[0x06] high edge lint[0x1])
[    0.375472] ACPI: LAPIC_NMI (acpi_id[0x07] high edge lint[0x1])
[    0.375483] ACPI: LAPIC_NMI (acpi_id[0x08] high edge lint[0x1])
[    0.375493] ACPI: LAPIC_NMI (acpi_id[0x09] high edge lint[0x1])
[    0.375504] ACPI: LAPIC_NMI (acpi_id[0x0a] high edge lint[0x1])
[    0.375515] ACPI: LAPIC_NMI (acpi_id[0x0b] high edge lint[0x1])
[    0.375526] ACPI: LAPIC_NMI (acpi_id[0x0c] high edge lint[0x1])
[    0.375536] ACPI: LAPIC_NMI (acpi_id[0x0d] high edge lint[0x1])
[    0.375547] ACPI: LAPIC_NMI (acpi_id[0x0e] high edge lint[0x1])
[    0.375558] ACPI: LAPIC_NMI (acpi_id[0x0f] high edge lint[0x1])
[    0.375569] ACPI: LAPIC_NMI (acpi_id[0x10] high edge lint[0x1])
[    0.375580] ACPI: LAPIC_NMI (acpi_id[0x11] high edge lint[0x1])
[    0.375591] ACPI: LAPIC_NMI (acpi_id[0x12] high edge lint[0x1])
[    0.375601] ACPI: LAPIC_NMI (acpi_id[0x13] high edge lint[0x1])
[    0.375612] ACPI: LAPIC_NMI (acpi_id[0x14] high edge lint[0x1])
[    0.375623] ACPI: LAPIC_NMI (acpi_id[0x15] high edge lint[0x1])
[    0.375633] ACPI: LAPIC_NMI (acpi_id[0x16] high edge lint[0x1])
[    0.375644] ACPI: LAPIC_NMI (acpi_id[0x17] high edge lint[0x1])
[    0.375655] ACPI: LAPIC_NMI (acpi_id[0x18] high edge lint[0x1])
[    0.375666] ACPI: LAPIC_NMI (acpi_id[0x19] high edge lint[0x1])
[    0.375677] ACPI: LAPIC_NMI (acpi_id[0x1a] high edge lint[0x1])
[    0.375688] ACPI: LAPIC_NMI (acpi_id[0x1b] high edge lint[0x1])
[    0.375699] ACPI: LAPIC_NMI (acpi_id[0x1c] high edge lint[0x1])
[    0.375710] ACPI: LAPIC_NMI (acpi_id[0x1d] high edge lint[0x1])
[    0.375721] ACPI: LAPIC_NMI (acpi_id[0x1e] high edge lint[0x1])
[    0.375731] ACPI: LAPIC_NMI (acpi_id[0x1f] high edge lint[0x1])
[    0.375742] ACPI: LAPIC_NMI (acpi_id[0x20] high edge lint[0x1])
[    0.375753] ACPI: LAPIC_NMI (acpi_id[0x21] high edge lint[0x1])
[    0.375763] ACPI: LAPIC_NMI (acpi_id[0x22] high edge lint[0x1])
[    0.375775] ACPI: LAPIC_NMI (acpi_id[0x23] high edge lint[0x1])
[    0.375786] ACPI: LAPIC_NMI (acpi_id[0x24] high edge lint[0x1])
[    0.375797] ACPI: LAPIC_NMI (acpi_id[0x25] high edge lint[0x1])
[    0.375808] ACPI: LAPIC_NMI (acpi_id[0x26] high edge lint[0x1])
[    0.375819] ACPI: LAPIC_NMI (acpi_id[0x27] high edge lint[0x1])
[    0.375830] ACPI: LAPIC_NMI (acpi_id[0x28] high edge lint[0x1])
[    0.375841] ACPI: LAPIC_NMI (acpi_id[0x29] high edge lint[0x1])
[    0.375852] ACPI: LAPIC_NMI (acpi_id[0x2a] high edge lint[0x1])
[    0.375863] ACPI: LAPIC_NMI (acpi_id[0x2b] high edge lint[0x1])
[    0.375874] ACPI: LAPIC_NMI (acpi_id[0x2c] high edge lint[0x1])
[    0.375885] ACPI: LAPIC_NMI (acpi_id[0x2d] high edge lint[0x1])
[    0.375907] ACPI: LAPIC_NMI (acpi_id[0x2e] high edge lint[0x1])
[    0.375919] ACPI: LAPIC_NMI (acpi_id[0x2f] high edge lint[0x1])
[    0.375930] ACPI: LAPIC_NMI (acpi_id[0x30] high edge lint[0x1])
[    0.375942] ACPI: LAPIC_NMI (acpi_id[0x31] high edge lint[0x1])
[    0.375952] ACPI: LAPIC_NMI (acpi_id[0x32] high edge lint[0x1])
[    0.375963] ACPI: LAPIC_NMI (acpi_id[0x33] high edge lint[0x1])
[    0.375974] ACPI: LAPIC_NMI (acpi_id[0x34] high edge lint[0x1])
[    0.375985] ACPI: LAPIC_NMI (acpi_id[0x35] high edge lint[0x1])
[    0.375995] ACPI: LAPIC_NMI (acpi_id[0x36] high edge lint[0x1])
[    0.376006] ACPI: LAPIC_NMI (acpi_id[0x37] high edge lint[0x1])
[    0.376017] ACPI: LAPIC_NMI (acpi_id[0x38] high edge lint[0x1])
[    0.376028] ACPI: LAPIC_NMI (acpi_id[0x39] high edge lint[0x1])
[    0.376038] ACPI: LAPIC_NMI (acpi_id[0x3a] high edge lint[0x1])
[    0.376049] ACPI: LAPIC_NMI (acpi_id[0x3b] high edge lint[0x1])
[    0.376060] ACPI: LAPIC_NMI (acpi_id[0x3c] high edge lint[0x1])
[    0.376071] ACPI: LAPIC_NMI (acpi_id[0x3d] high edge lint[0x1])
[    0.376082] ACPI: LAPIC_NMI (acpi_id[0x3e] high edge lint[0x1])
[    0.376093] ACPI: LAPIC_NMI (acpi_id[0x3f] high edge lint[0x1])
[    0.376103] ACPI: LAPIC_NMI (acpi_id[0x40] high edge lint[0x1])
[    0.376114] ACPI: LAPIC_NMI (acpi_id[0x41] high edge lint[0x1])
[    0.376125] ACPI: LAPIC_NMI (acpi_id[0x42] high edge lint[0x1])
[    0.376136] ACPI: LAPIC_NMI (acpi_id[0x43] high edge lint[0x1])
[    0.376147] ACPI: LAPIC_NMI (acpi_id[0x44] high edge lint[0x1])
[    0.376158] ACPI: LAPIC_NMI (acpi_id[0x45] high edge lint[0x1])
[    0.376169] ACPI: LAPIC_NMI (acpi_id[0x46] high edge lint[0x1])
[    0.376179] ACPI: LAPIC_NMI (acpi_id[0x47] high edge lint[0x1])
[    0.376190] ACPI: LAPIC_NMI (acpi_id[0x48] high edge lint[0x1])
[    0.376201] ACPI: LAPIC_NMI (acpi_id[0x49] high edge lint[0x1])
[    0.376212] ACPI: LAPIC_NMI (acpi_id[0x4a] high edge lint[0x1])
[    0.376224] ACPI: LAPIC_NMI (acpi_id[0x4b] high edge lint[0x1])
[    0.376235] ACPI: LAPIC_NMI (acpi_id[0x4c] high edge lint[0x1])
[    0.376245] ACPI: LAPIC_NMI (acpi_id[0x4d] high edge lint[0x1])
[    0.376257] ACPI: LAPIC_NMI (acpi_id[0x4e] high edge lint[0x1])
[    0.376267] ACPI: LAPIC_NMI (acpi_id[0x4f] high edge lint[0x1])
[    0.376278] ACPI: LAPIC_NMI (acpi_id[0x50] high edge lint[0x1])
[    0.376289] ACPI: LAPIC_NMI (acpi_id[0x51] high edge lint[0x1])
[    0.376300] ACPI: LAPIC_NMI (acpi_id[0x52] high edge lint[0x1])
[    0.376311] ACPI: LAPIC_NMI (acpi_id[0x53] high edge lint[0x1])
[    0.376321] ACPI: LAPIC_NMI (acpi_id[0x54] high edge lint[0x1])
[    0.376332] ACPI: LAPIC_NMI (acpi_id[0x55] high edge lint[0x1])
[    0.376343] ACPI: LAPIC_NMI (acpi_id[0x56] high edge lint[0x1])
[    0.376353] ACPI: LAPIC_NMI (acpi_id[0x57] high edge lint[0x1])
[    0.376364] ACPI: LAPIC_NMI (acpi_id[0x58] high edge lint[0x1])
[    0.376375] ACPI: LAPIC_NMI (acpi_id[0x59] high edge lint[0x1])
[    0.376387] ACPI: LAPIC_NMI (acpi_id[0x5a] high edge lint[0x1])
[    0.376398] ACPI: LAPIC_NMI (acpi_id[0x5b] high edge lint[0x1])
[    0.376408] ACPI: LAPIC_NMI (acpi_id[0x5c] high edge lint[0x1])
[    0.376419] ACPI: LAPIC_NMI (acpi_id[0x5d] high edge lint[0x1])
[    0.376430] ACPI: LAPIC_NMI (acpi_id[0x5e] high edge lint[0x1])
[    0.376441] ACPI: LAPIC_NMI (acpi_id[0x5f] high edge lint[0x1])
[    0.376452] ACPI: LAPIC_NMI (acpi_id[0x60] high edge lint[0x1])
[    0.376463] ACPI: LAPIC_NMI (acpi_id[0x61] high edge lint[0x1])
[    0.376475] ACPI: LAPIC_NMI (acpi_id[0x62] high edge lint[0x1])
[    0.376486] ACPI: LAPIC_NMI (acpi_id[0x63] high edge lint[0x1])
[    0.376498] ACPI: LAPIC_NMI (acpi_id[0x64] high edge lint[0x1])
[    0.376509] ACPI: LAPIC_NMI (acpi_id[0x65] high edge lint[0x1])
[    0.376520] ACPI: LAPIC_NMI (acpi_id[0x66] high edge lint[0x1])
[    0.376532] ACPI: LAPIC_NMI (acpi_id[0x67] high edge lint[0x1])
[    0.376543] ACPI: LAPIC_NMI (acpi_id[0x68] high edge lint[0x1])
[    0.376554] ACPI: LAPIC_NMI (acpi_id[0x69] high edge lint[0x1])
[    0.376565] ACPI: LAPIC_NMI (acpi_id[0x6a] high edge lint[0x1])
[    0.376576] ACPI: LAPIC_NMI (acpi_id[0x6b] high edge lint[0x1])
[    0.376587] ACPI: LAPIC_NMI (acpi_id[0x6c] high edge lint[0x1])
[    0.376600] ACPI: LAPIC_NMI (acpi_id[0x6d] high edge lint[0x1])
[    0.376611] ACPI: LAPIC_NMI (acpi_id[0x6e] high edge lint[0x1])
[    0.376622] ACPI: LAPIC_NMI (acpi_id[0x6f] high edge lint[0x1])
[    0.376634] ACPI: LAPIC_NMI (acpi_id[0x70] high edge lint[0x1])
[    0.376645] ACPI: LAPIC_NMI (acpi_id[0x71] high edge lint[0x1])
[    0.376656] ACPI: LAPIC_NMI (acpi_id[0x72] high edge lint[0x1])
[    0.376667] ACPI: LAPIC_NMI (acpi_id[0x73] high edge lint[0x1])
[    0.376678] ACPI: LAPIC_NMI (acpi_id[0x74] high edge lint[0x1])
[    0.376689] ACPI: LAPIC_NMI (acpi_id[0x75] high edge lint[0x1])
[    0.376700] ACPI: LAPIC_NMI (acpi_id[0x76] high edge lint[0x1])
[    0.376711] ACPI: LAPIC_NMI (acpi_id[0x77] high edge lint[0x1])
[    0.376722] ACPI: LAPIC_NMI (acpi_id[0x78] high edge lint[0x1])
[    0.376733] ACPI: LAPIC_NMI (acpi_id[0x79] high edge lint[0x1])
[    0.376743] ACPI: LAPIC_NMI (acpi_id[0x7a] high edge lint[0x1])
[    0.376754] ACPI: LAPIC_NMI (acpi_id[0x7b] high edge lint[0x1])
[    0.376765] ACPI: LAPIC_NMI (acpi_id[0x7c] high edge lint[0x1])
[    0.376776] ACPI: LAPIC_NMI (acpi_id[0x7d] high edge lint[0x1])
[    0.376786] ACPI: LAPIC_NMI (acpi_id[0x7e] high edge lint[0x1])
[    0.376797] ACPI: LAPIC_NMI (acpi_id[0x7f] high edge lint[0x1])
[    0.377053] IOAPIC[0]: apic_id 1, version 32, address 0xfec00000, GSI 0-23
[    0.377073] ACPI: INT_SRC_OVR (bus 0 bus_irq 0 global_irq 2 high edge)
[    0.377088] ACPI: IRQ0 used by override.
[    0.377100] ACPI: IRQ9 used by override.
[    0.377116] Using ACPI (MADT) for SMP configuration information
[    0.377129] ACPI: HPET id: 0x8086af01 base: 0xfed00000
[    0.377147] TSC deadline timer available
[    0.377204] smpboot: Allowing 128 CPUs, 124 hotplug CPUs
[    0.377234] PM: hibernation: Registered nosave memory: [mem 0x00000000-0x00000fff]
[    0.377246] PM: hibernation: Registered nosave memory: [mem 0x0009e000-0x0009efff]
[    0.377257] PM: hibernation: Registered nosave memory: [mem 0x0009f000-0x0009ffff]
[    0.377268] PM: hibernation: Registered nosave memory: [mem 0x000a0000-0x000dbfff]
[    0.377278] PM: hibernation: Registered nosave memory: [mem 0x000dc000-0x000fffff]
[    0.377290] PM: hibernation: Registered nosave memory: [mem 0xbfed0000-0xbfefefff]
[    0.377301] PM: hibernation: Registered nosave memory: [mem 0xbfeff000-0xbfefffff]
[    0.377378] PM: hibernation: Registered nosave memory: [mem 0xc0000000-0xefffffff]
[    0.377390] PM: hibernation: Registered nosave memory: [mem 0xf0000000-0xf7ffffff]
[    0.377401] PM: hibernation: Registered nosave memory: [mem 0xf8000000-0xfebfffff]
[    0.377412] PM: hibernation: Registered nosave memory: [mem 0xfec00000-0xfec0ffff]
[    0.377422] PM: hibernation: Registered nosave memory: [mem 0xfec10000-0xfedfffff]
[    0.377433] PM: hibernation: Registered nosave memory: [mem 0xfee00000-0xfee00fff]
[    0.377443] PM: hibernation: Registered nosave memory: [mem 0xfee01000-0xfffdffff]
[    0.377454] PM: hibernation: Registered nosave memory: [mem 0xfffe0000-0xffffffff]
[    0.377466] [mem 0xc0000000-0xefffffff] available for PCI devices
[    0.377477] Booting paravirtualized kernel on VMware hypervisor
[    0.377490] clocksource: refined-jiffies: mask: 0xffffffff max_cycles: 0xffffffff, max_idle_ns: 7645519600211568 ns
[    0.377508] setup_percpu: NR_CPUS:8192 nr_cpumask_bits:128 nr_cpu_ids:128 nr_node_ids:1
[    0.522874] percpu: Embedded 56 pages/cpu s192512 r8192 d28672 u262144
[    0.522926] pcpu-alloc: s192512 r8192 d28672 u262144 alloc=1*2097152
[    0.522938] pcpu-alloc: [0] 000 001 002 003 004 005 006 007 
[    0.522951] pcpu-alloc: [0] 008 009 010 011 012 013 014 015 
[    0.522963] pcpu-alloc: [0] 016 017 018 019 020 021 022 023 
[    0.522975] pcpu-alloc: [0] 024 025 026 027 028 029 030 031 
[    0.522987] pcpu-alloc: [0] 032 033 034 035 036 037 038 039 
[    0.522999] pcpu-alloc: [0] 040 041 042 043 044 045 046 047 
[    0.523011] pcpu-alloc: [0] 048 049 050 051 052 053 054 055 
[    0.523022] pcpu-alloc: [0] 056 057 058 059 060 061 062 063 
[    0.523034] pcpu-alloc: [0] 064 065 066 067 068 069 070 071 
[    0.523046] pcpu-alloc: [0] 072 073 074 075 076 077 078 079 
[    0.523058] pcpu-alloc: [0] 080 081 082 083 084 085 086 087 
[    0.523069] pcpu-alloc: [0] 088 089 090 091 092 093 094 095 
[    0.523081] pcpu-alloc: [0] 096 097 098 099 100 101 102 103 
[    0.523093] pcpu-alloc: [0] 104 105 106 107 108 109 110 111 
[    0.523105] pcpu-alloc: [0] 112 113 114 115 116 117 118 119 
[    0.523116] pcpu-alloc: [0] 120 121 122 123 124 125 126 127 
[    0.523220] Built 1 zonelists, mobility grouping on.  Total pages: 1032024
[    0.523232] Policy zone: Normal
[    0.523244] Kernel command line: BOOT_IMAGE=/boot/vmlinuz-5.8.0-44-generic root=UUID=22a9d688-4e4b-4558-9d81-58847257ab72 ro find_preseed=/preseed.cfg auto noprompt priority=critical locale=en_US quiet
[    0.523425] printk: log_buf_len individual max cpu contribution: 4096 bytes
[    0.523437] printk: log_buf_len total cpu_extra contributions: 520192 bytes
[    0.523447] printk: log_buf_len min size: 262144 bytes
[    0.527861] printk: log_buf_len: 1048576 bytes
[    0.527878] printk: early log buf free: 235428(89%)
[    0.546155] Dentry cache hash table entries: 524288 (order: 10, 4194304 bytes, linear)
[    0.546717] Inode-cache hash table entries: 262144 (order: 9, 2097152 bytes, linear)
[    0.547209] mem auto-init: stack:off, heap alloc:on, heap free:off
[    0.699002] Memory: 3942392K/4193716K available (14339K kernel code, 2537K rwdata, 5388K rodata, 2640K init, 4920K bss, 251324K reserved, 0K cma-reserved)
[    0.699027] random: get_random_u64 called from kmem_cache_open+0x2d/0x410 with crng_init=0
[    0.700934] SLUB: HWalign=64, Order=0-3, MinObjects=0, CPUs=128, Nodes=1
[    0.701103] ftrace: allocating 46218 entries in 181 pages
[    0.726088] ftrace: allocated 181 pages with 5 groups
[    0.728824] rcu: Hierarchical RCU implementation.
[    0.728838] rcu: 	RCU restricting CPUs from NR_CPUS=8192 to nr_cpu_ids=128.
[    0.728849] 	Trampoline variant of Tasks RCU enabled.
[    0.728859] 	Rude variant of Tasks RCU enabled.
[    0.728965] 	Tracing variant of Tasks RCU enabled.
[    0.728976] rcu: RCU calculated value of scheduler-enlistment delay is 25 jiffies.
[    0.728986] rcu: Adjusting geometry for rcu_fanout_leaf=16, nr_cpu_ids=128
[    0.734106] NR_IRQS: 524544, nr_irqs: 1448, preallocated irqs: 16
[    0.735197] random: crng done (trusting CPU's manufacturer)
[    0.769524] Console: colour VGA+ 80x25
[    0.769543] printk: console [tty0] enabled
[    0.769740] ACPI: Core revision 20200528
[    0.770328] clocksource: hpet: mask: 0xffffffff max_cycles: 0xffffffff, max_idle_ns: 133484882848 ns
[    0.771902] APIC: Switch to symmetric I/O mode setup
[    0.772794] x2apic enabled
[    0.773334] Switched APIC routing to physical x2apic.
[    0.773916] ..TIMER: vector=0x30 apic1=0 pin1=2 apic2=-1 pin2=-1
[    0.774154] clocksource: tsc-early: mask: 0xffffffffffffffff max_cycles: 0x1e717d1ec85, max_idle_ns: 440795234704 ns
[    0.774544] Calibrating delay loop (skipped) preset value.. 4224.01 BogoMIPS (lpj=8448023)
[    0.774704] pid_max: default: 131072 minimum: 1024
[    0.778462] LSM: Security Framework initializing
[    0.778494] Yama: becoming mindful.
[    0.778749] AppArmor: AppArmor initialized
[    0.779197] Mount-cache hash table entries: 8192 (order: 4, 65536 bytes, linear)
[    0.779580] Mountpoint-cache hash table entries: 8192 (order: 4, 65536 bytes, linear)
[    0.780932] Disabled fast string operations
[    0.782801] Last level iTLB entries: 4KB 64, 2MB 8, 4MB 8
[    0.782813] Last level dTLB entries: 4KB 64, 2MB 0, 4MB 0, 1GB 4
[    0.782829] Spectre V1 : Mitigation: usercopy/swapgs barriers and __user pointer sanitization
[    0.782841] Spectre V2 : Mitigation: Full generic retpoline
[    0.782851] Spectre V2 : Spectre v2 / SpectreRSB mitigation: Filling RSB on context switch
[    0.782861] Spectre V2 : Enabling Restricted Speculation for firmware calls
[    0.782873] Spectre V2 : mitigation: Enabling conditional Indirect Branch Prediction Barrier
[    0.782884] Speculative Store Bypass: Mitigation: Speculative Store Bypass disabled via prctl and seccomp
[    0.782896] SRBDS: Mitigation: TSX disabled
[    0.783195] Freeing SMP alternatives memory: 40K
[    0.791798] smpboot: CPU0: Intel(R) Core(TM) i5-10210U CPU @ 1.60GHz (family: 0x6, model: 0x8e, stepping: 0xc)
[    0.794362] Performance Events: Skylake events, core PMU driver.
[    0.794362] core: CPUID marked event: 'cpu cycles' unavailable
[    0.794362] core: CPUID marked event: 'instructions' unavailable
[    0.794362] core: CPUID marked event: 'bus cycles' unavailable
[    0.794362] core: CPUID marked event: 'cache references' unavailable
[    0.794362] core: CPUID marked event: 'cache misses' unavailable
[    0.794362] core: CPUID marked event: 'branch instructions' unavailable
[    0.794362] core: CPUID marked event: 'branch misses' unavailable
[    0.794362] ... version:                1
[    0.794362] ... bit width:              48
[    0.794362] ... generic registers:      4
[    0.794362] ... value mask:             0000ffffffffffff
[    0.794362] ... max period:             000000007fffffff
[    0.794362] ... fixed-purpose events:   0
[    0.794362] ... event mask:             000000000000000f
[    0.794362] rcu: Hierarchical SRCU implementation.
[    0.795231] NMI watchdog: Perf NMI watchdog permanently disabled
[    0.810362] smp: Bringing up secondary CPUs ...
[    0.811924] x86: Booting SMP configuration:
[    0.811940] .... node  #0, CPUs:          #1
[    0.043374] Disabled fast string operations
[    0.043374] smpboot: CPU 1 Converting physical 2 to logical package 1
[    0.043374] smpboot: CPU 1 Converting physical 0 to logical die 1
[    0.817419]    #2
[    0.043374] Disabled fast string operations
[    0.043374] smpboot: CPU 2 Converting physical 4 to logical package 2
[    0.043374] smpboot: CPU 2 Converting physical 0 to logical die 2
[    0.821044]    #3
[    0.043374] Disabled fast string operations
[    0.043374] smpboot: CPU 3 Converting physical 6 to logical package 3
[    0.043374] smpboot: CPU 3 Converting physical 0 to logical die 3
[    0.823054] smp: Brought up 1 node, 4 CPUs
[    0.823066] smpboot: Max logical packages: 128
[    0.823078] smpboot: Total of 4 processors activated (16896.04 BogoMIPS)
[    0.826502] devtmpfs: initialized
[    0.826609] x86/mm: Memory block size: 128MB
[    0.828562] PM: Registering ACPI NVS region [mem 0xbfeff000-0xbfefffff] (4096 bytes)
[    0.830541] clocksource: jiffies: mask: 0xffffffff max_cycles: 0xffffffff, max_idle_ns: 7645041785100000 ns
[    0.838362] futex hash table entries: 32768 (order: 9, 2097152 bytes, linear)
[    0.838362] pinctrl core: initialized pinctrl subsystem
[    0.838362] PM: RTC time: 07:27:11, date: 2021-05-10
[    0.838362] thermal_sys: Registered thermal governor 'fair_share'
[    0.838362] thermal_sys: Registered thermal governor 'bang_bang'
[    0.838362] thermal_sys: Registered thermal governor 'step_wise'
[    0.838362] thermal_sys: Registered thermal governor 'user_space'
[    0.838362] thermal_sys: Registered thermal governor 'power_allocator'
[    0.838362] NET: Registered protocol family 16
[    0.840219] DMA: preallocated 512 KiB GFP_KERNEL pool for atomic allocations
[    0.840324] DMA: preallocated 512 KiB GFP_KERNEL|GFP_DMA pool for atomic allocations
[    0.842362] DMA: preallocated 512 KiB GFP_KERNEL|GFP_DMA32 pool for atomic allocations
[    0.842362] audit: initializing netlink subsys (disabled)
[    0.842946] audit: type=2000 audit(1620631631.068:1): state=initialized audit_enabled=0 res=1
[    0.843578] EISA bus registered
[    0.844517] cpuidle: using governor ladder
[    0.844517] cpuidle: using governor menu
[    0.844517] Simple Boot Flag at 0x36 set to 0x80
[    0.844517] ACPI: bus type PCI registered
[    0.844517] acpiphp: ACPI Hot Plug PCI Controller Driver version: 0.5
[    0.844517] PCI: MMCONFIG for domain 0000 [bus 00-7f] at [mem 0xf0000000-0xf7ffffff] (base 0xf0000000)
[    0.844517] PCI: MMCONFIG at [mem 0xf0000000-0xf7ffffff] reserved in E820
[    0.844517] PCI: Using configuration type 1 for base access
[    0.851102] HugeTLB registered 1.00 GiB page size, pre-allocated 0 pages
[    0.851102] HugeTLB registered 2.00 MiB page size, pre-allocated 0 pages
[    0.891182] ACPI: Added _OSI(Module Device)
[    0.891193] ACPI: Added _OSI(Processor Device)
[    0.891206] ACPI: Added _OSI(3.0 _SCP Extensions)
[    0.891220] ACPI: Added _OSI(Processor Aggregator Device)
[    0.891234] ACPI: Added _OSI(Linux-Dell-Video)
[    0.891249] ACPI: Added _OSI(Linux-Lenovo-NV-HDMI-Audio)
[    0.891263] ACPI: Added _OSI(Linux-HPI-Hybrid-Graphics)
[    0.918362] ACPI: 1 ACPI AML tables successfully acquired and loaded
[    0.920743] ACPI: [Firmware Bug]: BIOS _OSI(Linux) query ignored
[    0.954935] ACPI: Interpreter enabled
[    0.954966] ACPI: (supports S0 S1 S4 S5)
[    0.954977] ACPI: Using IOAPIC for interrupt routing
[    0.955482] PCI: Using host bridge windows from ACPI; if necessary, use "pci=nocrs" and report a bug
[    0.957824] ACPI: Enabled 4 GPEs in block 00 to 0F
[    1.253002] ACPI: PCI Root Bridge [PCI0] (domain 0000 [bus 00-7f])
[    1.253022] acpi PNP0A03:00: _OSC: OS supports [ExtendedConfig ASPM ClockPM Segments MSI HPX-Type3]
[    1.253316] acpi PNP0A03:00: _OSC: platform does not support [AER LTR]
[    1.253646] acpi PNP0A03:00: _OSC: OS now controls [PCIeHotplug SHPCHotplug PME PCIeCapability]
[    1.254666] PCI host bridge to bus 0000:00
[    1.254680] pci_bus 0000:00: root bus resource [mem 0x000a0000-0x000bffff window]
[    1.254690] pci_bus 0000:00: root bus resource [mem 0x000d0000-0x000d3fff window]
[    1.254701] pci_bus 0000:00: root bus resource [mem 0x000d4000-0x000d7fff window]
[    1.254711] pci_bus 0000:00: root bus resource [mem 0x000d8000-0x000dbfff window]
[    1.254721] pci_bus 0000:00: root bus resource [mem 0xc0000000-0xfebfffff window]
[    1.254732] pci_bus 0000:00: root bus resource [io  0x0000-0x0cf7 window]
[    1.254742] pci_bus 0000:00: root bus resource [io  0x0d00-0xfeff window]
[    1.254753] pci_bus 0000:00: root bus resource [bus 00-7f]
[    1.254865] pci 0000:00:00.0: [8086:7190] type 00 class 0x060000
[    1.258362] pci 0000:00:01.0: [8086:7191] type 01 class 0x060400
[    1.269964] pci 0000:00:07.0: [8086:7110] type 00 class 0x060100
[    1.270362] pci 0000:00:07.1: [8086:7111] type 00 class 0x01018a
[    1.271912] pci 0000:00:07.1: reg 0x20: [io  0x1060-0x106f]
[    1.272713] pci 0000:00:07.1: legacy IDE quirk: reg 0x10: [io  0x01f0-0x01f7]
[    1.272725] pci 0000:00:07.1: legacy IDE quirk: reg 0x14: [io  0x03f6]
[    1.272735] pci 0000:00:07.1: legacy IDE quirk: reg 0x18: [io  0x0170-0x0177]
[    1.272746] pci 0000:00:07.1: legacy IDE quirk: reg 0x1c: [io  0x0376]
[    1.273499] pci 0000:00:07.3: [8086:7113] type 00 class 0x068000
[    1.274362] pci 0000:00:07.3: quirk: [io  0x1000-0x103f] claimed by PIIX4 ACPI
[    1.274362] pci 0000:00:07.3: quirk: [io  0x1040-0x104f] claimed by PIIX4 SMB
[    1.275043] pci 0000:00:07.7: [15ad:0740] type 00 class 0x088000
[    1.276003] pci 0000:00:07.7: reg 0x10: [io  0x1080-0x10bf]
[    1.276625] pci 0000:00:07.7: reg 0x14: [mem 0xfebfe000-0xfebfffff 64bit]
[    1.290362] pci 0000:00:0f.0: [15ad:0405] type 00 class 0x030000
[    1.291371] pci 0000:00:0f.0: reg 0x10: [io  0x1070-0x107f]
[    1.293494] pci 0000:00:0f.0: reg 0x14: [mem 0xe8000000-0xefffffff pref]
[    1.295444] pci 0000:00:0f.0: reg 0x18: [mem 0xfe000000-0xfe7fffff]
[    1.300556] pci 0000:00:0f.0: reg 0x30: [mem 0x00000000-0x00007fff pref]
[    1.302362] pci 0000:00:10.0: [1000:0030] type 00 class 0x010000
[    1.302362] pci 0000:00:10.0: reg 0x10: [io  0x1400-0x14ff]
[    1.303043] pci 0000:00:10.0: reg 0x14: [mem 0xfeba0000-0xfebbffff 64bit]
[    1.304200] pci 0000:00:10.0: reg 0x1c: [mem 0xfebc0000-0xfebdffff 64bit]
[    1.305883] pci 0000:00:10.0: reg 0x30: [mem 0x00000000-0x00003fff pref]
[    1.306761] pci 0000:00:11.0: [15ad:0790] type 01 class 0x060401
[    1.316436] pci 0000:00:15.0: [15ad:07a0] type 01 class 0x060400
[    1.318362] pci 0000:00:15.0: PME# supported from D0 D3hot D3cold
[    1.318362] pci 0000:00:15.1: [15ad:07a0] type 01 class 0x060400
[    1.318362] pci 0000:00:15.1: PME# supported from D0 D3hot D3cold
[    1.318988] pci 0000:00:15.2: [15ad:07a0] type 01 class 0x060400
[    1.321300] pci 0000:00:15.2: PME# supported from D0 D3hot D3cold
[    1.322362] pci 0000:00:15.3: [15ad:07a0] type 01 class 0x060400
[    1.322362] pci 0000:00:15.3: PME# supported from D0 D3hot D3cold
[    1.322362] pci 0000:00:15.4: [15ad:07a0] type 01 class 0x060400
[    1.324472] pci 0000:00:15.4: PME# supported from D0 D3hot D3cold
[    1.325547] pci 0000:00:15.5: [15ad:07a0] type 01 class 0x060400
[    1.326362] pci 0000:00:15.5: PME# supported from D0 D3hot D3cold
[    1.327021] pci 0000:00:15.6: [15ad:07a0] type 01 class 0x060400
[    1.329040] pci 0000:00:15.6: PME# supported from D0 D3hot D3cold
[    1.329865] pci 0000:00:15.7: [15ad:07a0] type 01 class 0x060400
[    1.330362] pci 0000:00:15.7: PME# supported from D0 D3hot D3cold
[    1.334362] pci 0000:00:16.0: [15ad:07a0] type 01 class 0x060400
[    1.334362] pci 0000:00:16.0: PME# supported from D0 D3hot D3cold
[    1.334792] pci 0000:00:16.1: [15ad:07a0] type 01 class 0x060400
[    1.337120] pci 0000:00:16.1: PME# supported from D0 D3hot D3cold
[    1.338127] pci 0000:00:16.2: [15ad:07a0] type 01 class 0x060400
[    1.338362] pci 0000:00:16.2: PME# supported from D0 D3hot D3cold
[    1.338362] pci 0000:00:16.3: [15ad:07a0] type 01 class 0x060400
[    1.339688] pci 0000:00:16.3: PME# supported from D0 D3hot D3cold
[    1.340560] pci 0000:00:16.4: [15ad:07a0] type 01 class 0x060400
[    1.342362] pci 0000:00:16.4: PME# supported from D0 D3hot D3cold
[    1.342362] pci 0000:00:16.5: [15ad:07a0] type 01 class 0x060400
[    1.342362] pci 0000:00:16.5: PME# supported from D0 D3hot D3cold
[    1.342539] pci 0000:00:16.6: [15ad:07a0] type 01 class 0x060400
[    1.344691] pci 0000:00:16.6: PME# supported from D0 D3hot D3cold
[    1.345541] pci 0000:00:16.7: [15ad:07a0] type 01 class 0x060400
[    1.346362] pci 0000:00:16.7: PME# supported from D0 D3hot D3cold
[    1.347866] pci 0000:00:17.0: [15ad:07a0] type 01 class 0x060400
[    1.349922] pci 0000:00:17.0: PME# supported from D0 D3hot D3cold
[    1.350362] pci 0000:00:17.1: [15ad:07a0] type 01 class 0x060400
[    1.350362] pci 0000:00:17.1: PME# supported from D0 D3hot D3cold
[    1.350362] pci 0000:00:17.2: [15ad:07a0] type 01 class 0x060400
[    1.351987] pci 0000:00:17.2: PME# supported from D0 D3hot D3cold
[    1.352988] pci 0000:00:17.3: [15ad:07a0] type 01 class 0x060400
[    1.354362] pci 0000:00:17.3: PME# supported from D0 D3hot D3cold
[    1.354362] pci 0000:00:17.4: [15ad:07a0] type 01 class 0x060400
[    1.355745] pci 0000:00:17.4: PME# supported from D0 D3hot D3cold
[    1.356924] pci 0000:00:17.5: [15ad:07a0] type 01 class 0x060400
[    1.358362] pci 0000:00:17.5: PME# supported from D0 D3hot D3cold
[    1.358362] pci 0000:00:17.6: [15ad:07a0] type 01 class 0x060400
[    1.359921] pci 0000:00:17.6: PME# supported from D0 D3hot D3cold
[    1.361676] pci 0000:00:17.7: [15ad:07a0] type 01 class 0x060400
[    1.362362] pci 0000:00:17.7: PME# supported from D0 D3hot D3cold
[    1.364732] pci 0000:00:18.0: [15ad:07a0] type 01 class 0x060400
[    1.366362] pci 0000:00:18.0: PME# supported from D0 D3hot D3cold
[    1.366362] pci 0000:00:18.1: [15ad:07a0] type 01 class 0x060400
[    1.366362] pci 0000:00:18.1: PME# supported from D0 D3hot D3cold
[    1.366771] pci 0000:00:18.2: [15ad:07a0] type 01 class 0x060400
[    1.368778] pci 0000:00:18.2: PME# supported from D0 D3hot D3cold
[    1.369922] pci 0000:00:18.3: [15ad:07a0] type 01 class 0x060400
[    1.370362] pci 0000:00:18.3: PME# supported from D0 D3hot D3cold
[    1.370362] pci 0000:00:18.4: [15ad:07a0] type 01 class 0x060400
[    1.372020] pci 0000:00:18.4: PME# supported from D0 D3hot D3cold
[    1.372794] pci 0000:00:18.5: [15ad:07a0] type 01 class 0x060400
[    1.374362] pci 0000:00:18.5: PME# supported from D0 D3hot D3cold
[    1.374362] pci 0000:00:18.6: [15ad:07a0] type 01 class 0x060400
[    1.374362] pci 0000:00:18.6: PME# supported from D0 D3hot D3cold
[    1.374956] pci 0000:00:18.7: [15ad:07a0] type 01 class 0x060400
[    1.376933] pci 0000:00:18.7: PME# supported from D0 D3hot D3cold
[    1.390362] pci_bus 0000:01: extended config space not accessible
[    1.447305] pci 0000:00:01.0: PCI bridge to [bus 01]
[    1.447760] pci_bus 0000:02: extended config space not accessible
[    1.448178] acpiphp: Slot [32] registered
[    1.448237] acpiphp: Slot [33] registered
[    1.448283] acpiphp: Slot [34] registered
[    1.448328] acpiphp: Slot [35] registered
[    1.448424] acpiphp: Slot [36] registered
[    1.448472] acpiphp: Slot [37] registered
[    1.448554] acpiphp: Slot [38] registered
[    1.448600] acpiphp: Slot [39] registered
[    1.448644] acpiphp: Slot [40] registered
[    1.448692] acpiphp: Slot [41] registered
[    1.448748] acpiphp: Slot [42] registered
[    1.448799] acpiphp: Slot [43] registered
[    1.448845] acpiphp: Slot [44] registered
[    1.448889] acpiphp: Slot [45] registered
[    1.448934] acpiphp: Slot [46] registered
[    1.448978] acpiphp: Slot [47] registered
[    1.449022] acpiphp: Slot [48] registered
[    1.449156] acpiphp: Slot [49] registered
[    1.449203] acpiphp: Slot [50] registered
[    1.449257] acpiphp: Slot [51] registered
[    1.449301] acpiphp: Slot [52] registered
[    1.449345] acpiphp: Slot [53] registered
[    1.449388] acpiphp: Slot [54] registered
[    1.449432] acpiphp: Slot [55] registered
[    1.449475] acpiphp: Slot [56] registered
[    1.449519] acpiphp: Slot [57] registered
[    1.449563] acpiphp: Slot [58] registered
[    1.449606] acpiphp: Slot [59] registered
[    1.449650] acpiphp: Slot [60] registered
[    1.449695] acpiphp: Slot [61] registered
[    1.449829] acpiphp: Slot [62] registered
[    1.449876] acpiphp: Slot [63] registered
[    1.450030] pci 0000:02:00.0: [15ad:0774] type 00 class 0x0c0300
[    1.450362] pci 0000:02:00.0: reg 0x20: [io  0x2080-0x209f]
[    1.453094] pci 0000:02:01.0: [8086:100f] type 00 class 0x020000
[    1.454156] pci 0000:02:01.0: reg 0x10: [mem 0xfd5c0000-0xfd5dffff 64bit]
[    1.454362] pci 0000:02:01.0: reg 0x18: [mem 0xfdff0000-0xfdffffff 64bit]
[    1.454362] pci 0000:02:01.0: reg 0x20: [io  0x2000-0x203f]
[    1.454460] pci 0000:02:01.0: reg 0x30: [mem 0x00000000-0x0000ffff pref]
[    1.455183] pci 0000:02:01.0: PME# supported from D0 D3hot D3cold
[    1.458362] pci 0000:02:02.0: [1274:1371] type 00 class 0x040100
[    1.458362] pci 0000:02:02.0: reg 0x10: [io  0x2040-0x207f]
[    1.462362] pci 0000:02:03.0: [15ad:0770] type 00 class 0x0c0320
[    1.462362] pci 0000:02:03.0: reg 0x10: [mem 0xfd5ef000-0xfd5effff]
[    1.466362] pci 0000:02:05.0: [15ad:07e0] type 00 class 0x010601
[    1.467893] pci 0000:02:05.0: reg 0x24: [mem 0xfd5ee000-0xfd5eefff]
[    1.468302] pci 0000:02:05.0: reg 0x30: [mem 0x00000000-0x0000ffff pref]
[    1.469125] pci 0000:02:05.0: PME# supported from D3hot
[    1.514362] pci 0000:00:11.0: PCI bridge to [bus 02] (subtractive decode)
[    1.514362] pci 0000:00:11.0:   bridge window [io  0x2000-0x3fff]
[    1.514362] pci 0000:00:11.0:   bridge window [mem 0xfd500000-0xfdffffff]
[    1.514362] pci 0000:00:11.0:   bridge window [mem 0xe7b00000-0xe7ffffff 64bit pref]
[    1.514362] pci 0000:00:11.0:   bridge window [mem 0x000a0000-0x000bffff window] (subtractive decode)
[    1.514362] pci 0000:00:11.0:   bridge window [mem 0x000d0000-0x000d3fff window] (subtractive decode)
[    1.514362] pci 0000:00:11.0:   bridge window [mem 0x000d4000-0x000d7fff window] (subtractive decode)
[    1.514362] pci 0000:00:11.0:   bridge window [mem 0x000d8000-0x000dbfff window] (subtractive decode)
[    1.514362] pci 0000:00:11.0:   bridge window [mem 0xc0000000-0xfebfffff window] (subtractive decode)
[    1.514362] pci 0000:00:11.0:   bridge window [io  0x0000-0x0cf7 window] (subtractive decode)
[    1.514362] pci 0000:00:11.0:   bridge window [io  0x0d00-0xfeff window] (subtractive decode)
[    1.568550] pci 0000:00:15.0: PCI bridge to [bus 03]
[    1.568610] pci 0000:00:15.0:   bridge window [io  0x4000-0x4fff]
[    1.568659] pci 0000:00:15.0:   bridge window [mem 0xfd400000-0xfd4fffff]
[    1.568744] pci 0000:00:15.0:   bridge window [mem 0xe7a00000-0xe7afffff 64bit pref]
[    1.623114] pci 0000:00:15.1: PCI bridge to [bus 04]
[    1.623174] pci 0000:00:15.1:   bridge window [io  0x8000-0x8fff]
[    1.623232] pci 0000:00:15.1:   bridge window [mem 0xfd000000-0xfd0fffff]
[    1.623317] pci 0000:00:15.1:   bridge window [mem 0xe7600000-0xe76fffff 64bit pref]
[    1.682362] pci 0000:00:15.2: PCI bridge to [bus 05]
[    1.682362] pci 0000:00:15.2:   bridge window [io  0xc000-0xcfff]
[    1.682362] pci 0000:00:15.2:   bridge window [mem 0xfcc00000-0xfccfffff]
[    1.682362] pci 0000:00:15.2:   bridge window [mem 0xe7200000-0xe72fffff 64bit pref]
[    1.738362] pci 0000:00:15.3: PCI bridge to [bus 06]
[    1.738362] pci 0000:00:15.3:   bridge window [mem 0xfc800000-0xfc8fffff]
[    1.738362] pci 0000:00:15.3:   bridge window [mem 0xe6e00000-0xe6efffff 64bit pref]
[    1.796057] pci 0000:00:15.4: PCI bridge to [bus 07]
[    1.796153] pci 0000:00:15.4:   bridge window [mem 0xfc400000-0xfc4fffff]
[    1.796254] pci 0000:00:15.4:   bridge window [mem 0xe6a00000-0xe6afffff 64bit pref]
[    1.850362] pci 0000:00:15.5: PCI bridge to [bus 08]
[    1.850362] pci 0000:00:15.5:   bridge window [mem 0xfc000000-0xfc0fffff]
[    1.850362] pci 0000:00:15.5:   bridge window [mem 0xe6600000-0xe66fffff 64bit pref]
[    1.903978] pci 0000:00:15.6: PCI bridge to [bus 09]
[    1.904081] pci 0000:00:15.6:   bridge window [mem 0xfbc00000-0xfbcfffff]
[    1.904164] pci 0000:00:15.6:   bridge window [mem 0xe6200000-0xe62fffff 64bit pref]
[    1.954362] pci 0000:00:15.7: PCI bridge to [bus 0a]
[    1.954362] pci 0000:00:15.7:   bridge window [mem 0xfb800000-0xfb8fffff]
[    1.954362] pci 0000:00:15.7:   bridge window [mem 0xe5e00000-0xe5efffff 64bit pref]
[    2.007661] pci 0000:00:16.0: PCI bridge to [bus 0b]
[    2.007718] pci 0000:00:16.0:   bridge window [io  0x5000-0x5fff]
[    2.007766] pci 0000:00:16.0:   bridge window [mem 0xfd300000-0xfd3fffff]
[    2.007850] pci 0000:00:16.0:   bridge window [mem 0xe7900000-0xe79fffff 64bit pref]
[    2.061700] pci 0000:00:16.1: PCI bridge to [bus 0c]
[    2.061757] pci 0000:00:16.1:   bridge window [io  0x9000-0x9fff]
[    2.061804] pci 0000:00:16.1:   bridge window [mem 0xfcf00000-0xfcffffff]
[    2.061885] pci 0000:00:16.1:   bridge window [mem 0xe7500000-0xe75fffff 64bit pref]
[    2.110304] pci 0000:00:16.2: PCI bridge to [bus 0d]
[    2.110359] pci 0000:00:16.2:   bridge window [io  0xd000-0xdfff]
[    2.110362] pci 0000:00:16.2:   bridge window [mem 0xfcb00000-0xfcbfffff]
[    2.110362] pci 0000:00:16.2:   bridge window [mem 0xe7100000-0xe71fffff 64bit pref]
[    2.159650] pci 0000:00:16.3: PCI bridge to [bus 0e]
[    2.159738] pci 0000:00:16.3:   bridge window [mem 0xfc700000-0xfc7fffff]
[    2.159817] pci 0000:00:16.3:   bridge window [mem 0xe6d00000-0xe6dfffff 64bit pref]
[    2.207237] pci 0000:00:16.4: PCI bridge to [bus 0f]
[    2.207325] pci 0000:00:16.4:   bridge window [mem 0xfc300000-0xfc3fffff]
[    2.207404] pci 0000:00:16.4:   bridge window [mem 0xe6900000-0xe69fffff 64bit pref]
[    2.258092] pci 0000:00:16.5: PCI bridge to [bus 10]
[    2.258221] pci 0000:00:16.5:   bridge window [mem 0xfbf00000-0xfbffffff]
[    2.258336] pci 0000:00:16.5:   bridge window [mem 0xe6500000-0xe65fffff 64bit pref]
[    2.312132] pci 0000:00:16.6: PCI bridge to [bus 11]
[    2.312226] pci 0000:00:16.6:   bridge window [mem 0xfbb00000-0xfbbfffff]
[    2.312316] pci 0000:00:16.6:   bridge window [mem 0xe6100000-0xe61fffff 64bit pref]
[    2.366362] pci 0000:00:16.7: PCI bridge to [bus 12]
[    2.366362] pci 0000:00:16.7:   bridge window [mem 0xfb700000-0xfb7fffff]
[    2.366362] pci 0000:00:16.7:   bridge window [mem 0xe5d00000-0xe5dfffff 64bit pref]
[    2.414362] pci 0000:00:17.0: PCI bridge to [bus 13]
[    2.414362] pci 0000:00:17.0:   bridge window [io  0x6000-0x6fff]
[    2.414362] pci 0000:00:17.0:   bridge window [mem 0xfd200000-0xfd2fffff]
[    2.414362] pci 0000:00:17.0:   bridge window [mem 0xe7800000-0xe78fffff 64bit pref]
[    2.464257] pci 0000:00:17.1: PCI bridge to [bus 14]
[    2.464313] pci 0000:00:17.1:   bridge window [io  0xa000-0xafff]
[    2.464359] pci 0000:00:17.1:   bridge window [mem 0xfce00000-0xfcefffff]
[    2.464439] pci 0000:00:17.1:   bridge window [mem 0xe7400000-0xe74fffff 64bit pref]
[    2.518362] pci 0000:00:17.2: PCI bridge to [bus 15]
[    2.518362] pci 0000:00:17.2:   bridge window [io  0xe000-0xefff]
[    2.518362] pci 0000:00:17.2:   bridge window [mem 0xfca00000-0xfcafffff]
[    2.518362] pci 0000:00:17.2:   bridge window [mem 0xe7000000-0xe70fffff 64bit pref]
[    2.572241] pci 0000:00:17.3: PCI bridge to [bus 16]
[    2.572342] pci 0000:00:17.3:   bridge window [mem 0xfc600000-0xfc6fffff]
[    2.572428] pci 0000:00:17.3:   bridge window [mem 0xe6c00000-0xe6cfffff 64bit pref]
[    2.626430] pci 0000:00:17.4: PCI bridge to [bus 17]
[    2.626430] pci 0000:00:17.4:   bridge window [mem 0xfc200000-0xfc2fffff]
[    2.626430] pci 0000:00:17.4:   bridge window [mem 0xe6800000-0xe68fffff 64bit pref]
[    2.682362] pci 0000:00:17.5: PCI bridge to [bus 18]
[    2.682362] pci 0000:00:17.5:   bridge window [mem 0xfbe00000-0xfbefffff]
[    2.682362] pci 0000:00:17.5:   bridge window [mem 0xe6400000-0xe64fffff 64bit pref]
[    2.738362] pci 0000:00:17.6: PCI bridge to [bus 19]
[    2.738362] pci 0000:00:17.6:   bridge window [mem 0xfba00000-0xfbafffff]
[    2.738362] pci 0000:00:17.6:   bridge window [mem 0xe6000000-0xe60fffff 64bit pref]
[    2.789957] pci 0000:00:17.7: PCI bridge to [bus 1a]
[    2.790052] pci 0000:00:17.7:   bridge window [mem 0xfb600000-0xfb6fffff]
[    2.790137] pci 0000:00:17.7:   bridge window [mem 0xe5c00000-0xe5cfffff 64bit pref]
[    2.844197] pci 0000:00:18.0: PCI bridge to [bus 1b]
[    2.844285] pci 0000:00:18.0:   bridge window [io  0x7000-0x7fff]
[    2.844333] pci 0000:00:18.0:   bridge window [mem 0xfd100000-0xfd1fffff]
[    2.844418] pci 0000:00:18.0:   bridge window [mem 0xe7700000-0xe77fffff 64bit pref]
[    2.892329] pci 0000:00:18.1: PCI bridge to [bus 1c]
[    2.892394] pci 0000:00:18.1:   bridge window [io  0xb000-0xbfff]
[    2.892444] pci 0000:00:18.1:   bridge window [mem 0xfcd00000-0xfcdfffff]
[    2.892531] pci 0000:00:18.1:   bridge window [mem 0xe7300000-0xe73fffff 64bit pref]
[    2.945963] pci 0000:00:18.2: PCI bridge to [bus 1d]
[    2.946061] pci 0000:00:18.2:   bridge window [mem 0xfc900000-0xfc9fffff]
[    2.946146] pci 0000:00:18.2:   bridge window [mem 0xe6f00000-0xe6ffffff 64bit pref]
[    2.995793] pci 0000:00:18.3: PCI bridge to [bus 1e]
[    2.995884] pci 0000:00:18.3:   bridge window [mem 0xfc500000-0xfc5fffff]
[    2.995965] pci 0000:00:18.3:   bridge window [mem 0xe6b00000-0xe6bfffff 64bit pref]
[    3.058362] pci 0000:00:18.4: PCI bridge to [bus 1f]
[    3.058362] pci 0000:00:18.4:   bridge window [mem 0xfc100000-0xfc1fffff]
[    3.058362] pci 0000:00:18.4:   bridge window [mem 0xe6700000-0xe67fffff 64bit pref]
[    3.130236] pci 0000:00:18.5: PCI bridge to [bus 20]
[    3.130362] pci 0000:00:18.5:   bridge window [mem 0xfbd00000-0xfbdfffff]
[    3.130362] pci 0000:00:18.5:   bridge window [mem 0xe6300000-0xe63fffff 64bit pref]
[    3.202362] pci 0000:00:18.6: PCI bridge to [bus 21]
[    3.202362] pci 0000:00:18.6:   bridge window [mem 0xfb900000-0xfb9fffff]
[    3.202362] pci 0000:00:18.6:   bridge window [mem 0xe5f00000-0xe5ffffff 64bit pref]
[    3.266362] pci 0000:00:18.7: PCI bridge to [bus 22]
[    3.266362] pci 0000:00:18.7:   bridge window [mem 0xfb500000-0xfb5fffff]
[    3.266362] pci 0000:00:18.7:   bridge window [mem 0xe5b00000-0xe5bfffff 64bit pref]
[    3.274362] ACPI: PCI Interrupt Link [LNKA] (IRQs 3 4 5 6 7 *9 10 11 14 15)
[    3.274362] ACPI: PCI Interrupt Link [LNKB] (IRQs 3 4 5 6 7 9 10 *11 14 15)
[    3.274362] ACPI: PCI Interrupt Link [LNKC] (IRQs 3 4 5 6 7 9 *10 11 14 15)
[    3.274635] ACPI: PCI Interrupt Link [LNKD] (IRQs 3 4 5 6 *7 9 10 11 14 15)
[    3.374611] iommu: Default domain type: Translated 
[    3.375614] SCSI subsystem initialized
[    3.375853] libata version 3.00 loaded.
[    3.378489] pci 0000:00:0f.0: vgaarb: setting as boot VGA device
[    3.378502] pci 0000:00:0f.0: vgaarb: VGA device added: decodes=io+mem,owns=io+mem,locks=none
[    3.378538] pci 0000:00:0f.0: vgaarb: bridge control possible
[    3.378549] vgaarb: loaded
[    3.378647] ACPI: bus type USB registered
[    3.378678] usbcore: registered new interface driver usbfs
[    3.378699] usbcore: registered new interface driver hub
[    3.379026] usbcore: registered new device driver usb
[    3.379072] pps_core: LinuxPPS API ver. 1 registered
[    3.379086] pps_core: Software ver. 5.3.6 - Copyright 2005-2007 Rodolfo Giometti <giometti@linux.it>
[    3.379104] PTP clock support registered
[    3.379362] EDAC MC: Ver: 3.0.0
[    3.383141] NetLabel: Initializing
[    3.383154] NetLabel:  domain hash size = 128
[    3.383164] NetLabel:  protocols = UNLABELED CIPSOv4 CALIPSO
[    3.383187] NetLabel:  unlabeled traffic allowed by default
[    3.383391] PCI: Using ACPI for IRQ routing
[    3.631640] PCI: pci_cache_line_size set to 64 bytes
[    3.633489] e820: reserve RAM buffer [mem 0x0009e800-0x0009ffff]
[    3.633504] e820: reserve RAM buffer [mem 0xbfed0000-0xbfffffff]
[    3.635496] hpet0: at MMIO 0xfed00000, IRQs 2, 8, 0, 0, 0, 0, 0, 0, 0, 0, 0, 0, 0, 0, 0, 0
[    3.635512] hpet0: 16 comparators, 64-bit 14.318180 MHz counter
[    3.638746] clocksource: Switched to clocksource tsc-early
[    3.715091] VFS: Disk quotas dquot_6.6.0
[    3.715171] VFS: Dquot-cache hash table entries: 512 (order 0, 4096 bytes)
[    3.716033] AppArmor: AppArmor Filesystem Enabled
[    3.716076] pnp: PnP ACPI init
[    3.716434] system 00:00: [io  0x1000-0x103f] has been reserved
[    3.716450] system 00:00: [io  0x1040-0x104f] has been reserved
[    3.716467] system 00:00: [io  0x0cf0-0x0cf1] has been reserved
[    3.716489] system 00:00: Plug and Play ACPI device, IDs PNP0c02 (active)
[    3.716680] pnp 00:01: Plug and Play ACPI device, IDs PNP0b00 (active)
[    3.716856] pnp 00:02: Plug and Play ACPI device, IDs PNP0303 (active)
[    3.716891] pnp 00:03: Plug and Play ACPI device, IDs VMW0003 PNP0f13 (active)
[    3.717304] system 00:04: [mem 0xfed00000-0xfed003ff] has been reserved
[    3.717321] system 00:04: Plug and Play ACPI device, IDs PNP0103 PNP0c01 (active)
[    3.720303] pnp 00:05: Plug and Play ACPI device, IDs PNP0501 (active)
[    3.720957] system 00:06: [io  0xfce0-0xfcff] has been reserved
[    3.720971] system 00:06: [mem 0xf0000000-0xf7ffffff] has been reserved
[    3.720983] system 00:06: [mem 0xfe800000-0xfe9fffff] has been reserved
[    3.720999] system 00:06: Plug and Play ACPI device, IDs PNP0c02 (active)
[    3.845610] pnp: PnP ACPI: found 7 devices
[    3.886613] clocksource: acpi_pm: mask: 0xffffff max_cycles: 0xffffff, max_idle_ns: 2085701024 ns
[    3.886613] NET: Registered protocol family 2
[    3.896850] tcp_listen_portaddr_hash hash table entries: 2048 (order: 3, 32768 bytes, linear)
[    3.897846] TCP established hash table entries: 32768 (order: 6, 262144 bytes, linear)
[    3.900022] TCP bind hash table entries: 32768 (order: 7, 524288 bytes, linear)
[    3.900072] TCP: Hash tables configured (established 32768 bind 32768)
[    3.903264] UDP hash table entries: 2048 (order: 4, 65536 bytes, linear)
[    3.903740] UDP-Lite hash table entries: 2048 (order: 4, 65536 bytes, linear)
[    3.905103] NET: Registered protocol family 1
[    3.905122] NET: Registered protocol family 44
[    3.905157] pci 0000:00:15.3: bridge window [io  0x1000-0x0fff] to [bus 06] add_size 1000
[    3.905169] pci 0000:00:15.4: bridge window [io  0x1000-0x0fff] to [bus 07] add_size 1000
[    3.905180] pci 0000:00:15.5: bridge window [io  0x1000-0x0fff] to [bus 08] add_size 1000
[    3.905229] pci 0000:00:15.6: bridge window [io  0x1000-0x0fff] to [bus 09] add_size 1000
[    3.905240] pci 0000:00:15.7: bridge window [io  0x1000-0x0fff] to [bus 0a] add_size 1000
[    3.905251] pci 0000:00:16.3: bridge window [io  0x1000-0x0fff] to [bus 0e] add_size 1000
[    3.905262] pci 0000:00:16.4: bridge window [io  0x1000-0x0fff] to [bus 0f] add_size 1000
[    3.905272] pci 0000:00:16.5: bridge window [io  0x1000-0x0fff] to [bus 10] add_size 1000
[    3.905283] pci 0000:00:16.6: bridge window [io  0x1000-0x0fff] to [bus 11] add_size 1000
[    3.905294] pci 0000:00:16.7: bridge window [io  0x1000-0x0fff] to [bus 12] add_size 1000
[    3.905305] pci 0000:00:17.3: bridge window [io  0x1000-0x0fff] to [bus 16] add_size 1000
[    3.905316] pci 0000:00:17.4: bridge window [io  0x1000-0x0fff] to [bus 17] add_size 1000
[    3.905326] pci 0000:00:17.5: bridge window [io  0x1000-0x0fff] to [bus 18] add_size 1000
[    3.905337] pci 0000:00:17.6: bridge window [io  0x1000-0x0fff] to [bus 19] add_size 1000
[    3.905347] pci 0000:00:17.7: bridge window [io  0x1000-0x0fff] to [bus 1a] add_size 1000
[    3.905358] pci 0000:00:18.2: bridge window [io  0x1000-0x0fff] to [bus 1d] add_size 1000
[    3.905369] pci 0000:00:18.3: bridge window [io  0x1000-0x0fff] to [bus 1e] add_size 1000
[    3.905379] pci 0000:00:18.4: bridge window [io  0x1000-0x0fff] to [bus 1f] add_size 1000
[    3.905389] pci 0000:00:18.5: bridge window [io  0x1000-0x0fff] to [bus 20] add_size 1000
[    3.905400] pci 0000:00:18.6: bridge window [io  0x1000-0x0fff] to [bus 21] add_size 1000
[    3.905410] pci 0000:00:18.7: bridge window [io  0x1000-0x0fff] to [bus 22] add_size 1000
[    3.905477] pci 0000:00:0f.0: BAR 6: assigned [mem 0xc0000000-0xc0007fff pref]
[    3.905491] pci 0000:00:10.0: BAR 6: assigned [mem 0xc0008000-0xc000bfff pref]
[    3.905505] pci 0000:00:15.3: BAR 13: no space for [io  size 0x1000]
[    3.905515] pci 0000:00:15.3: BAR 13: failed to assign [io  size 0x1000]
[    3.905527] pci 0000:00:15.4: BAR 13: no space for [io  size 0x1000]
[    3.905537] pci 0000:00:15.4: BAR 13: failed to assign [io  size 0x1000]
[    3.905548] pci 0000:00:15.5: BAR 13: no space for [io  size 0x1000]
[    3.905558] pci 0000:00:15.5: BAR 13: failed to assign [io  size 0x1000]
[    3.905569] pci 0000:00:15.6: BAR 13: no space for [io  size 0x1000]
[    3.905580] pci 0000:00:15.6: BAR 13: failed to assign [io  size 0x1000]
[    3.905591] pci 0000:00:15.7: BAR 13: no space for [io  size 0x1000]
[    3.905601] pci 0000:00:15.7: BAR 13: failed to assign [io  size 0x1000]
[    3.905612] pci 0000:00:16.3: BAR 13: no space for [io  size 0x1000]
[    3.905622] pci 0000:00:16.3: BAR 13: failed to assign [io  size 0x1000]
[    3.905634] pci 0000:00:16.4: BAR 13: no space for [io  size 0x1000]
[    3.905645] pci 0000:00:16.4: BAR 13: failed to assign [io  size 0x1000]
[    3.905656] pci 0000:00:16.5: BAR 13: no space for [io  size 0x1000]
[    3.905671] pci 0000:00:16.5: BAR 13: failed to assign [io  size 0x1000]
[    3.905683] pci 0000:00:16.6: BAR 13: no space for [io  size 0x1000]
[    3.905693] pci 0000:00:16.6: BAR 13: failed to assign [io  size 0x1000]
[    3.905704] pci 0000:00:16.7: BAR 13: no space for [io  size 0x1000]
[    3.905715] pci 0000:00:16.7: BAR 13: failed to assign [io  size 0x1000]
[    3.905726] pci 0000:00:17.3: BAR 13: no space for [io  size 0x1000]
[    3.905736] pci 0000:00:17.3: BAR 13: failed to assign [io  size 0x1000]
[    3.905748] pci 0000:00:17.4: BAR 13: no space for [io  size 0x1000]
[    3.905758] pci 0000:00:17.4: BAR 13: failed to assign [io  size 0x1000]
[    3.905770] pci 0000:00:17.5: BAR 13: no space for [io  size 0x1000]
[    3.905780] pci 0000:00:17.5: BAR 13: failed to assign [io  size 0x1000]
[    3.905791] pci 0000:00:17.6: BAR 13: no space for [io  size 0x1000]
[    3.905801] pci 0000:00:17.6: BAR 13: failed to assign [io  size 0x1000]
[    3.905812] pci 0000:00:17.7: BAR 13: no space for [io  size 0x1000]
[    3.905822] pci 0000:00:17.7: BAR 13: failed to assign [io  size 0x1000]
[    3.905834] pci 0000:00:18.2: BAR 13: no space for [io  size 0x1000]
[    3.905844] pci 0000:00:18.2: BAR 13: failed to assign [io  size 0x1000]
[    3.905855] pci 0000:00:18.3: BAR 13: no space for [io  size 0x1000]
[    3.905865] pci 0000:00:18.3: BAR 13: failed to assign [io  size 0x1000]
[    3.905876] pci 0000:00:18.4: BAR 13: no space for [io  size 0x1000]
[    3.905886] pci 0000:00:18.4: BAR 13: failed to assign [io  size 0x1000]
[    3.905897] pci 0000:00:18.5: BAR 13: no space for [io  size 0x1000]
[    3.905907] pci 0000:00:18.5: BAR 13: failed to assign [io  size 0x1000]
[    3.905918] pci 0000:00:18.6: BAR 13: no space for [io  size 0x1000]
[    3.905928] pci 0000:00:18.6: BAR 13: failed to assign [io  size 0x1000]
[    3.905940] pci 0000:00:18.7: BAR 13: no space for [io  size 0x1000]
[    3.905950] pci 0000:00:18.7: BAR 13: failed to assign [io  size 0x1000]
[    3.905997] pci 0000:00:18.7: BAR 13: no space for [io  size 0x1000]
[    3.906008] pci 0000:00:18.7: BAR 13: failed to assign [io  size 0x1000]
[    3.906020] pci 0000:00:18.6: BAR 13: no space for [io  size 0x1000]
[    3.906030] pci 0000:00:18.6: BAR 13: failed to assign [io  size 0x1000]
[    3.906041] pci 0000:00:18.5: BAR 13: no space for [io  size 0x1000]
[    3.906051] pci 0000:00:18.5: BAR 13: failed to assign [io  size 0x1000]
[    3.906063] pci 0000:00:18.4: BAR 13: no space for [io  size 0x1000]
[    3.906073] pci 0000:00:18.4: BAR 13: failed to assign [io  size 0x1000]
[    3.906084] pci 0000:00:18.3: BAR 13: no space for [io  size 0x1000]
[    3.906094] pci 0000:00:18.3: BAR 13: failed to assign [io  size 0x1000]
[    3.906105] pci 0000:00:18.2: BAR 13: no space for [io  size 0x1000]
[    3.906115] pci 0000:00:18.2: BAR 13: failed to assign [io  size 0x1000]
[    3.906127] pci 0000:00:17.7: BAR 13: no space for [io  size 0x1000]
[    3.906137] pci 0000:00:17.7: BAR 13: failed to assign [io  size 0x1000]
[    3.906148] pci 0000:00:17.6: BAR 13: no space for [io  size 0x1000]
[    3.906158] pci 0000:00:17.6: BAR 13: failed to assign [io  size 0x1000]
[    3.906170] pci 0000:00:17.5: BAR 13: no space for [io  size 0x1000]
[    3.906180] pci 0000:00:17.5: BAR 13: failed to assign [io  size 0x1000]
[    3.906191] pci 0000:00:17.4: BAR 13: no space for [io  size 0x1000]
[    3.906201] pci 0000:00:17.4: BAR 13: failed to assign [io  size 0x1000]
[    3.906213] pci 0000:00:17.3: BAR 13: no space for [io  size 0x1000]
[    3.906223] pci 0000:00:17.3: BAR 13: failed to assign [io  size 0x1000]
[    3.906234] pci 0000:00:16.7: BAR 13: no space for [io  size 0x1000]
[    3.906246] pci 0000:00:16.7: BAR 13: failed to assign [io  size 0x1000]
[    3.906257] pci 0000:00:16.6: BAR 13: no space for [io  size 0x1000]
[    3.906267] pci 0000:00:16.6: BAR 13: failed to assign [io  size 0x1000]
[    3.906278] pci 0000:00:16.5: BAR 13: no space for [io  size 0x1000]
[    3.906288] pci 0000:00:16.5: BAR 13: failed to assign [io  size 0x1000]
[    3.906299] pci 0000:00:16.4: BAR 13: no space for [io  size 0x1000]
[    3.906309] pci 0000:00:16.4: BAR 13: failed to assign [io  size 0x1000]
[    3.906321] pci 0000:00:16.3: BAR 13: no space for [io  size 0x1000]
[    3.906331] pci 0000:00:16.3: BAR 13: failed to assign [io  size 0x1000]
[    3.906342] pci 0000:00:15.7: BAR 13: no space for [io  size 0x1000]
[    3.906352] pci 0000:00:15.7: BAR 13: failed to assign [io  size 0x1000]
[    3.906364] pci 0000:00:15.6: BAR 13: no space for [io  size 0x1000]
[    3.906374] pci 0000:00:15.6: BAR 13: failed to assign [io  size 0x1000]
[    3.906385] pci 0000:00:15.5: BAR 13: no space for [io  size 0x1000]
[    3.906395] pci 0000:00:15.5: BAR 13: failed to assign [io  size 0x1000]
[    3.906407] pci 0000:00:15.4: BAR 13: no space for [io  size 0x1000]
[    3.906417] pci 0000:00:15.4: BAR 13: failed to assign [io  size 0x1000]
[    3.906428] pci 0000:00:15.3: BAR 13: no space for [io  size 0x1000]
[    3.906438] pci 0000:00:15.3: BAR 13: failed to assign [io  size 0x1000]
[    3.906452] pci 0000:00:01.0: PCI bridge to [bus 01]
[    3.906716] pci 0000:02:01.0: BAR 6: assigned [mem 0xfd500000-0xfd50ffff pref]
[    3.906728] pci 0000:02:05.0: BAR 6: assigned [mem 0xfd510000-0xfd51ffff pref]
[    3.906728] pci 0000:00:11.0: PCI bridge to [bus 02]
[    3.906728] pci 0000:00:11.0:   bridge window [io  0x2000-0x3fff]
[    3.906728] pci 0000:00:11.0:   bridge window [mem 0xfd500000-0xfdffffff]
[    3.906728] pci 0000:00:11.0:   bridge window [mem 0xe7b00000-0xe7ffffff 64bit pref]
[    3.906728] pci 0000:00:15.0: PCI bridge to [bus 03]
[    3.906728] pci 0000:00:15.0:   bridge window [io  0x4000-0x4fff]
[    3.906728] pci 0000:00:15.0:   bridge window [mem 0xfd400000-0xfd4fffff]
[    3.906728] pci 0000:00:15.0:   bridge window [mem 0xe7a00000-0xe7afffff 64bit pref]
[    3.906728] pci 0000:00:15.1: PCI bridge to [bus 04]
[    3.906728] pci 0000:00:15.1:   bridge window [io  0x8000-0x8fff]
[    3.906728] pci 0000:00:15.1:   bridge window [mem 0xfd000000-0xfd0fffff]
[    3.906728] pci 0000:00:15.1:   bridge window [mem 0xe7600000-0xe76fffff 64bit pref]
[    3.906728] pci 0000:00:15.2: PCI bridge to [bus 05]
[    3.906728] pci 0000:00:15.2:   bridge window [io  0xc000-0xcfff]
[    3.906728] pci 0000:00:15.2:   bridge window [mem 0xfcc00000-0xfccfffff]
[    3.906728] pci 0000:00:15.2:   bridge window [mem 0xe7200000-0xe72fffff 64bit pref]
[    3.906728] pci 0000:00:15.3: PCI bridge to [bus 06]
[    3.906728] pci 0000:00:15.3:   bridge window [mem 0xfc800000-0xfc8fffff]
[    3.906728] pci 0000:00:15.3:   bridge window [mem 0xe6e00000-0xe6efffff 64bit pref]
[    3.906728] pci 0000:00:15.4: PCI bridge to [bus 07]
[    3.906728] pci 0000:00:15.4:   bridge window [mem 0xfc400000-0xfc4fffff]
[    3.908754] pci 0000:00:15.4:   bridge window [mem 0xe6a00000-0xe6afffff 64bit pref]
[    3.908944] pci 0000:00:15.5: PCI bridge to [bus 08]
[    3.909032] pci 0000:00:15.5:   bridge window [mem 0xfc000000-0xfc0fffff]
[    3.909091] pci 0000:00:15.5:   bridge window [mem 0xe6600000-0xe66fffff 64bit pref]
[    3.909217] pci 0000:00:15.6: PCI bridge to [bus 09]
[    3.909283] pci 0000:00:15.6:   bridge window [mem 0xfbc00000-0xfbcfffff]
[    3.909329] pci 0000:00:15.6:   bridge window [mem 0xe6200000-0xe62fffff 64bit pref]
[    3.909469] pci 0000:00:15.7: PCI bridge to [bus 0a]
[    3.909535] pci 0000:00:15.7:   bridge window [mem 0xfb800000-0xfb8fffff]
[    3.909581] pci 0000:00:15.7:   bridge window [mem 0xe5e00000-0xe5efffff 64bit pref]
[    3.909712] pci 0000:00:16.0: PCI bridge to [bus 0b]
[    3.909778] pci 0000:00:16.0:   bridge window [io  0x5000-0x5fff]
[    3.909898] pci 0000:00:16.0:   bridge window [mem 0xfd300000-0xfd3fffff]
[    3.909945] pci 0000:00:16.0:   bridge window [mem 0xe7900000-0xe79fffff 64bit pref]
[    3.910068] pci 0000:00:16.1: PCI bridge to [bus 0c]
[    3.910132] pci 0000:00:16.1:   bridge window [io  0x9000-0x9fff]
[    3.910205] pci 0000:00:16.1:   bridge window [mem 0xfcf00000-0xfcffffff]
[    3.910253] pci 0000:00:16.1:   bridge window [mem 0xe7500000-0xe75fffff 64bit pref]
[    3.910382] pci 0000:00:16.2: PCI bridge to [bus 0d]
[    3.910416] pci 0000:00:16.2:   bridge window [io  0xd000-0xdfff]
[    3.910499] pci 0000:00:16.2:   bridge window [mem 0xfcb00000-0xfcbfffff]
[    3.910553] pci 0000:00:16.2:   bridge window [mem 0xe7100000-0xe71fffff 64bit pref]
[    3.910686] pci 0000:00:16.3: PCI bridge to [bus 0e]
[    3.910752] pci 0000:00:16.3:   bridge window [mem 0xfc700000-0xfc7fffff]
[    3.910800] pci 0000:00:16.3:   bridge window [mem 0xe6d00000-0xe6dfffff 64bit pref]
[    3.910931] pci 0000:00:16.4: PCI bridge to [bus 0f]
[    3.910996] pci 0000:00:16.4:   bridge window [mem 0xfc300000-0xfc3fffff]
[    3.911045] pci 0000:00:16.4:   bridge window [mem 0xe6900000-0xe69fffff 64bit pref]
[    3.911163] pci 0000:00:16.5: PCI bridge to [bus 10]
[    3.911227] pci 0000:00:16.5:   bridge window [mem 0xfbf00000-0xfbffffff]
[    3.911272] pci 0000:00:16.5:   bridge window [mem 0xe6500000-0xe65fffff 64bit pref]
[    3.911402] pci 0000:00:16.6: PCI bridge to [bus 11]
[    3.911475] pci 0000:00:16.6:   bridge window [mem 0xfbb00000-0xfbbfffff]
[    3.911520] pci 0000:00:16.6:   bridge window [mem 0xe6100000-0xe61fffff 64bit pref]
[    3.911637] pci 0000:00:16.7: PCI bridge to [bus 12]
[    3.911701] pci 0000:00:16.7:   bridge window [mem 0xfb700000-0xfb7fffff]
[    3.911747] pci 0000:00:16.7:   bridge window [mem 0xe5d00000-0xe5dfffff 64bit pref]
[    3.911865] pci 0000:00:17.0: PCI bridge to [bus 13]
[    3.911903] pci 0000:00:17.0:   bridge window [io  0x6000-0x6fff]
[    3.911969] pci 0000:00:17.0:   bridge window [mem 0xfd200000-0xfd2fffff]
[    3.912014] pci 0000:00:17.0:   bridge window [mem 0xe7800000-0xe78fffff 64bit pref]
[    3.912131] pci 0000:00:17.1: PCI bridge to [bus 14]
[    3.912164] pci 0000:00:17.1:   bridge window [io  0xa000-0xafff]
[    3.912242] pci 0000:00:17.1:   bridge window [mem 0xfce00000-0xfcefffff]
[    3.912288] pci 0000:00:17.1:   bridge window [mem 0xe7400000-0xe74fffff 64bit pref]
[    3.912405] pci 0000:00:17.2: PCI bridge to [bus 15]
[    3.912439] pci 0000:00:17.2:   bridge window [io  0xe000-0xefff]
[    3.912736] pci 0000:00:17.2:   bridge window [mem 0xfca00000-0xfcafffff]
[    3.912788] pci 0000:00:17.2:   bridge window [mem 0xe7000000-0xe70fffff 64bit pref]
[    3.912934] pci 0000:00:17.3: PCI bridge to [bus 16]
[    3.913025] pci 0000:00:17.3:   bridge window [mem 0xfc600000-0xfc6fffff]
[    3.913087] pci 0000:00:17.3:   bridge window [mem 0xe6c00000-0xe6cfffff 64bit pref]
[    3.913208] pci 0000:00:17.4: PCI bridge to [bus 17]
[    3.913274] pci 0000:00:17.4:   bridge window [mem 0xfc200000-0xfc2fffff]
[    3.913320] pci 0000:00:17.4:   bridge window [mem 0xe6800000-0xe68fffff 64bit pref]
[    3.913468] pci 0000:00:17.5: PCI bridge to [bus 18]
[    3.913548] pci 0000:00:17.5:   bridge window [mem 0xfbe00000-0xfbefffff]
[    3.913594] pci 0000:00:17.5:   bridge window [mem 0xe6400000-0xe64fffff 64bit pref]
[    3.913713] pci 0000:00:17.6: PCI bridge to [bus 19]
[    3.913778] pci 0000:00:17.6:   bridge window [mem 0xfba00000-0xfbafffff]
[    3.913824] pci 0000:00:17.6:   bridge window [mem 0xe6000000-0xe60fffff 64bit pref]
[    3.913941] pci 0000:00:17.7: PCI bridge to [bus 1a]
[    3.914006] pci 0000:00:17.7:   bridge window [mem 0xfb600000-0xfb6fffff]
[    3.914052] pci 0000:00:17.7:   bridge window [mem 0xe5c00000-0xe5cfffff 64bit pref]
[    3.914198] pci 0000:00:18.0: PCI bridge to [bus 1b]
[    3.914246] pci 0000:00:18.0:   bridge window [io  0x7000-0x7fff]
[    3.914313] pci 0000:00:18.0:   bridge window [mem 0xfd100000-0xfd1fffff]
[    3.914358] pci 0000:00:18.0:   bridge window [mem 0xe7700000-0xe77fffff 64bit pref]
[    3.914484] pci 0000:00:18.1: PCI bridge to [bus 1c]
[    3.914518] pci 0000:00:18.1:   bridge window [io  0xb000-0xbfff]
[    3.914584] pci 0000:00:18.1:   bridge window [mem 0xfcd00000-0xfcdfffff]
[    3.914629] pci 0000:00:18.1:   bridge window [mem 0xe7300000-0xe73fffff 64bit pref]
[    3.914750] pci 0000:00:18.2: PCI bridge to [bus 1d]
[    3.914816] pci 0000:00:18.2:   bridge window [mem 0xfc900000-0xfc9fffff]
[    3.914862] pci 0000:00:18.2:   bridge window [mem 0xe6f00000-0xe6ffffff 64bit pref]
[    3.914980] pci 0000:00:18.3: PCI bridge to [bus 1e]
[    3.915045] pci 0000:00:18.3:   bridge window [mem 0xfc500000-0xfc5fffff]
[    3.915091] pci 0000:00:18.3:   bridge window [mem 0xe6b00000-0xe6bfffff 64bit pref]
[    3.915212] pci 0000:00:18.4: PCI bridge to [bus 1f]
[    3.915277] pci 0000:00:18.4:   bridge window [mem 0xfc100000-0xfc1fffff]
[    3.915323] pci 0000:00:18.4:   bridge window [mem 0xe6700000-0xe67fffff 64bit pref]
[    3.915442] pci 0000:00:18.5: PCI bridge to [bus 20]
[    3.915518] pci 0000:00:18.5:   bridge window [mem 0xfbd00000-0xfbdfffff]
[    3.915564] pci 0000:00:18.5:   bridge window [mem 0xe6300000-0xe63fffff 64bit pref]
[    3.915683] pci 0000:00:18.6: PCI bridge to [bus 21]
[    3.915749] pci 0000:00:18.6:   bridge window [mem 0xfb900000-0xfb9fffff]
[    3.915796] pci 0000:00:18.6:   bridge window [mem 0xe5f00000-0xe5ffffff 64bit pref]
[    3.915915] pci 0000:00:18.7: PCI bridge to [bus 22]
[    3.915983] pci 0000:00:18.7:   bridge window [mem 0xfb500000-0xfb5fffff]
[    3.916029] pci 0000:00:18.7:   bridge window [mem 0xe5b00000-0xe5bfffff 64bit pref]
[    3.916155] pci_bus 0000:00: resource 4 [mem 0x000a0000-0x000bffff window]
[    3.916166] pci_bus 0000:00: resource 5 [mem 0x000d0000-0x000d3fff window]
[    3.916176] pci_bus 0000:00: resource 6 [mem 0x000d4000-0x000d7fff window]
[    3.916186] pci_bus 0000:00: resource 7 [mem 0x000d8000-0x000dbfff window]
[    3.916196] pci_bus 0000:00: resource 8 [mem 0xc0000000-0xfebfffff window]
[    3.916205] pci_bus 0000:00: resource 9 [io  0x0000-0x0cf7 window]
[    3.916216] pci_bus 0000:00: resource 10 [io  0x0d00-0xfeff window]
[    3.916227] pci_bus 0000:02: resource 0 [io  0x2000-0x3fff]
[    3.916237] pci_bus 0000:02: resource 1 [mem 0xfd500000-0xfdffffff]
[    3.916247] pci_bus 0000:02: resource 2 [mem 0xe7b00000-0xe7ffffff 64bit pref]
[    3.916257] pci_bus 0000:02: resource 4 [mem 0x000a0000-0x000bffff window]
[    3.916266] pci_bus 0000:02: resource 5 [mem 0x000d0000-0x000d3fff window]
[    3.916277] pci_bus 0000:02: resource 6 [mem 0x000d4000-0x000d7fff window]
[    3.916286] pci_bus 0000:02: resource 7 [mem 0x000d8000-0x000dbfff window]
[    3.916296] pci_bus 0000:02: resource 8 [mem 0xc0000000-0xfebfffff window]
[    3.916306] pci_bus 0000:02: resource 9 [io  0x0000-0x0cf7 window]
[    3.916316] pci_bus 0000:02: resource 10 [io  0x0d00-0xfeff window]
[    3.916326] pci_bus 0000:03: resource 0 [io  0x4000-0x4fff]
[    3.916336] pci_bus 0000:03: resource 1 [mem 0xfd400000-0xfd4fffff]
[    3.916346] pci_bus 0000:03: resource 2 [mem 0xe7a00000-0xe7afffff 64bit pref]
[    3.916356] pci_bus 0000:04: resource 0 [io  0x8000-0x8fff]
[    3.916366] pci_bus 0000:04: resource 1 [mem 0xfd000000-0xfd0fffff]
[    3.916376] pci_bus 0000:04: resource 2 [mem 0xe7600000-0xe76fffff 64bit pref]
[    3.916387] pci_bus 0000:05: resource 0 [io  0xc000-0xcfff]
[    3.916396] pci_bus 0000:05: resource 1 [mem 0xfcc00000-0xfccfffff]
[    3.916406] pci_bus 0000:05: resource 2 [mem 0xe7200000-0xe72fffff 64bit pref]
[    3.916416] pci_bus 0000:06: resource 1 [mem 0xfc800000-0xfc8fffff]
[    3.916426] pci_bus 0000:06: resource 2 [mem 0xe6e00000-0xe6efffff 64bit pref]
[    3.916436] pci_bus 0000:07: resource 1 [mem 0xfc400000-0xfc4fffff]
[    3.916450] pci_bus 0000:07: resource 2 [mem 0xe6a00000-0xe6afffff 64bit pref]
[    3.916462] pci_bus 0000:08: resource 1 [mem 0xfc000000-0xfc0fffff]
[    3.916476] pci_bus 0000:08: resource 2 [mem 0xe6600000-0xe66fffff 64bit pref]
[    3.916733] pci_bus 0000:09: resource 1 [mem 0xfbc00000-0xfbcfffff]
[    3.916744] pci_bus 0000:09: resource 2 [mem 0xe6200000-0xe62fffff 64bit pref]
[    3.916754] pci_bus 0000:0a: resource 1 [mem 0xfb800000-0xfb8fffff]
[    3.916764] pci_bus 0000:0a: resource 2 [mem 0xe5e00000-0xe5efffff 64bit pref]
[    3.916774] pci_bus 0000:0b: resource 0 [io  0x5000-0x5fff]
[    3.916784] pci_bus 0000:0b: resource 1 [mem 0xfd300000-0xfd3fffff]
[    3.916794] pci_bus 0000:0b: resource 2 [mem 0xe7900000-0xe79fffff 64bit pref]
[    3.916804] pci_bus 0000:0c: resource 0 [io  0x9000-0x9fff]
[    3.916814] pci_bus 0000:0c: resource 1 [mem 0xfcf00000-0xfcffffff]
[    3.916824] pci_bus 0000:0c: resource 2 [mem 0xe7500000-0xe75fffff 64bit pref]
[    3.916834] pci_bus 0000:0d: resource 0 [io  0xd000-0xdfff]
[    3.916844] pci_bus 0000:0d: resource 1 [mem 0xfcb00000-0xfcbfffff]
[    3.916854] pci_bus 0000:0d: resource 2 [mem 0xe7100000-0xe71fffff 64bit pref]
[    3.916865] pci_bus 0000:0e: resource 1 [mem 0xfc700000-0xfc7fffff]
[    3.916875] pci_bus 0000:0e: resource 2 [mem 0xe6d00000-0xe6dfffff 64bit pref]
[    3.916886] pci_bus 0000:0f: resource 1 [mem 0xfc300000-0xfc3fffff]
[    3.916895] pci_bus 0000:0f: resource 2 [mem 0xe6900000-0xe69fffff 64bit pref]
[    3.916906] pci_bus 0000:10: resource 1 [mem 0xfbf00000-0xfbffffff]
[    3.916916] pci_bus 0000:10: resource 2 [mem 0xe6500000-0xe65fffff 64bit pref]
[    3.916926] pci_bus 0000:11: resource 1 [mem 0xfbb00000-0xfbbfffff]
[    3.916936] pci_bus 0000:11: resource 2 [mem 0xe6100000-0xe61fffff 64bit pref]
[    3.916946] pci_bus 0000:12: resource 1 [mem 0xfb700000-0xfb7fffff]
[    3.916956] pci_bus 0000:12: resource 2 [mem 0xe5d00000-0xe5dfffff 64bit pref]
[    3.916967] pci_bus 0000:13: resource 0 [io  0x6000-0x6fff]
[    3.916977] pci_bus 0000:13: resource 1 [mem 0xfd200000-0xfd2fffff]
[    3.916987] pci_bus 0000:13: resource 2 [mem 0xe7800000-0xe78fffff 64bit pref]
[    3.916997] pci_bus 0000:14: resource 0 [io  0xa000-0xafff]
[    3.917007] pci_bus 0000:14: resource 1 [mem 0xfce00000-0xfcefffff]
[    3.917017] pci_bus 0000:14: resource 2 [mem 0xe7400000-0xe74fffff 64bit pref]
[    3.917028] pci_bus 0000:15: resource 0 [io  0xe000-0xefff]
[    3.917038] pci_bus 0000:15: resource 1 [mem 0xfca00000-0xfcafffff]
[    3.917048] pci_bus 0000:15: resource 2 [mem 0xe7000000-0xe70fffff 64bit pref]
[    3.917059] pci_bus 0000:16: resource 1 [mem 0xfc600000-0xfc6fffff]
[    3.917069] pci_bus 0000:16: resource 2 [mem 0xe6c00000-0xe6cfffff 64bit pref]
[    3.917079] pci_bus 0000:17: resource 1 [mem 0xfc200000-0xfc2fffff]
[    3.917089] pci_bus 0000:17: resource 2 [mem 0xe6800000-0xe68fffff 64bit pref]
[    3.917100] pci_bus 0000:18: resource 1 [mem 0xfbe00000-0xfbefffff]
[    3.917110] pci_bus 0000:18: resource 2 [mem 0xe6400000-0xe64fffff 64bit pref]
[    3.917120] pci_bus 0000:19: resource 1 [mem 0xfba00000-0xfbafffff]
[    3.917130] pci_bus 0000:19: resource 2 [mem 0xe6000000-0xe60fffff 64bit pref]
[    3.917140] pci_bus 0000:1a: resource 1 [mem 0xfb600000-0xfb6fffff]
[    3.917150] pci_bus 0000:1a: resource 2 [mem 0xe5c00000-0xe5cfffff 64bit pref]
[    3.917160] pci_bus 0000:1b: resource 0 [io  0x7000-0x7fff]
[    3.917170] pci_bus 0000:1b: resource 1 [mem 0xfd100000-0xfd1fffff]
[    3.917181] pci_bus 0000:1b: resource 2 [mem 0xe7700000-0xe77fffff 64bit pref]
[    3.917191] pci_bus 0000:1c: resource 0 [io  0xb000-0xbfff]
[    3.917201] pci_bus 0000:1c: resource 1 [mem 0xfcd00000-0xfcdfffff]
[    3.917211] pci_bus 0000:1c: resource 2 [mem 0xe7300000-0xe73fffff 64bit pref]
[    3.917221] pci_bus 0000:1d: resource 1 [mem 0xfc900000-0xfc9fffff]
[    3.917231] pci_bus 0000:1d: resource 2 [mem 0xe6f00000-0xe6ffffff 64bit pref]
[    3.917242] pci_bus 0000:1e: resource 1 [mem 0xfc500000-0xfc5fffff]
[    3.917252] pci_bus 0000:1e: resource 2 [mem 0xe6b00000-0xe6bfffff 64bit pref]
[    3.917262] pci_bus 0000:1f: resource 1 [mem 0xfc100000-0xfc1fffff]
[    3.917273] pci_bus 0000:1f: resource 2 [mem 0xe6700000-0xe67fffff 64bit pref]
[    3.917283] pci_bus 0000:20: resource 1 [mem 0xfbd00000-0xfbdfffff]
[    3.917293] pci_bus 0000:20: resource 2 [mem 0xe6300000-0xe63fffff 64bit pref]
[    3.917303] pci_bus 0000:21: resource 1 [mem 0xfb900000-0xfb9fffff]
[    3.917314] pci_bus 0000:21: resource 2 [mem 0xe5f00000-0xe5ffffff 64bit pref]
[    3.917325] pci_bus 0000:22: resource 1 [mem 0xfb500000-0xfb5fffff]
[    3.917335] pci_bus 0000:22: resource 2 [mem 0xe5b00000-0xe5bfffff 64bit pref]
[    3.917661] pci 0000:00:00.0: Limiting direct PCI/PCI transfers
[    3.917902] pci 0000:00:0f.0: Video device with shadowed ROM at [mem 0x000c0000-0x000dffff]
[    3.920159] pci 0000:02:01.0: CLS mismatch (32 != 64), using 64 bytes
[    3.922031] Trying to unpack rootfs image as initramfs...
[    4.901565] Freeing initrd memory: 50844K
[    4.901895] PCI-DMA: Using software bounce buffering for IO (SWIOTLB)
[    4.901905] software IO TLB: mapped [mem 0xbbed0000-0xbfed0000] (64MB)
[    4.902364] check: Scanning for low memory corruption every 60 seconds
[    4.906204] Initialise system trusted keyrings
[    4.906237] Key type blacklist registered
[    4.907192] workingset: timestamp_bits=36 max_order=20 bucket_order=0
[    4.910275] zbud: loaded
[    4.910907] squashfs: version 4.0 (2009/01/31) Phillip Lougher
[    4.912093] fuse: init (API version 7.31)
[    4.913259] integrity: Platform Keyring initialized
[    4.952420] Key type asymmetric registered
[    4.952431] Asymmetric key parser 'x509' registered
[    4.952458] Block layer SCSI generic (bsg) driver version 0.4 loaded (major 244)
[    4.953541] io scheduler mq-deadline registered
[    4.955891] pcieport 0000:00:15.0: PME: Signaling with IRQ 24
[    4.956085] pcieport 0000:00:15.0: pciehp: Slot #160 AttnBtn+ PwrCtrl+ MRL- AttnInd- PwrInd- HotPlug+ Surprise- Interlock- NoCompl+ IbPresDis- LLActRep+
[    4.958608] pcieport 0000:00:15.1: PME: Signaling with IRQ 25
[    4.958775] pcieport 0000:00:15.1: pciehp: Slot #161 AttnBtn+ PwrCtrl+ MRL- AttnInd- PwrInd- HotPlug+ Surprise- Interlock- NoCompl+ IbPresDis- LLActRep+
[    4.961355] pcieport 0000:00:15.2: PME: Signaling with IRQ 26
[    4.961538] pcieport 0000:00:15.2: pciehp: Slot #162 AttnBtn+ PwrCtrl+ MRL- AttnInd- PwrInd- HotPlug+ Surprise- Interlock- NoCompl+ IbPresDis- LLActRep+
[    4.964206] pcieport 0000:00:15.3: PME: Signaling with IRQ 27
[    4.964379] pcieport 0000:00:15.3: pciehp: Slot #163 AttnBtn+ PwrCtrl+ MRL- AttnInd- PwrInd- HotPlug+ Surprise- Interlock- NoCompl+ IbPresDis- LLActRep+
[    4.966948] pcieport 0000:00:15.4: PME: Signaling with IRQ 28
[    4.967138] pcieport 0000:00:15.4: pciehp: Slot #164 AttnBtn+ PwrCtrl+ MRL- AttnInd- PwrInd- HotPlug+ Surprise- Interlock- NoCompl+ IbPresDis- LLActRep+
[    4.969675] pcieport 0000:00:15.5: PME: Signaling with IRQ 29
[    4.969854] pcieport 0000:00:15.5: pciehp: Slot #165 AttnBtn+ PwrCtrl+ MRL- AttnInd- PwrInd- HotPlug+ Surprise- Interlock- NoCompl+ IbPresDis- LLActRep+
[    4.972585] pcieport 0000:00:15.6: PME: Signaling with IRQ 30
[    4.972754] pcieport 0000:00:15.6: pciehp: Slot #166 AttnBtn+ PwrCtrl+ MRL- AttnInd- PwrInd- HotPlug+ Surprise- Interlock- NoCompl+ IbPresDis- LLActRep+
[    4.975088] pcieport 0000:00:15.7: PME: Signaling with IRQ 31
[    4.975263] pcieport 0000:00:15.7: pciehp: Slot #167 AttnBtn+ PwrCtrl+ MRL- AttnInd- PwrInd- HotPlug+ Surprise- Interlock- NoCompl+ IbPresDis- LLActRep+
[    4.977896] pcieport 0000:00:16.0: PME: Signaling with IRQ 32
[    4.978063] pcieport 0000:00:16.0: pciehp: Slot #192 AttnBtn+ PwrCtrl+ MRL- AttnInd- PwrInd- HotPlug+ Surprise- Interlock- NoCompl+ IbPresDis- LLActRep+
[    4.981338] pcieport 0000:00:16.1: PME: Signaling with IRQ 33
[    4.981566] pcieport 0000:00:16.1: pciehp: Slot #193 AttnBtn+ PwrCtrl+ MRL- AttnInd- PwrInd- HotPlug+ Surprise- Interlock- NoCompl+ IbPresDis- LLActRep+
[    4.984445] pcieport 0000:00:16.2: PME: Signaling with IRQ 34
[    4.984720] pcieport 0000:00:16.2: pciehp: Slot #194 AttnBtn+ PwrCtrl+ MRL- AttnInd- PwrInd- HotPlug+ Surprise- Interlock- NoCompl+ IbPresDis- LLActRep+
[    4.988521] pcieport 0000:00:16.3: PME: Signaling with IRQ 35
[    4.988771] pcieport 0000:00:16.3: pciehp: Slot #195 AttnBtn+ PwrCtrl+ MRL- AttnInd- PwrInd- HotPlug+ Surprise- Interlock- NoCompl+ IbPresDis- LLActRep+
[    4.991700] pcieport 0000:00:16.4: PME: Signaling with IRQ 36
[    4.991872] pcieport 0000:00:16.4: pciehp: Slot #196 AttnBtn+ PwrCtrl+ MRL- AttnInd- PwrInd- HotPlug+ Surprise- Interlock- NoCompl+ IbPresDis- LLActRep+
[    4.994417] pcieport 0000:00:16.5: PME: Signaling with IRQ 37
[    4.994798] pcieport 0000:00:16.5: pciehp: Slot #197 AttnBtn+ PwrCtrl+ MRL- AttnInd- PwrInd- HotPlug+ Surprise- Interlock- NoCompl+ IbPresDis- LLActRep+
[    4.997355] pcieport 0000:00:16.6: PME: Signaling with IRQ 38
[    4.997541] pcieport 0000:00:16.6: pciehp: Slot #198 AttnBtn+ PwrCtrl+ MRL- AttnInd- PwrInd- HotPlug+ Surprise- Interlock- NoCompl+ IbPresDis- LLActRep+
[    5.000097] pcieport 0000:00:16.7: PME: Signaling with IRQ 39
[    5.000282] pcieport 0000:00:16.7: pciehp: Slot #199 AttnBtn+ PwrCtrl+ MRL- AttnInd- PwrInd- HotPlug+ Surprise- Interlock- NoCompl+ IbPresDis- LLActRep+
[    5.002732] pcieport 0000:00:17.0: PME: Signaling with IRQ 40
[    5.002911] pcieport 0000:00:17.0: pciehp: Slot #224 AttnBtn+ PwrCtrl+ MRL- AttnInd- PwrInd- HotPlug+ Surprise- Interlock- NoCompl+ IbPresDis- LLActRep+
[    5.005161] pcieport 0000:00:17.1: PME: Signaling with IRQ 41
[    5.005347] pcieport 0000:00:17.1: pciehp: Slot #225 AttnBtn+ PwrCtrl+ MRL- AttnInd- PwrInd- HotPlug+ Surprise- Interlock- NoCompl+ IbPresDis- LLActRep+
[    5.007642] pcieport 0000:00:17.2: PME: Signaling with IRQ 42
[    5.007816] pcieport 0000:00:17.2: pciehp: Slot #226 AttnBtn+ PwrCtrl+ MRL- AttnInd- PwrInd- HotPlug+ Surprise- Interlock- NoCompl+ IbPresDis- LLActRep+
[    5.010142] pcieport 0000:00:17.3: PME: Signaling with IRQ 43
[    5.010315] pcieport 0000:00:17.3: pciehp: Slot #227 AttnBtn+ PwrCtrl+ MRL- AttnInd- PwrInd- HotPlug+ Surprise- Interlock- NoCompl+ IbPresDis- LLActRep+
[    5.012827] pcieport 0000:00:17.4: PME: Signaling with IRQ 44
[    5.013004] pcieport 0000:00:17.4: pciehp: Slot #228 AttnBtn+ PwrCtrl+ MRL- AttnInd- PwrInd- HotPlug+ Surprise- Interlock- NoCompl+ IbPresDis- LLActRep+
[    5.015420] pcieport 0000:00:17.5: PME: Signaling with IRQ 45
[    5.015609] pcieport 0000:00:17.5: pciehp: Slot #229 AttnBtn+ PwrCtrl+ MRL- AttnInd- PwrInd- HotPlug+ Surprise- Interlock- NoCompl+ IbPresDis- LLActRep+
[    5.017990] pcieport 0000:00:17.6: PME: Signaling with IRQ 46
[    5.018174] pcieport 0000:00:17.6: pciehp: Slot #230 AttnBtn+ PwrCtrl+ MRL- AttnInd- PwrInd- HotPlug+ Surprise- Interlock- NoCompl+ IbPresDis- LLActRep+
[    5.020606] pcieport 0000:00:17.7: PME: Signaling with IRQ 47
[    5.020778] pcieport 0000:00:17.7: pciehp: Slot #231 AttnBtn+ PwrCtrl+ MRL- AttnInd- PwrInd- HotPlug+ Surprise- Interlock- NoCompl+ IbPresDis- LLActRep+
[    5.023558] pcieport 0000:00:18.0: PME: Signaling with IRQ 48
[    5.023755] pcieport 0000:00:18.0: pciehp: Slot #256 AttnBtn+ PwrCtrl+ MRL- AttnInd- PwrInd- HotPlug+ Surprise- Interlock- NoCompl+ IbPresDis- LLActRep+
[    5.026266] pcieport 0000:00:18.1: PME: Signaling with IRQ 49
[    5.026453] pcieport 0000:00:18.1: pciehp: Slot #257 AttnBtn+ PwrCtrl+ MRL- AttnInd- PwrInd- HotPlug+ Surprise- Interlock- NoCompl+ IbPresDis- LLActRep+
[    5.029167] pcieport 0000:00:18.2: PME: Signaling with IRQ 50
[    5.029349] pcieport 0000:00:18.2: pciehp: Slot #258 AttnBtn+ PwrCtrl+ MRL- AttnInd- PwrInd- HotPlug+ Surprise- Interlock- NoCompl+ IbPresDis- LLActRep+
[    5.032171] pcieport 0000:00:18.3: PME: Signaling with IRQ 51
[    5.032341] pcieport 0000:00:18.3: pciehp: Slot #259 AttnBtn+ PwrCtrl+ MRL- AttnInd- PwrInd- HotPlug+ Surprise- Interlock- NoCompl+ IbPresDis- LLActRep+
[    5.034978] pcieport 0000:00:18.4: PME: Signaling with IRQ 52
[    5.035161] pcieport 0000:00:18.4: pciehp: Slot #260 AttnBtn+ PwrCtrl+ MRL- AttnInd- PwrInd- HotPlug+ Surprise- Interlock- NoCompl+ IbPresDis- LLActRep+
[    5.037540] pcieport 0000:00:18.5: PME: Signaling with IRQ 53
[    5.037711] pcieport 0000:00:18.5: pciehp: Slot #261 AttnBtn+ PwrCtrl+ MRL- AttnInd- PwrInd- HotPlug+ Surprise- Interlock- NoCompl+ IbPresDis- LLActRep+
[    5.040243] pcieport 0000:00:18.6: PME: Signaling with IRQ 54
[    5.040435] pcieport 0000:00:18.6: pciehp: Slot #262 AttnBtn+ PwrCtrl+ MRL- AttnInd- PwrInd- HotPlug+ Surprise- Interlock- NoCompl+ IbPresDis- LLActRep+
[    5.042916] pcieport 0000:00:18.7: PME: Signaling with IRQ 55
[    5.043086] pcieport 0000:00:18.7: pciehp: Slot #263 AttnBtn+ PwrCtrl+ MRL- AttnInd- PwrInd- HotPlug+ Surprise- Interlock- NoCompl+ IbPresDis- LLActRep+
[    5.044769] shpchp: Standard Hot Plug PCI Controller Driver version: 0.4
[    5.044876] intel_idle: Please enable MWAIT in BIOS SETUP
[    5.045529] ACPI: AC Adapter [ACAD] (on-line)
[    5.045830] input: Power Button as /devices/LNXSYSTM:00/LNXPWRBN:00/input/input0
[    5.045978] ACPI: Power Button [PWRF]
[    5.049903] Serial: 8250/16550 driver, 32 ports, IRQ sharing enabled
[    5.074167] 00:05: ttyS0 at I/O 0x3f8 (irq = 4, base_baud = 115200) is a 16550A
[    5.231831] Linux agpgart interface v0.103
[    5.232010] agpgart-intel 0000:00:00.0: Intel 440BX Chipset
[    5.242317] agpgart-intel 0000:00:00.0: AGP aperture is 256M @ 0x0
[    5.288078] loop: module loaded
[    5.288801] ata_piix 0000:00:07.1: version 2.13
[    5.291959] scsi host0: ata_piix
[    5.294311] scsi host1: ata_piix
[    5.294545] ata1: PATA max UDMA/33 cmd 0x1f0 ctl 0x3f6 bmdma 0x1060 irq 14
[    5.294560] ata2: PATA max UDMA/33 cmd 0x170 ctl 0x376 bmdma 0x1068 irq 15
[    5.295102] libphy: Fixed MDIO Bus: probed
[    5.295118] tun: Universal TUN/TAP device driver, 1.6
[    5.295255] PPP generic driver version 2.4.2
[    5.295533] VFIO - User Level meta-driver version: 0.3
[    5.296384] ehci_hcd: USB 2.0 'Enhanced' Host Controller (EHCI) Driver
[    5.296471] ehci-pci: EHCI PCI platform driver
[    5.297570] ehci-pci 0000:02:03.0: EHCI Host Controller
[    5.297587] ehci-pci 0000:02:03.0: new USB bus registered, assigned bus number 1
[    5.298103] ehci-pci 0000:02:03.0: cache line size of 64 is not supported
[    5.298217] ehci-pci 0000:02:03.0: irq 17, io mem 0xfd5ef000
[    5.311914] ehci-pci 0000:02:03.0: USB 2.0 started, EHCI 1.00
[    5.312728] usb usb1: New USB device found, idVendor=1d6b, idProduct=0002, bcdDevice= 5.08
[    5.312740] usb usb1: New USB device strings: Mfr=3, Product=2, SerialNumber=1
[    5.312750] usb usb1: Product: EHCI Host Controller
[    5.312760] usb usb1: Manufacturer: Linux 5.8.0-44-generic ehci_hcd
[    5.312771] usb usb1: SerialNumber: 0000:02:03.0
[    5.313228] hub 1-0:1.0: USB hub found
[    5.313334] hub 1-0:1.0: 6 ports detected
[    5.315006] ehci-platform: EHCI generic platform driver
[    5.315033] ohci_hcd: USB 1.1 'Open' Host Controller (OHCI) Driver
[    5.315050] ohci-pci: OHCI PCI platform driver
[    5.315079] ohci-platform: OHCI generic platform driver
[    5.315097] uhci_hcd: USB Universal Host Controller Interface driver
[    5.315998] uhci_hcd 0000:02:00.0: UHCI Host Controller
[    5.316013] uhci_hcd 0000:02:00.0: new USB bus registered, assigned bus number 2
[    5.316077] uhci_hcd 0000:02:00.0: detected 2 ports
[    5.316429] uhci_hcd 0000:02:00.0: irq 18, io base 0x00002080
[    5.316963] usb usb2: New USB device found, idVendor=1d6b, idProduct=0001, bcdDevice= 5.08
[    5.316974] usb usb2: New USB device strings: Mfr=3, Product=2, SerialNumber=1
[    5.316984] usb usb2: Product: UHCI Host Controller
[    5.316994] usb usb2: Manufacturer: Linux 5.8.0-44-generic uhci_hcd
[    5.317004] usb usb2: SerialNumber: 0000:02:00.0
[    5.317298] hub 2-0:1.0: USB hub found
[    5.317358] hub 2-0:1.0: 2 ports detected
[    5.318206] i8042: PNP: PS/2 Controller [PNP0303:KBC,PNP0f13:MOUS] at 0x60,0x64 irq 1,12
[    5.320216] serio: i8042 KBD port at 0x60,0x64 irq 1
[    5.320250] serio: i8042 AUX port at 0x60,0x64 irq 12
[    5.320701] mousedev: PS/2 mouse device common for all mice
[    5.344631] input: AT Translated Set 2 keyboard as /devices/platform/i8042/serio0/input/input1
[    5.344743] rtc_cmos 00:01: registered as rtc0
[    5.345428] rtc_cmos 00:01: setting system clock to 2021-05-10T07:27:17 UTC (1620631637)
[    5.345462] rtc_cmos 00:01: alarms up to one month, y3k, 114 bytes nvram, hpet irqs
[    5.345549] i2c /dev entries driver
[    5.345682] device-mapper: uevent: version 1.0.3
[    5.346241] device-mapper: ioctl: 4.42.0-ioctl (2020-02-27) initialised: dm-devel@redhat.com
[    5.346285] platform eisa.0: Probing EISA bus 0
[    5.346297] platform eisa.0: EISA: Cannot allocate resource for mainboard
[    5.346308] platform eisa.0: Cannot allocate resource for EISA slot 1
[    5.346319] platform eisa.0: Cannot allocate resource for EISA slot 2
[    5.346329] platform eisa.0: Cannot allocate resource for EISA slot 3
[    5.346339] platform eisa.0: Cannot allocate resource for EISA slot 4
[    5.346349] platform eisa.0: Cannot allocate resource for EISA slot 5
[    5.346358] platform eisa.0: Cannot allocate resource for EISA slot 6
[    5.346368] platform eisa.0: Cannot allocate resource for EISA slot 7
[    5.346377] platform eisa.0: Cannot allocate resource for EISA slot 8
[    5.346387] platform eisa.0: EISA: Detected 0 cards
[    5.346398] intel_pstate: CPU model not supported
[    5.348549] ledtrig-cpu: registered to indicate activity on CPUs
[    5.348975] intel_pmc_core intel_pmc_core.0:  initialized
[    5.349271] drop_monitor: Initializing network drop monitor service
[    5.349800] NET: Registered protocol family 10
[    5.371323] Segment Routing with IPv6
[    5.371361] NET: Registered protocol family 17
[    5.372045] Key type dns_resolver registered
[    5.374219] IPI shorthand broadcast: enabled
[    5.374243] sched_clock: Marking stable (5334483734, 39374833)->(7516333295, -2142474728)
[    5.375374] registered taskstats version 1
[    5.375397] Loading compiled-in X.509 certificates
[    5.377425] Loaded X.509 cert 'Build time autogenerated kernel key: a3e9eb9032099963d398e4d4d5991ce491952397'
[    5.377931] zswap: loaded using pool lzo/zbud
[    5.379923] Key type ._fscrypt registered
[    5.379933] Key type .fscrypt registered
[    5.379943] Key type fscrypt-provisioning registered
[    5.387118] Key type encrypted registered
[    5.387132] AppArmor: AppArmor sha1 policy hashing enabled
[    5.387150] ima: No TPM chip found, activating TPM-bypass!
[    5.387168] ima: Allocated hash algorithm: sha1
[    5.387183] ima: No architecture policies found
[    5.387257] evm: Initialising EVM extended attributes:
[    5.387267] evm: security.selinux
[    5.387276] evm: security.SMACK64
[    5.387285] evm: security.SMACK64EXEC
[    5.387293] evm: security.SMACK64TRANSMUTE
[    5.387302] evm: security.SMACK64MMAP
[    5.387310] evm: security.apparmor
[    5.387319] evm: security.ima
[    5.387328] evm: security.capability
[    5.387337] evm: HMAC attrs: 0x1
[    5.390348] PM:   Magic number: 5:411:470
[    5.390476] acpi PNP0C80:103: hash matches
[    5.391377] RAS: Correctable Errors collector initialized.
[    5.524637] Freeing unused decrypted memory: 2040K
[    5.525218] Freeing unused kernel image (initmem) memory: 2640K
[    5.525238] Write protecting the kernel read-only data: 22528k
[    5.526067] Freeing unused kernel image (text/rodata gap) memory: 2044K
[    5.526564] Freeing unused kernel image (rodata/data gap) memory: 756K
[    5.583331] x86/mm: Checked W+X mappings: passed, no W+X pages found.
[    5.583355] Run /init as init process
[    5.583366]   with arguments:
[    5.583375]     /init
[    5.583384]     auto
[    5.583394]     noprompt
[    5.583402]   with environment:
[    5.583411]     HOME=/
[    5.583420]     TERM=linux
[    5.583430]     BOOT_IMAGE=/boot/vmlinuz-5.8.0-44-generic
[    5.583438]     find_preseed=/preseed.cfg
[    5.583448]     priority=critical
[    5.583457]     locale=en_US
[    5.660007] usb 2-1: new full-speed USB device number 2 using uhci_hcd
[    5.850014] usb 2-1: New USB device found, idVendor=0e0f, idProduct=0003, bcdDevice= 1.03
[    5.850028] usb 2-1: New USB device strings: Mfr=1, Product=2, SerialNumber=0
[    5.850040] usb 2-1: Product: VMware Virtual USB Mouse
[    5.850052] usb 2-1: Manufacturer: VMware
[    5.925213] tsc: Refined TSC clocksource calibration: 2112.011 MHz
[    5.926980] clocksource: tsc: mask: 0xffffffffffffffff max_cycles: 0x1e718300d46, max_idle_ns: 440795287503 ns
[    5.927892] clocksource: Switched to clocksource tsc
[    5.996979] usb 2-2: new full-speed USB device number 3 using uhci_hcd
[    6.195287] usb 2-2: New USB device found, idVendor=0e0f, idProduct=0002, bcdDevice= 1.00
[    6.195306] usb 2-2: New USB device strings: Mfr=1, Product=2, SerialNumber=0
[    6.195324] usb 2-2: Product: VMware Virtual USB Hub
[    6.195341] usb 2-2: Manufacturer: VMware, Inc.
[    6.210320] hub 2-2:1.0: USB hub found
[    6.216205] hub 2-2:1.0: 7 ports detected
[    6.248922] hid: raw HID events driver (C) Jiri Kosina
[    6.258391] usbcore: registered new interface driver usbhid
[    6.258407] usbhid: USB HID core driver
[    6.263543] piix4_smbus 0000:00:07.3: SMBus Host Controller not enabled!
[    6.272155] Fusion MPT base driver 3.04.20
[    6.272168] Copyright (c) 1999-2008 LSI Corporation
[    6.289405] Fusion MPT SPI Host driver 3.04.20
[    6.295453] mptbase: ioc0: Initiating bringup
[    6.295633] e1000: Intel(R) PRO/1000 Network Driver - version 7.3.21-k8-NAPI
[    6.295648] e1000: Copyright (c) 1999-2006 Intel Corporation.
[    6.300503] ahci 0000:02:05.0: version 3.0
[    6.308250] ahci 0000:02:05.0: AHCI 0001.0300 32 slots 30 ports 6 Gbps 0x3fffffff impl SATA mode
[    6.308266] ahci 0000:02:05.0: flags: 64bit ncq clo only 
[    6.340359] input: VirtualPS/2 VMware VMMouse as /devices/platform/i8042/serio1/input/input4
[    6.341996] input: VirtualPS/2 VMware VMMouse as /devices/platform/i8042/serio1/input/input3
[    6.354135] scsi host2: ahci
[    6.358022] scsi host3: ahci
[    6.363501] scsi host4: ahci
[    6.366440] scsi host5: ahci
[    6.369332] scsi host6: ahci
[    6.372311] scsi host7: ahci
[    6.375067] scsi host8: ahci
[    6.379681] scsi host9: ahci
[    6.381720] scsi host10: ahci
[    6.384491] scsi host11: ahci
[    6.388384] scsi host12: ahci
[    6.393392] scsi host13: ahci
[    6.397451] scsi host14: ahci
[    6.400199] scsi host15: ahci
[    6.401976] scsi host16: ahci
[    6.403830] scsi host17: ahci
[    6.405834] scsi host18: ahci
[    6.407779] scsi host19: ahci
[    6.409879] scsi host20: ahci
[    6.411808] scsi host21: ahci
[    6.412941] ioc0: LSI53C1030 B0: Capabilities={Initiator}
[    6.414304] scsi host22: ahci
[    6.416934] scsi host23: ahci
[    6.418954] scsi host24: ahci
[    6.421236] scsi host25: ahci
[    6.423391] scsi host26: ahci
[    6.425555] scsi host27: ahci
[    6.427882] scsi host28: ahci
[    6.430240] scsi host29: ahci
[    6.432846] scsi host30: ahci
[    6.435317] scsi host31: ahci
[    6.435855] ata3: SATA max UDMA/133 abar m4096@0xfd5ee000 port 0xfd5ee100 irq 56
[    6.435874] ata4: SATA max UDMA/133 abar m4096@0xfd5ee000 port 0xfd5ee180 irq 56
[    6.435890] ata5: SATA max UDMA/133 abar m4096@0xfd5ee000 port 0xfd5ee200 irq 56
[    6.435905] ata6: SATA max UDMA/133 abar m4096@0xfd5ee000 port 0xfd5ee280 irq 56
[    6.435920] ata7: SATA max UDMA/133 abar m4096@0xfd5ee000 port 0xfd5ee300 irq 56
[    6.435937] ata8: SATA max UDMA/133 abar m4096@0xfd5ee000 port 0xfd5ee380 irq 56
[    6.435952] ata9: SATA max UDMA/133 abar m4096@0xfd5ee000 port 0xfd5ee400 irq 56
[    6.435966] ata10: SATA max UDMA/133 abar m4096@0xfd5ee000 port 0xfd5ee480 irq 56
[    6.435981] ata11: SATA max UDMA/133 abar m4096@0xfd5ee000 port 0xfd5ee500 irq 56
[    6.435995] ata12: SATA max UDMA/133 abar m4096@0xfd5ee000 port 0xfd5ee580 irq 56
