[    0.000000] Linux version 5.8.0-44-generic (buildd@lgw01-amd64-054) (gcc (Ubuntu 9.3.0-17ubuntu1~20.04) 9.3.0, GNU ld (GNU Binutils for Ubuntu) 2.34) #50~20.04.1-Ubuntu SMP Wed Feb 10 21:07:30 UTC 2021 (Ubuntu 5.8.0-44.50~20.04.1-generic 5.8.18)
[    0.000000] Command line: BOOT_IMAGE=/boot/vmlinuz-5.8.0-44-generic root=UUID=22a9d688-4e4b-4558-9d81-58847257ab72 ro find_preseed=/preseed.cfg auto noprompt priority=critical locale=en_US quiet
[    0.000000] KERNEL supported cpus:
[    0.000000]   Intel GenuineIntel
[    0.000000]   AMD AuthenticAMD
[    0.000000]   Hygon HygonGenuine
[    0.000000]   Centaur CentaurHauls
[    0.000000]   zhaoxin   Shanghai  
[    0.000000] Disabled fast string operations
[    0.000000] x86/fpu: Supporting XSAVE feature 0x001: 'x87 floating point registers'
[    0.000000] x86/fpu: Supporting XSAVE feature 0x002: 'SSE registers'
[    0.000000] x86/fpu: Supporting XSAVE feature 0x004: 'AVX registers'
[    0.000000] x86/fpu: xstate_offset[2]:  576, xstate_sizes[2]:  256
[    0.000000] x86/fpu: Enabled xstate features 0x7, context size is 832 bytes, using 'compacted' format.
[    0.000000] BIOS-provided physical RAM map:
[    0.000000] BIOS-e820: [mem 0x0000000000000000-0x000000000009e7ff] usable
[    0.000000] BIOS-e820: [mem 0x000000000009e800-0x000000000009ffff] reserved
[    0.000000] BIOS-e820: [mem 0x00000000000dc000-0x00000000000fffff] reserved
[    0.000000] BIOS-e820: [mem 0x0000000000100000-0x00000000bfecffff] usable
[    0.000000] BIOS-e820: [mem 0x00000000bfed0000-0x00000000bfefefff] ACPI data
[    0.000000] BIOS-e820: [mem 0x00000000bfeff000-0x00000000bfefffff] ACPI NVS
[    0.000000] BIOS-e820: [mem 0x00000000bff00000-0x00000000bfffffff] usable
[    0.000000] BIOS-e820: [mem 0x00000000f0000000-0x00000000f7ffffff] reserved
[    0.000000] BIOS-e820: [mem 0x00000000fec00000-0x00000000fec0ffff] reserved
[    0.000000] BIOS-e820: [mem 0x00000000fee00000-0x00000000fee00fff] reserved
[    0.000000] BIOS-e820: [mem 0x00000000fffe0000-0x00000000ffffffff] reserved
[    0.000000] BIOS-e820: [mem 0x0000000100000000-0x000000013fffffff] usable
[    0.000000] NX (Execute Disable) protection: active
[    0.000000] SMBIOS 2.7 present.
[    0.000000] DMI: VMware, Inc. VMware Virtual Platform/440BX Desktop Reference Platform, BIOS 6.00 07/22/2020
[    0.000000] vmware: hypercall mode: 0x02
[    0.000000] Hypervisor detected: VMware
[    0.000000] vmware: TSC freq read from hypervisor : 2112.006 MHz
[    0.000000] vmware: Host bus clock speed read from hypervisor : 66000000 Hz
[    0.000000] vmware: using clock offset of 25406500690 ns
[    0.000023] tsc: Detected 2112.006 MHz processor
[    0.002015] e820: update [mem 0x00000000-0x00000fff] usable ==> reserved
[    0.002018] e820: remove [mem 0x000a0000-0x000fffff] usable
[    0.002023] last_pfn = 0x140000 max_arch_pfn = 0x400000000
[    0.002062] MTRR default type: uncachable
[    0.002063] MTRR fixed ranges enabled:
[    0.002064]   00000-9FFFF write-back
[    0.002065]   A0000-BFFFF uncachable
[    0.002065]   C0000-CFFFF write-protect
[    0.002066]   D0000-EFFFF uncachable
[    0.002066]   F0000-FFFFF write-protect
[    0.002067] MTRR variable ranges enabled:
[    0.002068]   0 base 000000000000 mask 1FE000000000 write-back
[    0.002069]   1 base 0000C0000000 mask 1FFFC0000000 uncachable
[    0.002069]   2 disabled
[    0.002070]   3 disabled
[    0.002070]   4 disabled
[    0.002070]   5 disabled
[    0.002071]   6 disabled
[    0.002071]   7 disabled
[    0.002079] x86/PAT: Configuration [0-7]: WB  WC  UC- UC  WB  WP  UC- WT  
[    0.002089] total RAM covered: 130048M
[    0.002485] Found optimal setting for mtrr clean up
[    0.002486]  gran_size: 64K 	chunk_size: 64K 	num_reg: 7  	lose cover RAM: 0G
[    0.002518] e820: update [mem 0xc0000000-0xffffffff] usable ==> reserved
[    0.002522] last_pfn = 0xc0000 max_arch_pfn = 0x400000000
[    0.011679] found SMP MP-table at [mem 0x000f6a70-0x000f6a7f]
[    0.043915] check: Scanning 1 areas for low memory corruption
[    0.043963] Using GB pages for direct mapping
[    0.044089] RAMDISK: [mem 0x31ca1000-0x34e47fff]
[    0.044123] ACPI: Early table checksum verification disabled
[    0.044128] ACPI: RSDP 0x00000000000F6A00 000024 (v02 PTLTD )
[    0.044131] ACPI: XSDT 0x00000000BFEDC633 00005C (v01 INTEL  440BX    06040000 VMW  01324272)
[    0.044136] ACPI: FACP 0x00000000BFEFEE73 0000F4 (v04 INTEL  440BX    06040000 PTL  000F4240)
[    0.044142] ACPI: DSDT 0x00000000BFEDD9E8 02148B (v01 PTLTD  Custom   06040000 MSFT 03000001)
[    0.044161] ACPI: FACS 0x00000000BFEFFFC0 000040
[    0.044165] ACPI: FACS 0x00000000BFEFFFC0 000040
[    0.044168] ACPI: BOOT 0x00000000BFEDD9C0 000028 (v01 PTLTD  $SBFTBL$ 06040000  LTP 00000001)
[    0.044172] ACPI: APIC 0x00000000BFEDD27E 000742 (v01 PTLTD  ? APIC   06040000  LTP 00000000)
[    0.044174] ACPI: MCFG 0x00000000BFEDD242 00003C (v01 PTLTD  $PCITBL$ 06040000  LTP 00000001)
[    0.044177] ACPI: SRAT 0x00000000BFEDC72F 0008D0 (v02 VMWARE MEMPLUG  06040000 VMW  00000001)
[    0.044180] ACPI: HPET 0x00000000BFEDC6F7 000038 (v01 VMWARE VMW HPET 06040000 VMW  00000001)
[    0.044183] ACPI: WAET 0x00000000BFEDC6CF 000028 (v01 VMWARE VMW WAET 06040000 VMW  00000001)
[    0.044192] ACPI: Local APIC address 0xfee00000
[    0.044196] system APIC only can use physical flat
[    0.044196] Setting APIC routing to physical flat.
[    0.044289] SRAT: PXM 0 -> APIC 0x00 -> Node 0
[    0.044290] SRAT: PXM 0 -> APIC 0x02 -> Node 0
[    0.044291] SRAT: PXM 0 -> APIC 0x04 -> Node 0
[    0.044291] SRAT: PXM 0 -> APIC 0x06 -> Node 0
[    0.044292] SRAT: PXM 0 -> APIC 0x08 -> Node 0
[    0.044292] SRAT: PXM 0 -> APIC 0x0a -> Node 0
[    0.044292] SRAT: PXM 0 -> APIC 0x0c -> Node 0
[    0.044293] SRAT: PXM 0 -> APIC 0x0e -> Node 0
[    0.044293] SRAT: PXM 0 -> APIC 0x10 -> Node 0
[    0.044293] SRAT: PXM 0 -> APIC 0x12 -> Node 0
[    0.044294] SRAT: PXM 0 -> APIC 0x14 -> Node 0
[    0.044294] SRAT: PXM 0 -> APIC 0x16 -> Node 0
[    0.044295] SRAT: PXM 0 -> APIC 0x18 -> Node 0
[    0.044295] SRAT: PXM 0 -> APIC 0x1a -> Node 0
[    0.044295] SRAT: PXM 0 -> APIC 0x1c -> Node 0
[    0.044296] SRAT: PXM 0 -> APIC 0x1e -> Node 0
[    0.044296] SRAT: PXM 0 -> APIC 0x20 -> Node 0
[    0.044296] SRAT: PXM 0 -> APIC 0x22 -> Node 0
[    0.044297] SRAT: PXM 0 -> APIC 0x24 -> Node 0
[    0.044297] SRAT: PXM 0 -> APIC 0x26 -> Node 0
[    0.044297] SRAT: PXM 0 -> APIC 0x28 -> Node 0
[    0.044298] SRAT: PXM 0 -> APIC 0x2a -> Node 0
[    0.044298] SRAT: PXM 0 -> APIC 0x2c -> Node 0
[    0.044299] SRAT: PXM 0 -> APIC 0x2e -> Node 0
[    0.044299] SRAT: PXM 0 -> APIC 0x30 -> Node 0
[    0.044299] SRAT: PXM 0 -> APIC 0x32 -> Node 0
[    0.044300] SRAT: PXM 0 -> APIC 0x34 -> Node 0
[    0.044300] SRAT: PXM 0 -> APIC 0x36 -> Node 0
[    0.044300] SRAT: PXM 0 -> APIC 0x38 -> Node 0
[    0.044301] SRAT: PXM 0 -> APIC 0x3a -> Node 0
[    0.044301] SRAT: PXM 0 -> APIC 0x3c -> Node 0
[    0.044301] SRAT: PXM 0 -> APIC 0x3e -> Node 0
[    0.044302] SRAT: PXM 0 -> APIC 0x40 -> Node 0
[    0.044302] SRAT: PXM 0 -> APIC 0x42 -> Node 0
[    0.044303] SRAT: PXM 0 -> APIC 0x44 -> Node 0
[    0.044303] SRAT: PXM 0 -> APIC 0x46 -> Node 0
[    0.044303] SRAT: PXM 0 -> APIC 0x48 -> Node 0
[    0.044304] SRAT: PXM 0 -> APIC 0x4a -> Node 0
[    0.044304] SRAT: PXM 0 -> APIC 0x4c -> Node 0
[    0.044304] SRAT: PXM 0 -> APIC 0x4e -> Node 0
[    0.044305] SRAT: PXM 0 -> APIC 0x50 -> Node 0
[    0.044305] SRAT: PXM 0 -> APIC 0x52 -> Node 0
[    0.044305] SRAT: PXM 0 -> APIC 0x54 -> Node 0
[    0.044306] SRAT: PXM 0 -> APIC 0x56 -> Node 0
[    0.044306] SRAT: PXM 0 -> APIC 0x58 -> Node 0
[    0.044307] SRAT: PXM 0 -> APIC 0x5a -> Node 0
[    0.044307] SRAT: PXM 0 -> APIC 0x5c -> Node 0
[    0.044307] SRAT: PXM 0 -> APIC 0x5e -> Node 0
[    0.044308] SRAT: PXM 0 -> APIC 0x60 -> Node 0
[    0.044308] SRAT: PXM 0 -> APIC 0x62 -> Node 0
[    0.044308] SRAT: PXM 0 -> APIC 0x64 -> Node 0
[    0.044309] SRAT: PXM 0 -> APIC 0x66 -> Node 0
[    0.044309] SRAT: PXM 0 -> APIC 0x68 -> Node 0
[    0.044309] SRAT: PXM 0 -> APIC 0x6a -> Node 0
[    0.044310] SRAT: PXM 0 -> APIC 0x6c -> Node 0
[    0.044310] SRAT: PXM 0 -> APIC 0x6e -> Node 0
[    0.044311] SRAT: PXM 0 -> APIC 0x70 -> Node 0
[    0.044311] SRAT: PXM 0 -> APIC 0x72 -> Node 0
[    0.044311] SRAT: PXM 0 -> APIC 0x74 -> Node 0
[    0.044312] SRAT: PXM 0 -> APIC 0x76 -> Node 0
[    0.044312] SRAT: PXM 0 -> APIC 0x78 -> Node 0
[    0.044312] SRAT: PXM 0 -> APIC 0x7a -> Node 0
[    0.044313] SRAT: PXM 0 -> APIC 0x7c -> Node 0
[    0.044313] SRAT: PXM 0 -> APIC 0x7e -> Node 0
[    0.044313] SRAT: PXM 0 -> APIC 0x80 -> Node 0
[    0.044314] SRAT: PXM 0 -> APIC 0x82 -> Node 0
[    0.044314] SRAT: PXM 0 -> APIC 0x84 -> Node 0
[    0.044315] SRAT: PXM 0 -> APIC 0x86 -> Node 0
[    0.044315] SRAT: PXM 0 -> APIC 0x88 -> Node 0
[    0.044315] SRAT: PXM 0 -> APIC 0x8a -> Node 0
[    0.044316] SRAT: PXM 0 -> APIC 0x8c -> Node 0
[    0.044316] SRAT: PXM 0 -> APIC 0x8e -> Node 0
[    0.044316] SRAT: PXM 0 -> APIC 0x90 -> Node 0
[    0.044317] SRAT: PXM 0 -> APIC 0x92 -> Node 0
[    0.044317] SRAT: PXM 0 -> APIC 0x94 -> Node 0
[    0.044317] SRAT: PXM 0 -> APIC 0x96 -> Node 0
[    0.044318] SRAT: PXM 0 -> APIC 0x98 -> Node 0
[    0.044318] SRAT: PXM 0 -> APIC 0x9a -> Node 0
[    0.044319] SRAT: PXM 0 -> APIC 0x9c -> Node 0
[    0.044319] SRAT: PXM 0 -> APIC 0x9e -> Node 0
[    0.044319] SRAT: PXM 0 -> APIC 0xa0 -> Node 0
[    0.044320] SRAT: PXM 0 -> APIC 0xa2 -> Node 0
[    0.044320] SRAT: PXM 0 -> APIC 0xa4 -> Node 0
[    0.044320] SRAT: PXM 0 -> APIC 0xa6 -> Node 0
[    0.044321] SRAT: PXM 0 -> APIC 0xa8 -> Node 0
[    0.044321] SRAT: PXM 0 -> APIC 0xaa -> Node 0
[    0.044321] SRAT: PXM 0 -> APIC 0xac -> Node 0
[    0.044322] SRAT: PXM 0 -> APIC 0xae -> Node 0
[    0.044322] SRAT: PXM 0 -> APIC 0xb0 -> Node 0
[    0.044323] SRAT: PXM 0 -> APIC 0xb2 -> Node 0
[    0.044323] SRAT: PXM 0 -> APIC 0xb4 -> Node 0
[    0.044323] SRAT: PXM 0 -> APIC 0xb6 -> Node 0
[    0.044324] SRAT: PXM 0 -> APIC 0xb8 -> Node 0
[    0.044324] SRAT: PXM 0 -> APIC 0xba -> Node 0
[    0.044324] SRAT: PXM 0 -> APIC 0xbc -> Node 0
[    0.044325] SRAT: PXM 0 -> APIC 0xbe -> Node 0
[    0.044325] SRAT: PXM 0 -> APIC 0xc0 -> Node 0
[    0.044325] SRAT: PXM 0 -> APIC 0xc2 -> Node 0
[    0.044326] SRAT: PXM 0 -> APIC 0xc4 -> Node 0
[    0.044326] SRAT: PXM 0 -> APIC 0xc6 -> Node 0
[    0.044327] SRAT: PXM 0 -> APIC 0xc8 -> Node 0
[    0.044327] SRAT: PXM 0 -> APIC 0xca -> Node 0
[    0.044327] SRAT: PXM 0 -> APIC 0xcc -> Node 0
[    0.044328] SRAT: PXM 0 -> APIC 0xce -> Node 0
[    0.044328] SRAT: PXM 0 -> APIC 0xd0 -> Node 0
[    0.044328] SRAT: PXM 0 -> APIC 0xd2 -> Node 0
[    0.044329] SRAT: PXM 0 -> APIC 0xd4 -> Node 0
[    0.044329] SRAT: PXM 0 -> APIC 0xd6 -> Node 0
[    0.044330] SRAT: PXM 0 -> APIC 0xd8 -> Node 0
[    0.044330] SRAT: PXM 0 -> APIC 0xda -> Node 0
[    0.044330] SRAT: PXM 0 -> APIC 0xdc -> Node 0
[    0.044331] SRAT: PXM 0 -> APIC 0xde -> Node 0
[    0.044331] SRAT: PXM 0 -> APIC 0xe0 -> Node 0
[    0.044331] SRAT: PXM 0 -> APIC 0xe2 -> Node 0
[    0.044332] SRAT: PXM 0 -> APIC 0xe4 -> Node 0
[    0.044332] SRAT: PXM 0 -> APIC 0xe6 -> Node 0
[    0.044332] SRAT: PXM 0 -> APIC 0xe8 -> Node 0
[    0.044333] SRAT: PXM 0 -> APIC 0xea -> Node 0
[    0.044333] SRAT: PXM 0 -> APIC 0xec -> Node 0
[    0.044333] SRAT: PXM 0 -> APIC 0xee -> Node 0
[    0.044334] SRAT: PXM 0 -> APIC 0xf0 -> Node 0
[    0.044334] SRAT: PXM 0 -> APIC 0xf2 -> Node 0
[    0.044335] SRAT: PXM 0 -> APIC 0xf4 -> Node 0
[    0.044335] SRAT: PXM 0 -> APIC 0xf6 -> Node 0
[    0.044335] SRAT: PXM 0 -> APIC 0xf8 -> Node 0
[    0.044336] SRAT: PXM 0 -> APIC 0xfa -> Node 0
[    0.044336] SRAT: PXM 0 -> APIC 0xfc -> Node 0
[    0.044336] SRAT: PXM 0 -> APIC 0xfe -> Node 0
[    0.044340] ACPI: SRAT: Node 0 PXM 0 [mem 0x00000000-0x0009ffff]
[    0.044341] ACPI: SRAT: Node 0 PXM 0 [mem 0x00100000-0xbfffffff]
[    0.044341] ACPI: SRAT: Node 0 PXM 0 [mem 0x100000000-0x13fffffff]
[    0.044342] ACPI: SRAT: Node 0 PXM 0 [mem 0x140000000-0x103fffffff] hotplug
[    0.044344] NUMA: Node 0 [mem 0x00000000-0x0009ffff] + [mem 0x00100000-0xbfffffff] -> [mem 0x00000000-0xbfffffff]
[    0.044345] NUMA: Node 0 [mem 0x00000000-0xbfffffff] + [mem 0x100000000-0x13fffffff] -> [mem 0x00000000-0x13fffffff]
[    0.044352] NODE_DATA(0) allocated [mem 0x13ffd6000-0x13fffffff]
[    0.045307] Zone ranges:
[    0.045309]   DMA      [mem 0x0000000000001000-0x0000000000ffffff]
[    0.045310]   DMA32    [mem 0x0000000001000000-0x00000000ffffffff]
[    0.045311]   Normal   [mem 0x0000000100000000-0x000000013fffffff]
[    0.045312]   Device   empty
[    0.045312] Movable zone start for each node
[    0.045314] Early memory node ranges
[    0.045315]   node   0: [mem 0x0000000000001000-0x000000000009dfff]
[    0.045316]   node   0: [mem 0x0000000000100000-0x00000000bfecffff]
[    0.045317]   node   0: [mem 0x00000000bff00000-0x00000000bfffffff]
[    0.045317]   node   0: [mem 0x0000000100000000-0x000000013fffffff]
[    0.045436] Zeroed struct page in unavailable ranges: 147 pages
[    0.045438] Initmem setup node 0 [mem 0x0000000000001000-0x000000013fffffff]
[    0.045439] On node 0 totalpages: 1048429
[    0.045441]   DMA zone: 64 pages used for memmap
[    0.045441]   DMA zone: 21 pages reserved
[    0.045442]   DMA zone: 3997 pages, LIFO batch:0
[    0.048051]   DMA32 zone: 12224 pages used for memmap
[    0.048057]   DMA32 zone: 782288 pages, LIFO batch:63
[    0.272582]   Normal zone: 4096 pages used for memmap
[    0.272585]   Normal zone: 262144 pages, LIFO batch:63
[    0.335578] ACPI: PM-Timer IO Port: 0x1008
[    0.335581] ACPI: Local APIC address 0xfee00000
[    0.335584] system APIC only can use physical flat
[    0.335596] ACPI: LAPIC_NMI (acpi_id[0x00] high edge lint[0x1])
[    0.335597] ACPI: LAPIC_NMI (acpi_id[0x01] high edge lint[0x1])
[    0.335597] ACPI: LAPIC_NMI (acpi_id[0x02] high edge lint[0x1])
[    0.335597] ACPI: LAPIC_NMI (acpi_id[0x03] high edge lint[0x1])
[    0.335598] ACPI: LAPIC_NMI (acpi_id[0x04] high edge lint[0x1])
[    0.335598] ACPI: LAPIC_NMI (acpi_id[0x05] high edge lint[0x1])
[    0.335599] ACPI: LAPIC_NMI (acpi_id[0x06] high edge lint[0x1])
[    0.335599] ACPI: LAPIC_NMI (acpi_id[0x07] high edge lint[0x1])
[    0.335599] ACPI: LAPIC_NMI (acpi_id[0x08] high edge lint[0x1])
[    0.335600] ACPI: LAPIC_NMI (acpi_id[0x09] high edge lint[0x1])
[    0.335600] ACPI: LAPIC_NMI (acpi_id[0x0a] high edge lint[0x1])
[    0.335600] ACPI: LAPIC_NMI (acpi_id[0x0b] high edge lint[0x1])
[    0.335601] ACPI: LAPIC_NMI (acpi_id[0x0c] high edge lint[0x1])
[    0.335601] ACPI: LAPIC_NMI (acpi_id[0x0d] high edge lint[0x1])
[    0.335602] ACPI: LAPIC_NMI (acpi_id[0x0e] high edge lint[0x1])
[    0.335602] ACPI: LAPIC_NMI (acpi_id[0x0f] high edge lint[0x1])
[    0.335602] ACPI: LAPIC_NMI (acpi_id[0x10] high edge lint[0x1])
[    0.335603] ACPI: LAPIC_NMI (acpi_id[0x11] high edge lint[0x1])
[    0.335603] ACPI: LAPIC_NMI (acpi_id[0x12] high edge lint[0x1])
[    0.335603] ACPI: LAPIC_NMI (acpi_id[0x13] high edge lint[0x1])
[    0.335604] ACPI: LAPIC_NMI (acpi_id[0x14] high edge lint[0x1])
[    0.335604] ACPI: LAPIC_NMI (acpi_id[0x15] high edge lint[0x1])
[    0.335605] ACPI: LAPIC_NMI (acpi_id[0x16] high edge lint[0x1])
[    0.335605] ACPI: LAPIC_NMI (acpi_id[0x17] high edge lint[0x1])
[    0.335605] ACPI: LAPIC_NMI (acpi_id[0x18] high edge lint[0x1])
[    0.335606] ACPI: LAPIC_NMI (acpi_id[0x19] high edge lint[0x1])
[    0.335606] ACPI: LAPIC_NMI (acpi_id[0x1a] high edge lint[0x1])
[    0.335606] ACPI: LAPIC_NMI (acpi_id[0x1b] high edge lint[0x1])
[    0.335607] ACPI: LAPIC_NMI (acpi_id[0x1c] high edge lint[0x1])
[    0.335607] ACPI: LAPIC_NMI (acpi_id[0x1d] high edge lint[0x1])
[    0.335608] ACPI: LAPIC_NMI (acpi_id[0x1e] high edge lint[0x1])
[    0.335608] ACPI: LAPIC_NMI (acpi_id[0x1f] high edge lint[0x1])
[    0.335608] ACPI: LAPIC_NMI (acpi_id[0x20] high edge lint[0x1])
[    0.335609] ACPI: LAPIC_NMI (acpi_id[0x21] high edge lint[0x1])
[    0.335609] ACPI: LAPIC_NMI (acpi_id[0x22] high edge lint[0x1])
[    0.335609] ACPI: LAPIC_NMI (acpi_id[0x23] high edge lint[0x1])
[    0.335610] ACPI: LAPIC_NMI (acpi_id[0x24] high edge lint[0x1])
[    0.335610] ACPI: LAPIC_NMI (acpi_id[0x25] high edge lint[0x1])
[    0.335610] ACPI: LAPIC_NMI (acpi_id[0x26] high edge lint[0x1])
[    0.335611] ACPI: LAPIC_NMI (acpi_id[0x27] high edge lint[0x1])
[    0.335611] ACPI: LAPIC_NMI (acpi_id[0x28] high edge lint[0x1])
[    0.335612] ACPI: LAPIC_NMI (acpi_id[0x29] high edge lint[0x1])
[    0.335612] ACPI: LAPIC_NMI (acpi_id[0x2a] high edge lint[0x1])
[    0.335612] ACPI: LAPIC_NMI (acpi_id[0x2b] high edge lint[0x1])
[    0.335613] ACPI: LAPIC_NMI (acpi_id[0x2c] high edge lint[0x1])
[    0.335613] ACPI: LAPIC_NMI (acpi_id[0x2d] high edge lint[0x1])
[    0.335613] ACPI: LAPIC_NMI (acpi_id[0x2e] high edge lint[0x1])
[    0.335614] ACPI: LAPIC_NMI (acpi_id[0x2f] high edge lint[0x1])
[    0.335614] ACPI: LAPIC_NMI (acpi_id[0x30] high edge lint[0x1])
[    0.335615] ACPI: LAPIC_NMI (acpi_id[0x31] high edge lint[0x1])
[    0.335615] ACPI: LAPIC_NMI (acpi_id[0x32] high edge lint[0x1])
[    0.335615] ACPI: LAPIC_NMI (acpi_id[0x33] high edge lint[0x1])
[    0.335616] ACPI: LAPIC_NMI (acpi_id[0x34] high edge lint[0x1])
[    0.335616] ACPI: LAPIC_NMI (acpi_id[0x35] high edge lint[0x1])
[    0.335616] ACPI: LAPIC_NMI (acpi_id[0x36] high edge lint[0x1])
[    0.335617] ACPI: LAPIC_NMI (acpi_id[0x37] high edge lint[0x1])
[    0.335617] ACPI: LAPIC_NMI (acpi_id[0x38] high edge lint[0x1])
[    0.335617] ACPI: LAPIC_NMI (acpi_id[0x39] high edge lint[0x1])
[    0.335618] ACPI: LAPIC_NMI (acpi_id[0x3a] high edge lint[0x1])
[    0.335618] ACPI: LAPIC_NMI (acpi_id[0x3b] high edge lint[0x1])
[    0.335619] ACPI: LAPIC_NMI (acpi_id[0x3c] high edge lint[0x1])
[    0.335619] ACPI: LAPIC_NMI (acpi_id[0x3d] high edge lint[0x1])
[    0.335619] ACPI: LAPIC_NMI (acpi_id[0x3e] high edge lint[0x1])
[    0.335620] ACPI: LAPIC_NMI (acpi_id[0x3f] high edge lint[0x1])
[    0.335620] ACPI: LAPIC_NMI (acpi_id[0x40] high edge lint[0x1])
[    0.335620] ACPI: LAPIC_NMI (acpi_id[0x41] high edge lint[0x1])
[    0.335621] ACPI: LAPIC_NMI (acpi_id[0x42] high edge lint[0x1])
[    0.335621] ACPI: LAPIC_NMI (acpi_id[0x43] high edge lint[0x1])
[    0.335622] ACPI: LAPIC_NMI (acpi_id[0x44] high edge lint[0x1])
[    0.335622] ACPI: LAPIC_NMI (acpi_id[0x45] high edge lint[0x1])
[    0.335622] ACPI: LAPIC_NMI (acpi_id[0x46] high edge lint[0x1])
[    0.335623] ACPI: LAPIC_NMI (acpi_id[0x47] high edge lint[0x1])
[    0.335623] ACPI: LAPIC_NMI (acpi_id[0x48] high edge lint[0x1])
[    0.335623] ACPI: LAPIC_NMI (acpi_id[0x49] high edge lint[0x1])
[    0.335624] ACPI: LAPIC_NMI (acpi_id[0x4a] high edge lint[0x1])
[    0.335624] ACPI: LAPIC_NMI (acpi_id[0x4b] high edge lint[0x1])
[    0.335624] ACPI: LAPIC_NMI (acpi_id[0x4c] high edge lint[0x1])
[    0.335625] ACPI: LAPIC_NMI (acpi_id[0x4d] high edge lint[0x1])
[    0.335625] ACPI: LAPIC_NMI (acpi_id[0x4e] high edge lint[0x1])
[    0.335626] ACPI: LAPIC_NMI (acpi_id[0x4f] high edge lint[0x1])
[    0.335626] ACPI: LAPIC_NMI (acpi_id[0x50] high edge lint[0x1])
[    0.335626] ACPI: LAPIC_NMI (acpi_id[0x51] high edge lint[0x1])
[    0.335627] ACPI: LAPIC_NMI (acpi_id[0x52] high edge lint[0x1])
[    0.335627] ACPI: LAPIC_NMI (acpi_id[0x53] high edge lint[0x1])
[    0.335627] ACPI: LAPIC_NMI (acpi_id[0x54] high edge lint[0x1])
[    0.335628] ACPI: LAPIC_NMI (acpi_id[0x55] high edge lint[0x1])
[    0.335628] ACPI: LAPIC_NMI (acpi_id[0x56] high edge lint[0x1])
[    0.335629] ACPI: LAPIC_NMI (acpi_id[0x57] high edge lint[0x1])
[    0.335629] ACPI: LAPIC_NMI (acpi_id[0x58] high edge lint[0x1])
[    0.335629] ACPI: LAPIC_NMI (acpi_id[0x59] high edge lint[0x1])
[    0.335630] ACPI: LAPIC_NMI (acpi_id[0x5a] high edge lint[0x1])
[    0.335630] ACPI: LAPIC_NMI (acpi_id[0x5b] high edge lint[0x1])
[    0.335630] ACPI: LAPIC_NMI (acpi_id[0x5c] high edge lint[0x1])
[    0.335631] ACPI: LAPIC_NMI (acpi_id[0x5d] high edge lint[0x1])
[    0.335631] ACPI: LAPIC_NMI (acpi_id[0x5e] high edge lint[0x1])
[    0.335632] ACPI: LAPIC_NMI (acpi_id[0x5f] high edge lint[0x1])
[    0.335632] ACPI: LAPIC_NMI (acpi_id[0x60] high edge lint[0x1])
[    0.335632] ACPI: LAPIC_NMI (acpi_id[0x61] high edge lint[0x1])
[    0.335633] ACPI: LAPIC_NMI (acpi_id[0x62] high edge lint[0x1])
[    0.335633] ACPI: LAPIC_NMI (acpi_id[0x63] high edge lint[0x1])
[    0.335633] ACPI: LAPIC_NMI (acpi_id[0x64] high edge lint[0x1])
[    0.335634] ACPI: LAPIC_NMI (acpi_id[0x65] high edge lint[0x1])
[    0.335634] ACPI: LAPIC_NMI (acpi_id[0x66] high edge lint[0x1])
[    0.335634] ACPI: LAPIC_NMI (acpi_id[0x67] high edge lint[0x1])
[    0.335635] ACPI: LAPIC_NMI (acpi_id[0x68] high edge lint[0x1])
[    0.335635] ACPI: LAPIC_NMI (acpi_id[0x69] high edge lint[0x1])
[    0.335636] ACPI: LAPIC_NMI (acpi_id[0x6a] high edge lint[0x1])
[    0.335636] ACPI: LAPIC_NMI (acpi_id[0x6b] high edge lint[0x1])
[    0.335636] ACPI: LAPIC_NMI (acpi_id[0x6c] high edge lint[0x1])
[    0.335637] ACPI: LAPIC_NMI (acpi_id[0x6d] high edge lint[0x1])
[    0.335637] ACPI: LAPIC_NMI (acpi_id[0x6e] high edge lint[0x1])
[    0.335637] ACPI: LAPIC_NMI (acpi_id[0x6f] high edge lint[0x1])
[    0.335638] ACPI: LAPIC_NMI (acpi_id[0x70] high edge lint[0x1])
[    0.335638] ACPI: LAPIC_NMI (acpi_id[0x71] high edge lint[0x1])
[    0.335639] ACPI: LAPIC_NMI (acpi_id[0x72] high edge lint[0x1])
[    0.335639] ACPI: LAPIC_NMI (acpi_id[0x73] high edge lint[0x1])
[    0.335639] ACPI: LAPIC_NMI (acpi_id[0x74] high edge lint[0x1])
[    0.335640] ACPI: LAPIC_NMI (acpi_id[0x75] high edge lint[0x1])
[    0.335640] ACPI: LAPIC_NMI (acpi_id[0x76] high edge lint[0x1])
[    0.335640] ACPI: LAPIC_NMI (acpi_id[0x77] high edge lint[0x1])
[    0.335641] ACPI: LAPIC_NMI (acpi_id[0x78] high edge lint[0x1])
[    0.335641] ACPI: LAPIC_NMI (acpi_id[0x79] high edge lint[0x1])
[    0.335641] ACPI: LAPIC_NMI (acpi_id[0x7a] high edge lint[0x1])
[    0.335642] ACPI: LAPIC_NMI (acpi_id[0x7b] high edge lint[0x1])
[    0.335642] ACPI: LAPIC_NMI (acpi_id[0x7c] high edge lint[0x1])
[    0.335643] ACPI: LAPIC_NMI (acpi_id[0x7d] high edge lint[0x1])
[    0.335643] ACPI: LAPIC_NMI (acpi_id[0x7e] high edge lint[0x1])
[    0.335643] ACPI: LAPIC_NMI (acpi_id[0x7f] high edge lint[0x1])
[    0.335698] IOAPIC[0]: apic_id 1, version 32, address 0xfec00000, GSI 0-23
[    0.335698] ACPI: INT_SRC_OVR (bus 0 bus_irq 0 global_irq 2 high edge)
[    0.335698] ACPI: IRQ0 used by override.
[    0.335698] ACPI: IRQ9 used by override.
[    0.335698] Using ACPI (MADT) for SMP configuration information
[    0.335698] ACPI: HPET id: 0x8086af01 base: 0xfed00000
[    0.335698] TSC deadline timer available
[    0.335698] smpboot: Allowing 128 CPUs, 124 hotplug CPUs
[    0.335698] PM: hibernation: Registered nosave memory: [mem 0x00000000-0x00000fff]
[    0.335698] PM: hibernation: Registered nosave memory: [mem 0x0009e000-0x0009efff]
[    0.335698] PM: hibernation: Registered nosave memory: [mem 0x0009f000-0x0009ffff]
[    0.335698] PM: hibernation: Registered nosave memory: [mem 0x000a0000-0x000dbfff]
[    0.335698] PM: hibernation: Registered nosave memory: [mem 0x000dc000-0x000fffff]
[    0.335698] PM: hibernation: Registered nosave memory: [mem 0xbfed0000-0xbfefefff]
[    0.335698] PM: hibernation: Registered nosave memory: [mem 0xbfeff000-0xbfefffff]
[    0.335698] PM: hibernation: Registered nosave memory: [mem 0xc0000000-0xefffffff]
[    0.335698] PM: hibernation: Registered nosave memory: [mem 0xf0000000-0xf7ffffff]
[    0.335698] PM: hibernation: Registered nosave memory: [mem 0xf8000000-0xfebfffff]
[    0.335698] PM: hibernation: Registered nosave memory: [mem 0xfec00000-0xfec0ffff]
[    0.335698] PM: hibernation: Registered nosave memory: [mem 0xfec10000-0xfedfffff]
[    0.335698] PM: hibernation: Registered nosave memory: [mem 0xfee00000-0xfee00fff]
[    0.335698] PM: hibernation: Registered nosave memory: [mem 0xfee01000-0xfffdffff]
[    0.335698] PM: hibernation: Registered nosave memory: [mem 0xfffe0000-0xffffffff]
[    0.335698] [mem 0xc0000000-0xefffffff] available for PCI devices
[    0.335698] Booting paravirtualized kernel on VMware hypervisor
[    0.335698] clocksource: refined-jiffies: mask: 0xffffffff max_cycles: 0xffffffff, max_idle_ns: 7645519600211568 ns
[    0.335698] setup_percpu: NR_CPUS:8192 nr_cpumask_bits:128 nr_cpu_ids:128 nr_node_ids:1
[    0.442202] percpu: Embedded 56 pages/cpu s192512 r8192 d28672 u262144
[    0.442213] pcpu-alloc: s192512 r8192 d28672 u262144 alloc=1*2097152
[    0.442214] pcpu-alloc: [0] 000 001 002 003 004 005 006 007 
[    0.442216] pcpu-alloc: [0] 008 009 010 011 012 013 014 015 
[    0.442218] pcpu-alloc: [0] 016 017 018 019 020 021 022 023 
[    0.442219] pcpu-alloc: [0] 024 025 026 027 028 029 030 031 
[    0.442220] pcpu-alloc: [0] 032 033 034 035 036 037 038 039 
[    0.442222] pcpu-alloc: [0] 040 041 042 043 044 045 046 047 
[    0.442223] pcpu-alloc: [0] 048 049 050 051 052 053 054 055 
[    0.442224] pcpu-alloc: [0] 056 057 058 059 060 061 062 063 
[    0.442226] pcpu-alloc: [0] 064 065 066 067 068 069 070 071 
[    0.442227] pcpu-alloc: [0] 072 073 074 075 076 077 078 079 
[    0.442228] pcpu-alloc: [0] 080 081 082 083 084 085 086 087 
[    0.442230] pcpu-alloc: [0] 088 089 090 091 092 093 094 095 
[    0.442231] pcpu-alloc: [0] 096 097 098 099 100 101 102 103 
[    0.442233] pcpu-alloc: [0] 104 105 106 107 108 109 110 111 
[    0.442234] pcpu-alloc: [0] 112 113 114 115 116 117 118 119 
[    0.442235] pcpu-alloc: [0] 120 121 122 123 124 125 126 127 
[    0.442300] Built 1 zonelists, mobility grouping on.  Total pages: 1032024
[    0.442301] Policy zone: Normal
[    0.442303] Kernel command line: BOOT_IMAGE=/boot/vmlinuz-5.8.0-44-generic root=UUID=22a9d688-4e4b-4558-9d81-58847257ab72 ro find_preseed=/preseed.cfg auto noprompt priority=critical locale=en_US quiet
[    0.442431] printk: log_buf_len individual max cpu contribution: 4096 bytes
[    0.442432] printk: log_buf_len total cpu_extra contributions: 520192 bytes
[    0.442432] printk: log_buf_len min size: 262144 bytes
[    0.446520] printk: log_buf_len: 1048576 bytes
[    0.446522] printk: early log buf free: 235428(89%)
[    0.459900] Dentry cache hash table entries: 524288 (order: 10, 4194304 bytes, linear)
[    0.466835] Inode-cache hash table entries: 262144 (order: 9, 2097152 bytes, linear)
[    0.469342] mem auto-init: stack:off, heap alloc:on, heap free:off
[    0.605235] Memory: 3942392K/4193716K available (14339K kernel code, 2537K rwdata, 5388K rodata, 2640K init, 4920K bss, 251324K reserved, 0K cma-reserved)
[    0.605241] random: get_random_u64 called from kmem_cache_open+0x2d/0x410 with crng_init=0
[    0.606276] SLUB: HWalign=64, Order=0-3, MinObjects=0, CPUs=128, Nodes=1
[    0.606353] ftrace: allocating 46218 entries in 181 pages
[    0.626895] ftrace: allocated 181 pages with 5 groups
[    0.628616] rcu: Hierarchical RCU implementation.
[    0.628618] rcu: 	RCU restricting CPUs from NR_CPUS=8192 to nr_cpu_ids=128.
[    0.628618] 	Trampoline variant of Tasks RCU enabled.
[    0.628619] 	Rude variant of Tasks RCU enabled.
[    0.628619] 	Tracing variant of Tasks RCU enabled.
[    0.628619] rcu: RCU calculated value of scheduler-enlistment delay is 25 jiffies.
[    0.628620] rcu: Adjusting geometry for rcu_fanout_leaf=16, nr_cpu_ids=128
[    0.632449] NR_IRQS: 524544, nr_irqs: 1448, preallocated irqs: 16
[    0.633217] random: crng done (trusting CPU's manufacturer)
[    0.655318] Console: colour VGA+ 80x25
[    0.655326] printk: console [tty0] enabled
[    0.655503] ACPI: Core revision 20200528
[    0.656673] clocksource: hpet: mask: 0xffffffff max_cycles: 0xffffffff, max_idle_ns: 133484882848 ns
[    0.656873] APIC: Switch to symmetric I/O mode setup
[    0.657489] x2apic enabled
[    0.657846] Switched APIC routing to physical x2apic.
[    0.660251] ..TIMER: vector=0x30 apic1=0 pin1=2 apic2=-1 pin2=-1
[    0.660329] clocksource: tsc-early: mask: 0xffffffffffffffff max_cycles: 0x1e717e40680, max_idle_ns: 440795297614 ns
[    0.660335] Calibrating delay loop (skipped) preset value.. 4224.01 BogoMIPS (lpj=8448026)
[    0.660337] pid_max: default: 131072 minimum: 1024
[    0.660423] LSM: Security Framework initializing
[    0.660437] Yama: becoming mindful.
[    0.660619] AppArmor: AppArmor initialized
[    0.660883] Mount-cache hash table entries: 8192 (order: 4, 65536 bytes, linear)
[    0.661089] Mountpoint-cache hash table entries: 8192 (order: 4, 65536 bytes, linear)
[    0.664722] Disabled fast string operations
[    0.665007] Last level iTLB entries: 4KB 64, 2MB 8, 4MB 8
[    0.665008] Last level dTLB entries: 4KB 64, 2MB 0, 4MB 0, 1GB 4
[    0.665013] Spectre V1 : Mitigation: usercopy/swapgs barriers and __user pointer sanitization
[    0.665014] Spectre V2 : Mitigation: Full generic retpoline
[    0.665014] Spectre V2 : Spectre v2 / SpectreRSB mitigation: Filling RSB on context switch
[    0.665014] Spectre V2 : Enabling Restricted Speculation for firmware calls
[    0.665015] Spectre V2 : mitigation: Enabling conditional Indirect Branch Prediction Barrier
[    0.665016] Speculative Store Bypass: Mitigation: Speculative Store Bypass disabled via prctl and seccomp
[    0.665017] SRBDS: Mitigation: TSX disabled
[    0.665203] Freeing SMP alternatives memory: 40K
[    0.672331] smpboot: CPU0: Intel(R) Core(TM) i5-10210U CPU @ 1.60GHz (family: 0x6, model: 0x8e, stepping: 0xc)
[    0.672331] Performance Events: Skylake events, core PMU driver.
[    0.672331] core: CPUID marked event: 'cpu cycles' unavailable
[    0.672331] core: CPUID marked event: 'instructions' unavailable
[    0.672331] core: CPUID marked event: 'bus cycles' unavailable
[    0.672331] core: CPUID marked event: 'cache references' unavailable
[    0.672331] core: CPUID marked event: 'cache misses' unavailable
[    0.672331] core: CPUID marked event: 'branch instructions' unavailable
[    0.672331] core: CPUID marked event: 'branch misses' unavailable
[    0.672331] ... version:                1
[    0.672331] ... bit width:              48
[    0.672331] ... generic registers:      4
[    0.672331] ... value mask:             0000ffffffffffff
[    0.672331] ... max period:             000000007fffffff
[    0.672331] ... fixed-purpose events:   0
[    0.672331] ... event mask:             000000000000000f
[    0.672331] rcu: Hierarchical SRCU implementation.
[    0.672331] NMI watchdog: Perf NMI watchdog permanently disabled
[    0.681488] smp: Bringing up secondary CPUs ...
[    0.683825] x86: Booting SMP configuration:
[    0.683833] .... node  #0, CPUs:          #1
[    0.031258] Disabled fast string operations
[    0.031258] smpboot: CPU 1 Converting physical 2 to logical package 1
[    0.031258] smpboot: CPU 1 Converting physical 0 to logical die 1
[    0.686430]    #2
[    0.031258] Disabled fast string operations
[    0.031258] smpboot: CPU 2 Converting physical 4 to logical package 2
[    0.031258] smpboot: CPU 2 Converting physical 0 to logical die 2
[    0.690150]    #3
[    0.031258] Disabled fast string operations
[    0.031258] smpboot: CPU 3 Converting physical 6 to logical package 3
[    0.031258] smpboot: CPU 3 Converting physical 0 to logical die 3
[    0.692728] smp: Brought up 1 node, 4 CPUs
[    0.692736] smpboot: Max logical packages: 128
[    0.692744] smpboot: Total of 4 processors activated (16896.05 BogoMIPS)
[    0.694465] devtmpfs: initialized
[    0.694465] x86/mm: Memory block size: 128MB
[    0.698307] PM: Registering ACPI NVS region [mem 0xbfeff000-0xbfefffff] (4096 bytes)
[    0.700458] clocksource: jiffies: mask: 0xffffffff max_cycles: 0xffffffff, max_idle_ns: 7645041785100000 ns
[    0.704331] futex hash table entries: 32768 (order: 9, 2097152 bytes, linear)
[    0.705147] pinctrl core: initialized pinctrl subsystem
[    0.705458] PM: RTC time: 07:51:55, date: 2021-03-14
[    0.705468] thermal_sys: Registered thermal governor 'fair_share'
[    0.705476] thermal_sys: Registered thermal governor 'bang_bang'
[    0.705488] thermal_sys: Registered thermal governor 'step_wise'
[    0.705502] thermal_sys: Registered thermal governor 'user_space'
[    0.705509] thermal_sys: Registered thermal governor 'power_allocator'
[    0.706599] NET: Registered protocol family 16
[    0.708331] DMA: preallocated 512 KiB GFP_KERNEL pool for atomic allocations
[    0.708331] DMA: preallocated 512 KiB GFP_KERNEL|GFP_DMA pool for atomic allocations
[    0.710711] DMA: preallocated 512 KiB GFP_KERNEL|GFP_DMA32 pool for atomic allocations
[    0.710736] audit: initializing netlink subsys (disabled)
[    0.710992] audit: type=2000 audit(1615708315.048:1): state=initialized audit_enabled=0 res=1
[    0.710992] EISA bus registered
[    0.710992] cpuidle: using governor ladder
[    0.710992] cpuidle: using governor menu
[    0.710992] Simple Boot Flag at 0x36 set to 0x80
[    0.710992] ACPI: bus type PCI registered
[    0.710992] acpiphp: ACPI Hot Plug PCI Controller Driver version: 0.5
[    0.710992] PCI: MMCONFIG for domain 0000 [bus 00-7f] at [mem 0xf0000000-0xf7ffffff] (base 0xf0000000)
[    0.710992] PCI: MMCONFIG at [mem 0xf0000000-0xf7ffffff] reserved in E820
[    0.710992] PCI: Using configuration type 1 for base access
[    0.713490] HugeTLB registered 1.00 GiB page size, pre-allocated 0 pages
[    0.713490] HugeTLB registered 2.00 MiB page size, pre-allocated 0 pages
[    0.750221] ACPI: Added _OSI(Module Device)
[    0.750230] ACPI: Added _OSI(Processor Device)
[    0.750239] ACPI: Added _OSI(3.0 _SCP Extensions)
[    0.750248] ACPI: Added _OSI(Processor Aggregator Device)
[    0.750259] ACPI: Added _OSI(Linux-Dell-Video)
[    0.750269] ACPI: Added _OSI(Linux-Lenovo-NV-HDMI-Audio)
[    0.750279] ACPI: Added _OSI(Linux-HPI-Hybrid-Graphics)
[    0.768222] ACPI: 1 ACPI AML tables successfully acquired and loaded
[    0.770550] ACPI: [Firmware Bug]: BIOS _OSI(Linux) query ignored
[    0.792331] ACPI: Interpreter enabled
[    0.792331] ACPI: (supports S0 S1 S4 S5)
[    0.792331] ACPI: Using IOAPIC for interrupt routing
[    0.792331] PCI: Using host bridge windows from ACPI; if necessary, use "pci=nocrs" and report a bug
[    0.792331] ACPI: Enabled 4 GPEs in block 00 to 0F
[    1.002451] ACPI: PCI Root Bridge [PCI0] (domain 0000 [bus 00-7f])
[    1.002466] acpi PNP0A03:00: _OSC: OS supports [ExtendedConfig ASPM ClockPM Segments MSI HPX-Type3]
[    1.002665] acpi PNP0A03:00: _OSC: platform does not support [AER LTR]
[    1.002891] acpi PNP0A03:00: _OSC: OS now controls [PCIeHotplug SHPCHotplug PME PCIeCapability]
[    1.004331] PCI host bridge to bus 0000:00
[    1.004331] pci_bus 0000:00: root bus resource [mem 0x000a0000-0x000bffff window]
[    1.004331] pci_bus 0000:00: root bus resource [mem 0x000d0000-0x000d3fff window]
[    1.004331] pci_bus 0000:00: root bus resource [mem 0x000d4000-0x000d7fff window]
[    1.004331] pci_bus 0000:00: root bus resource [mem 0x000d8000-0x000dbfff window]
[    1.004331] pci_bus 0000:00: root bus resource [mem 0xc0000000-0xfebfffff window]
[    1.004331] pci_bus 0000:00: root bus resource [io  0x0000-0x0cf7 window]
[    1.004331] pci_bus 0000:00: root bus resource [io  0x0d00-0xfeff window]
[    1.004331] pci_bus 0000:00: root bus resource [bus 00-7f]
[    1.004331] pci 0000:00:00.0: [8086:7190] type 00 class 0x060000
[    1.006322] pci 0000:00:01.0: [8086:7191] type 01 class 0x060400
[    1.015030] pci 0000:00:07.0: [8086:7110] type 00 class 0x060100
[    1.016331] pci 0000:00:07.1: [8086:7111] type 00 class 0x01018a
[    1.016331] pci 0000:00:07.1: reg 0x20: [io  0x1060-0x106f]
[    1.016331] pci 0000:00:07.1: legacy IDE quirk: reg 0x10: [io  0x01f0-0x01f7]
[    1.016331] pci 0000:00:07.1: legacy IDE quirk: reg 0x14: [io  0x03f6]
[    1.016331] pci 0000:00:07.1: legacy IDE quirk: reg 0x18: [io  0x0170-0x0177]
[    1.016331] pci 0000:00:07.1: legacy IDE quirk: reg 0x1c: [io  0x0376]
[    1.016507] pci 0000:00:07.3: [8086:7113] type 00 class 0x068000
[    1.018599] pci 0000:00:07.3: quirk: [io  0x1000-0x103f] claimed by PIIX4 ACPI
[    1.018621] pci 0000:00:07.3: quirk: [io  0x1040-0x104f] claimed by PIIX4 SMB
[    1.019221] pci 0000:00:07.7: [15ad:0740] type 00 class 0x088000
[    1.019693] pci 0000:00:07.7: reg 0x10: [io  0x1080-0x10bf]
[    1.020066] pci 0000:00:07.7: reg 0x14: [mem 0xfebfe000-0xfebfffff 64bit]
[    1.031758] pci 0000:00:0f.0: [15ad:0405] type 00 class 0x030000
[    1.033047] pci 0000:00:0f.0: reg 0x10: [io  0x1070-0x107f]
[    1.034106] pci 0000:00:0f.0: reg 0x14: [mem 0xe8000000-0xefffffff pref]
[    1.035030] pci 0000:00:0f.0: reg 0x18: [mem 0xfe000000-0xfe7fffff]
[    1.038873] pci 0000:00:0f.0: reg 0x30: [mem 0x00000000-0x00007fff pref]
[    1.040331] pci 0000:00:10.0: [1000:0030] type 00 class 0x010000
[    1.040351] pci 0000:00:10.0: reg 0x10: [io  0x1400-0x14ff]
[    1.040926] pci 0000:00:10.0: reg 0x14: [mem 0xfeba0000-0xfebbffff 64bit]
[    1.041622] pci 0000:00:10.0: reg 0x1c: [mem 0xfebc0000-0xfebdffff 64bit]
[    1.042574] pci 0000:00:10.0: reg 0x30: [mem 0x00000000-0x00003fff pref]
[    1.044331] pci 0000:00:11.0: [15ad:0790] type 01 class 0x060401
[    1.051093] pci 0000:00:15.0: [15ad:07a0] type 01 class 0x060400
[    1.052331] pci 0000:00:15.0: PME# supported from D0 D3hot D3cold
[    1.052331] pci 0000:00:15.1: [15ad:07a0] type 01 class 0x060400
[    1.052331] pci 0000:00:15.1: PME# supported from D0 D3hot D3cold
[    1.052331] pci 0000:00:15.2: [15ad:07a0] type 01 class 0x060400
[    1.053659] pci 0000:00:15.2: PME# supported from D0 D3hot D3cold
[    1.054343] pci 0000:00:15.3: [15ad:07a0] type 01 class 0x060400
[    1.055802] pci 0000:00:15.3: PME# supported from D0 D3hot D3cold
[    1.056331] pci 0000:00:15.4: [15ad:07a0] type 01 class 0x060400
[    1.056331] pci 0000:00:15.4: PME# supported from D0 D3hot D3cold
[    1.056331] pci 0000:00:15.5: [15ad:07a0] type 01 class 0x060400
[    1.057182] pci 0000:00:15.5: PME# supported from D0 D3hot D3cold
[    1.057921] pci 0000:00:15.6: [15ad:07a0] type 01 class 0x060400
[    1.059552] pci 0000:00:15.6: PME# supported from D0 D3hot D3cold
[    1.060331] pci 0000:00:15.7: [15ad:07a0] type 01 class 0x060400
[    1.060331] pci 0000:00:15.7: PME# supported from D0 D3hot D3cold
[    1.061967] pci 0000:00:16.0: [15ad:07a0] type 01 class 0x060400
[    1.063560] pci 0000:00:16.0: PME# supported from D0 D3hot D3cold
[    1.064220] pci 0000:00:16.1: [15ad:07a0] type 01 class 0x060400
[    1.064331] pci 0000:00:16.1: PME# supported from D0 D3hot D3cold
[    1.064331] pci 0000:00:16.2: [15ad:07a0] type 01 class 0x060400
[    1.064891] pci 0000:00:16.2: PME# supported from D0 D3hot D3cold
[    1.067659] pci 0000:00:16.3: [15ad:07a0] type 01 class 0x060400
[    1.069227] pci 0000:00:16.3: PME# supported from D0 D3hot D3cold
[    1.069812] pci 0000:00:16.4: [15ad:07a0] type 01 class 0x060400
[    1.071463] pci 0000:00:16.4: PME# supported from D0 D3hot D3cold
[    1.072102] pci 0000:00:16.5: [15ad:07a0] type 01 class 0x060400
[    1.072331] pci 0000:00:16.5: PME# supported from D0 D3hot D3cold
[    1.072331] pci 0000:00:16.6: [15ad:07a0] type 01 class 0x060400
[    1.072331] pci 0000:00:16.6: PME# supported from D0 D3hot D3cold
[    1.072577] pci 0000:00:16.7: [15ad:07a0] type 01 class 0x060400
[    1.074011] pci 0000:00:16.7: PME# supported from D0 D3hot D3cold
[    1.076331] pci 0000:00:17.0: [15ad:07a0] type 01 class 0x060400
[    1.076331] pci 0000:00:17.0: PME# supported from D0 D3hot D3cold
[    1.076451] pci 0000:00:17.1: [15ad:07a0] type 01 class 0x060400
[    1.077915] pci 0000:00:17.1: PME# supported from D0 D3hot D3cold
[    1.078558] pci 0000:00:17.2: [15ad:07a0] type 01 class 0x060400
[    1.080020] pci 0000:00:17.2: PME# supported from D0 D3hot D3cold
[    1.080331] pci 0000:00:17.3: [15ad:07a0] type 01 class 0x060400
[    1.080331] pci 0000:00:17.3: PME# supported from D0 D3hot D3cold
[    1.080331] pci 0000:00:17.4: [15ad:07a0] type 01 class 0x060400
[    1.081220] pci 0000:00:17.4: PME# supported from D0 D3hot D3cold
[    1.081807] pci 0000:00:17.5: [15ad:07a0] type 01 class 0x060400
[    1.083241] pci 0000:00:17.5: PME# supported from D0 D3hot D3cold
[    1.083809] pci 0000:00:17.6: [15ad:07a0] type 01 class 0x060400
[    1.084331] pci 0000:00:17.6: PME# supported from D0 D3hot D3cold
[    1.084331] pci 0000:00:17.7: [15ad:07a0] type 01 class 0x060400
[    1.084660] pci 0000:00:17.7: PME# supported from D0 D3hot D3cold
[    1.088331] pci 0000:00:18.0: [15ad:07a0] type 01 class 0x060400
[    1.088589] pci 0000:00:18.0: PME# supported from D0 D3hot D3cold
[    1.089249] pci 0000:00:18.1: [15ad:07a0] type 01 class 0x060400
[    1.090731] pci 0000:00:18.1: PME# supported from D0 D3hot D3cold
[    1.091341] pci 0000:00:18.2: [15ad:07a0] type 01 class 0x060400
[    1.092331] pci 0000:00:18.2: PME# supported from D0 D3hot D3cold
[    1.092331] pci 0000:00:18.3: [15ad:07a0] type 01 class 0x060400
[    1.092331] pci 0000:00:18.3: PME# supported from D0 D3hot D3cold
[    1.092331] pci 0000:00:18.4: [15ad:07a0] type 01 class 0x060400
[    1.093774] pci 0000:00:18.4: PME# supported from D0 D3hot D3cold
[    1.094335] pci 0000:00:18.5: [15ad:07a0] type 01 class 0x060400
[    1.095758] pci 0000:00:18.5: PME# supported from D0 D3hot D3cold
[    1.096331] pci 0000:00:18.6: [15ad:07a0] type 01 class 0x060400
[    1.096331] pci 0000:00:18.6: PME# supported from D0 D3hot D3cold
[    1.096920] pci 0000:00:18.7: [15ad:07a0] type 01 class 0x060400
[    1.098453] pci 0000:00:18.7: PME# supported from D0 D3hot D3cold
[    1.112331] pci_bus 0000:01: extended config space not accessible
[    1.156331] pci 0000:00:01.0: PCI bridge to [bus 01]
[    1.156472] pci_bus 0000:02: extended config space not accessible
[    1.156736] acpiphp: Slot [32] registered
[    1.156797] acpiphp: Slot [33] registered
[    1.156825] acpiphp: Slot [34] registered
[    1.156851] acpiphp: Slot [35] registered
[    1.156877] acpiphp: Slot [36] registered
[    1.156902] acpiphp: Slot [37] registered
[    1.156928] acpiphp: Slot [38] registered
[    1.156953] acpiphp: Slot [39] registered
[    1.156978] acpiphp: Slot [40] registered
[    1.157004] acpiphp: Slot [41] registered
[    1.157029] acpiphp: Slot [42] registered
[    1.157054] acpiphp: Slot [43] registered
[    1.157079] acpiphp: Slot [44] registered
[    1.157104] acpiphp: Slot [45] registered
[    1.157216] acpiphp: Slot [46] registered
[    1.157248] acpiphp: Slot [47] registered
[    1.157275] acpiphp: Slot [48] registered
[    1.157311] acpiphp: Slot [49] registered
[    1.157339] acpiphp: Slot [50] registered
[    1.157365] acpiphp: Slot [51] registered
[    1.157404] acpiphp: Slot [52] registered
[    1.157435] acpiphp: Slot [53] registered
[    1.157469] acpiphp: Slot [54] registered
[    1.157496] acpiphp: Slot [55] registered
[    1.157521] acpiphp: Slot [56] registered
[    1.157545] acpiphp: Slot [57] registered
[    1.157593] acpiphp: Slot [58] registered
[    1.157649] acpiphp: Slot [59] registered
[    1.157675] acpiphp: Slot [60] registered
[    1.157701] acpiphp: Slot [61] registered
[    1.157726] acpiphp: Slot [62] registered
[    1.157752] acpiphp: Slot [63] registered
[    1.157858] pci 0000:02:00.0: [15ad:0774] type 00 class 0x0c0300
[    1.159558] pci 0000:02:00.0: reg 0x20: [io  0x2080-0x209f]
[    1.163117] pci 0000:02:01.0: [8086:100f] type 00 class 0x020000
[    1.163850] pci 0000:02:01.0: reg 0x10: [mem 0xfd5c0000-0xfd5dffff 64bit]
[    1.164331] pci 0000:02:01.0: reg 0x18: [mem 0xfdff0000-0xfdffffff 64bit]
[    1.164331] pci 0000:02:01.0: reg 0x20: [io  0x2000-0x203f]
[    1.164331] pci 0000:02:01.0: reg 0x30: [mem 0x00000000-0x0000ffff pref]
[    1.164331] pci 0000:02:01.0: PME# supported from D0 D3hot D3cold
[    1.165944] pci 0000:02:02.0: [1274:1371] type 00 class 0x040100
[    1.166272] pci 0000:02:02.0: reg 0x10: [io  0x2040-0x207f]
[    1.168331] pci 0000:02:03.0: [15ad:0770] type 00 class 0x0c0320
[    1.168652] pci 0000:02:03.0: reg 0x10: [mem 0xfd5ef000-0xfd5effff]
[    1.174321] pci 0000:02:05.0: [15ad:07e0] type 00 class 0x010601
[    1.175809] pci 0000:02:05.0: reg 0x24: [mem 0xfd5ee000-0xfd5eefff]
[    1.176019] pci 0000:02:05.0: reg 0x30: [mem 0x00000000-0x0000ffff pref]
[    1.176331] pci 0000:02:05.0: PME# supported from D3hot
[    1.216331] pci 0000:00:11.0: PCI bridge to [bus 02] (subtractive decode)
[    1.216331] pci 0000:00:11.0:   bridge window [io  0x2000-0x3fff]
[    1.216331] pci 0000:00:11.0:   bridge window [mem 0xfd500000-0xfdffffff]
[    1.216331] pci 0000:00:11.0:   bridge window [mem 0xe7b00000-0xe7ffffff 64bit pref]
[    1.216331] pci 0000:00:11.0:   bridge window [mem 0x000a0000-0x000bffff window] (subtractive decode)
[    1.216331] pci 0000:00:11.0:   bridge window [mem 0x000d0000-0x000d3fff window] (subtractive decode)
[    1.216331] pci 0000:00:11.0:   bridge window [mem 0x000d4000-0x000d7fff window] (subtractive decode)
[    1.216331] pci 0000:00:11.0:   bridge window [mem 0x000d8000-0x000dbfff window] (subtractive decode)
[    1.216331] pci 0000:00:11.0:   bridge window [mem 0xc0000000-0xfebfffff window] (subtractive decode)
[    1.216331] pci 0000:00:11.0:   bridge window [io  0x0000-0x0cf7 window] (subtractive decode)
[    1.216331] pci 0000:00:11.0:   bridge window [io  0x0d00-0xfeff window] (subtractive decode)
[    1.262333] pci 0000:00:15.0: PCI bridge to [bus 03]
[    1.262399] pci 0000:00:15.0:   bridge window [io  0x4000-0x4fff]
[    1.262439] pci 0000:00:15.0:   bridge window [mem 0xfd400000-0xfd4fffff]
[    1.262532] pci 0000:00:15.0:   bridge window [mem 0xe7a00000-0xe7afffff 64bit pref]
[    1.310089] pci 0000:00:15.1: PCI bridge to [bus 04]
[    1.310128] pci 0000:00:15.1:   bridge window [io  0x8000-0x8fff]
[    1.310159] pci 0000:00:15.1:   bridge window [mem 0xfd000000-0xfd0fffff]
[    1.310246] pci 0000:00:15.1:   bridge window [mem 0xe7600000-0xe76fffff 64bit pref]
[    1.356331] pci 0000:00:15.2: PCI bridge to [bus 05]
[    1.356331] pci 0000:00:15.2:   bridge window [io  0xc000-0xcfff]
[    1.356331] pci 0000:00:15.2:   bridge window [mem 0xfcc00000-0xfccfffff]
[    1.356331] pci 0000:00:15.2:   bridge window [mem 0xe7200000-0xe72fffff 64bit pref]
[    1.397184] pci 0000:00:15.3: PCI bridge to [bus 06]
[    1.397251] pci 0000:00:15.3:   bridge window [mem 0xfc800000-0xfc8fffff]
[    1.397305] pci 0000:00:15.3:   bridge window [mem 0xe6e00000-0xe6efffff 64bit pref]
[    1.440331] pci 0000:00:15.4: PCI bridge to [bus 07]
[    1.440331] pci 0000:00:15.4:   bridge window [mem 0xfc400000-0xfc4fffff]
[    1.440331] pci 0000:00:15.4:   bridge window [mem 0xe6a00000-0xe6afffff 64bit pref]
[    1.524331] pci 0000:00:15.5: PCI bridge to [bus 08]
[    1.524331] pci 0000:00:15.5:   bridge window [mem 0xfc000000-0xfc0fffff]
[    1.524331] pci 0000:00:15.5:   bridge window [mem 0xe6600000-0xe66fffff 64bit pref]
[    1.572348] pci 0000:00:15.6: PCI bridge to [bus 09]
[    1.572348] pci 0000:00:15.6:   bridge window [mem 0xfbc00000-0xfbcfffff]
[    1.572348] pci 0000:00:15.6:   bridge window [mem 0xe6200000-0xe62fffff 64bit pref]
[    1.616331] pci 0000:00:15.7: PCI bridge to [bus 0a]
[    1.616331] pci 0000:00:15.7:   bridge window [mem 0xfb800000-0xfb8fffff]
[    1.616331] pci 0000:00:15.7:   bridge window [mem 0xe5e00000-0xe5efffff 64bit pref]
[    1.672484] pci 0000:00:16.0: PCI bridge to [bus 0b]
[    1.672526] pci 0000:00:16.0:   bridge window [io  0x5000-0x5fff]
[    1.672558] pci 0000:00:16.0:   bridge window [mem 0xfd300000-0xfd3fffff]
[    1.672618] pci 0000:00:16.0:   bridge window [mem 0xe7900000-0xe79fffff 64bit pref]
[    1.718307] pci 0000:00:16.1: PCI bridge to [bus 0c]
[    1.718340] pci 0000:00:16.1:   bridge window [io  0x9000-0x9fff]
[    1.718367] pci 0000:00:16.1:   bridge window [mem 0xfcf00000-0xfcffffff]
[    1.718419] pci 0000:00:16.1:   bridge window [mem 0xe7500000-0xe75fffff 64bit pref]
[    1.766050] pci 0000:00:16.2: PCI bridge to [bus 0d]
[    1.766088] pci 0000:00:16.2:   bridge window [io  0xd000-0xdfff]
[    1.766119] pci 0000:00:16.2:   bridge window [mem 0xfcb00000-0xfcbfffff]
[    1.766183] pci 0000:00:16.2:   bridge window [mem 0xe7100000-0xe71fffff 64bit pref]
[    1.808331] pci 0000:00:16.3: PCI bridge to [bus 0e]
[    1.808331] pci 0000:00:16.3:   bridge window [mem 0xfc700000-0xfc7fffff]
[    1.808331] pci 0000:00:16.3:   bridge window [mem 0xe6d00000-0xe6dfffff 64bit pref]
[    1.853600] pci 0000:00:16.4: PCI bridge to [bus 0f]
[    1.853661] pci 0000:00:16.4:   bridge window [mem 0xfc300000-0xfc3fffff]
[    1.853715] pci 0000:00:16.4:   bridge window [mem 0xe6900000-0xe69fffff 64bit pref]
[    1.903267] pci 0000:00:16.5: PCI bridge to [bus 10]
[    1.903351] pci 0000:00:16.5:   bridge window [mem 0xfbf00000-0xfbffffff]
[    1.903402] pci 0000:00:16.5:   bridge window [mem 0xe6500000-0xe65fffff 64bit pref]
[    1.944165] pci 0000:00:16.6: PCI bridge to [bus 11]
[    1.944238] pci 0000:00:16.6:   bridge window [mem 0xfbb00000-0xfbbfffff]
[    1.944306] pci 0000:00:16.6:   bridge window [mem 0xe6100000-0xe61fffff 64bit pref]
[    1.990938] pci 0000:00:16.7: PCI bridge to [bus 12]
[    1.990999] pci 0000:00:16.7:   bridge window [mem 0xfb700000-0xfb7fffff]
[    1.991052] pci 0000:00:16.7:   bridge window [mem 0xe5d00000-0xe5dfffff 64bit pref]
[    2.028331] pci 0000:00:17.0: PCI bridge to [bus 13]
[    2.028331] pci 0000:00:17.0:   bridge window [io  0x6000-0x6fff]
[    2.028331] pci 0000:00:17.0:   bridge window [mem 0xfd200000-0xfd2fffff]
[    2.028331] pci 0000:00:17.0:   bridge window [mem 0xe7800000-0xe78fffff 64bit pref]
[    2.071324] pci 0000:00:17.1: PCI bridge to [bus 14]
[    2.071366] pci 0000:00:17.1:   bridge window [io  0xa000-0xafff]
[    2.071393] pci 0000:00:17.1:   bridge window [mem 0xfce00000-0xfcefffff]
[    2.071445] pci 0000:00:17.1:   bridge window [mem 0xe7400000-0xe74fffff 64bit pref]
[    2.117420] pci 0000:00:17.2: PCI bridge to [bus 15]
[    2.117454] pci 0000:00:17.2:   bridge window [io  0xe000-0xefff]
[    2.117481] pci 0000:00:17.2:   bridge window [mem 0xfca00000-0xfcafffff]
[    2.117534] pci 0000:00:17.2:   bridge window [mem 0xe7000000-0xe70fffff 64bit pref]
[    2.188331] pci 0000:00:17.3: PCI bridge to [bus 16]
[    2.188331] pci 0000:00:17.3:   bridge window [mem 0xfc600000-0xfc6fffff]
[    2.188331] pci 0000:00:17.3:   bridge window [mem 0xe6c00000-0xe6cfffff 64bit pref]
[    2.236331] pci 0000:00:17.4: PCI bridge to [bus 17]
[    2.236331] pci 0000:00:17.4:   bridge window [mem 0xfc200000-0xfc2fffff]
[    2.236331] pci 0000:00:17.4:   bridge window [mem 0xe6800000-0xe68fffff 64bit pref]
[    2.290538] pci 0000:00:17.5: PCI bridge to [bus 18]
[    2.290638] pci 0000:00:17.5:   bridge window [mem 0xfbe00000-0xfbefffff]
[    2.290709] pci 0000:00:17.5:   bridge window [mem 0xe6400000-0xe64fffff 64bit pref]
[    2.332331] pci 0000:00:17.6: PCI bridge to [bus 19]
[    2.332331] pci 0000:00:17.6:   bridge window [mem 0xfba00000-0xfbafffff]
[    2.332331] pci 0000:00:17.6:   bridge window [mem 0xe6000000-0xe60fffff 64bit pref]
[    2.384331] pci 0000:00:17.7: PCI bridge to [bus 1a]
[    2.384331] pci 0000:00:17.7:   bridge window [mem 0xfb600000-0xfb6fffff]
[    2.384331] pci 0000:00:17.7:   bridge window [mem 0xe5c00000-0xe5cfffff 64bit pref]
[    2.432035] pci 0000:00:18.0: PCI bridge to [bus 1b]
[    2.432075] pci 0000:00:18.0:   bridge window [io  0x7000-0x7fff]
[    2.432108] pci 0000:00:18.0:   bridge window [mem 0xfd100000-0xfd1fffff]
[    2.432183] pci 0000:00:18.0:   bridge window [mem 0xe7700000-0xe77fffff 64bit pref]
[    2.476331] pci 0000:00:18.1: PCI bridge to [bus 1c]
[    2.476331] pci 0000:00:18.1:   bridge window [io  0xb000-0xbfff]
[    2.476331] pci 0000:00:18.1:   bridge window [mem 0xfcd00000-0xfcdfffff]
[    2.476331] pci 0000:00:18.1:   bridge window [mem 0xe7300000-0xe73fffff 64bit pref]
[    2.524349] pci 0000:00:18.2: PCI bridge to [bus 1d]
[    2.524349] pci 0000:00:18.2:   bridge window [mem 0xfc900000-0xfc9fffff]
[    2.524349] pci 0000:00:18.2:   bridge window [mem 0xe6f00000-0xe6ffffff 64bit pref]
[    2.605106] pci 0000:00:18.3: PCI bridge to [bus 1e]
[    2.605166] pci 0000:00:18.3:   bridge window [mem 0xfc500000-0xfc5fffff]
[    2.605220] pci 0000:00:18.3:   bridge window [mem 0xe6b00000-0xe6bfffff 64bit pref]
[    2.645671] pci 0000:00:18.4: PCI bridge to [bus 1f]
[    2.645734] pci 0000:00:18.4:   bridge window [mem 0xfc100000-0xfc1fffff]
[    2.645791] pci 0000:00:18.4:   bridge window [mem 0xe6700000-0xe67fffff 64bit pref]
[    2.689430] pci 0000:00:18.5: PCI bridge to [bus 20]
[    2.689562] pci 0000:00:18.5:   bridge window [mem 0xfbd00000-0xfbdfffff]
[    2.689653] pci 0000:00:18.5:   bridge window [mem 0xe6300000-0xe63fffff 64bit pref]
[    2.728331] pci 0000:00:18.6: PCI bridge to [bus 21]
[    2.728377] pci 0000:00:18.6:   bridge window [mem 0xfb900000-0xfb9fffff]
[    2.728430] pci 0000:00:18.6:   bridge window [mem 0xe5f00000-0xe5ffffff 64bit pref]
[    2.771861] pci 0000:00:18.7: PCI bridge to [bus 22]
[    2.771920] pci 0000:00:18.7:   bridge window [mem 0xfb500000-0xfb5fffff]
[    2.771971] pci 0000:00:18.7:   bridge window [mem 0xe5b00000-0xe5bfffff 64bit pref]
[    2.774577] ACPI: PCI Interrupt Link [LNKA] (IRQs 3 4 5 6 7 *9 10 11 14 15)
[    2.774690] ACPI: PCI Interrupt Link [LNKB] (IRQs 3 4 5 6 7 9 10 *11 14 15)
[    2.774801] ACPI: PCI Interrupt Link [LNKC] (IRQs 3 4 5 6 7 9 *10 11 14 15)
[    2.774910] ACPI: PCI Interrupt Link [LNKD] (IRQs 3 4 5 6 *7 9 10 11 14 15)
[    2.809825] iommu: Default domain type: Translated 
[    2.809825] SCSI subsystem initialized
[    2.809825] libata version 3.00 loaded.
[    2.809825] pci 0000:00:0f.0: vgaarb: setting as boot VGA device
[    2.809825] pci 0000:00:0f.0: vgaarb: VGA device added: decodes=io+mem,owns=io+mem,locks=none
[    2.809825] pci 0000:00:0f.0: vgaarb: bridge control possible
[    2.809825] vgaarb: loaded
[    2.809825] ACPI: bus type USB registered
[    2.809825] usbcore: registered new interface driver usbfs
[    2.809825] usbcore: registered new interface driver hub
[    2.809825] usbcore: registered new device driver usb
[    2.809825] pps_core: LinuxPPS API ver. 1 registered
[    2.809825] pps_core: Software ver. 5.3.6 - Copyright 2005-2007 Rodolfo Giometti <giometti@linux.it>
[    2.809825] PTP clock support registered
[    2.812620] EDAC MC: Ver: 3.0.0
[    2.814941] NetLabel: Initializing
[    2.814941] NetLabel:  domain hash size = 128
[    2.814941] NetLabel:  protocols = UNLABELED CIPSOv4 CALIPSO
[    2.814941] NetLabel:  unlabeled traffic allowed by default
[    2.814941] PCI: Using ACPI for IRQ routing
[    3.024331] PCI: pci_cache_line_size set to 64 bytes
[    3.024331] e820: reserve RAM buffer [mem 0x0009e800-0x0009ffff]
[    3.024331] e820: reserve RAM buffer [mem 0xbfed0000-0xbfffffff]
[    3.026316] hpet0: at MMIO 0xfed00000, IRQs 2, 8, 0, 0, 0, 0, 0, 0, 0, 0, 0, 0, 0, 0, 0, 0
[    3.026424] hpet0: 16 comparators, 64-bit 14.318180 MHz counter
[    3.028331] clocksource: Switched to clocksource tsc-early
[    3.123367] VFS: Disk quotas dquot_6.6.0
[    3.123437] VFS: Dquot-cache hash table entries: 512 (order 0, 4096 bytes)
[    3.124094] AppArmor: AppArmor Filesystem Enabled
[    3.124212] pnp: PnP ACPI init
[    3.124487] system 00:00: [io  0x1000-0x103f] has been reserved
[    3.124488] system 00:00: [io  0x1040-0x104f] has been reserved
[    3.124490] system 00:00: [io  0x0cf0-0x0cf1] has been reserved
[    3.124495] system 00:00: Plug and Play ACPI device, IDs PNP0c02 (active)
[    3.124521] pnp 00:01: Plug and Play ACPI device, IDs PNP0b00 (active)
[    3.124587] pnp 00:02: Plug and Play ACPI device, IDs PNP0303 (active)
[    3.124607] pnp 00:03: Plug and Play ACPI device, IDs VMW0003 PNP0f13 (active)
[    3.124940] system 00:04: [mem 0xfed00000-0xfed003ff] has been reserved
[    3.124944] system 00:04: Plug and Play ACPI device, IDs PNP0103 PNP0c01 (active)
[    3.127539] pnp 00:05: Plug and Play ACPI device, IDs PNP0501 (active)
[    3.128181] system 00:06: [io  0xfce0-0xfcff] has been reserved
[    3.128184] system 00:06: [mem 0xf0000000-0xf7ffffff] has been reserved
[    3.128248] system 00:06: [mem 0xfe800000-0xfe9fffff] has been reserved
[    3.128254] system 00:06: Plug and Play ACPI device, IDs PNP0c02 (active)
[    3.170327] pnp: PnP ACPI: found 7 devices
[    3.176745] clocksource: acpi_pm: mask: 0xffffff max_cycles: 0xffffff, max_idle_ns: 2085701024 ns
[    3.176745] NET: Registered protocol family 2
[    3.191646] tcp_listen_portaddr_hash hash table entries: 2048 (order: 3, 32768 bytes, linear)
[    3.192533] TCP established hash table entries: 32768 (order: 6, 262144 bytes, linear)
[    3.194609] TCP bind hash table entries: 32768 (order: 7, 524288 bytes, linear)
[    3.194644] TCP: Hash tables configured (established 32768 bind 32768)
[    3.197331] UDP hash table entries: 2048 (order: 4, 65536 bytes, linear)
[    3.197669] UDP-Lite hash table entries: 2048 (order: 4, 65536 bytes, linear)
[    3.198662] NET: Registered protocol family 1
[    3.198666] NET: Registered protocol family 44
[    3.198701] pci 0000:00:15.3: bridge window [io  0x1000-0x0fff] to [bus 06] add_size 1000
[    3.198703] pci 0000:00:15.4: bridge window [io  0x1000-0x0fff] to [bus 07] add_size 1000
[    3.198703] pci 0000:00:15.5: bridge window [io  0x1000-0x0fff] to [bus 08] add_size 1000
[    3.198704] pci 0000:00:15.6: bridge window [io  0x1000-0x0fff] to [bus 09] add_size 1000
[    3.198705] pci 0000:00:15.7: bridge window [io  0x1000-0x0fff] to [bus 0a] add_size 1000
[    3.198706] pci 0000:00:16.3: bridge window [io  0x1000-0x0fff] to [bus 0e] add_size 1000
[    3.198707] pci 0000:00:16.4: bridge window [io  0x1000-0x0fff] to [bus 0f] add_size 1000
[    3.198708] pci 0000:00:16.5: bridge window [io  0x1000-0x0fff] to [bus 10] add_size 1000
[    3.198709] pci 0000:00:16.6: bridge window [io  0x1000-0x0fff] to [bus 11] add_size 1000
[    3.198709] pci 0000:00:16.7: bridge window [io  0x1000-0x0fff] to [bus 12] add_size 1000
[    3.198711] pci 0000:00:17.3: bridge window [io  0x1000-0x0fff] to [bus 16] add_size 1000
[    3.198711] pci 0000:00:17.4: bridge window [io  0x1000-0x0fff] to [bus 17] add_size 1000
[    3.198712] pci 0000:00:17.5: bridge window [io  0x1000-0x0fff] to [bus 18] add_size 1000
[    3.198713] pci 0000:00:17.6: bridge window [io  0x1000-0x0fff] to [bus 19] add_size 1000
[    3.198714] pci 0000:00:17.7: bridge window [io  0x1000-0x0fff] to [bus 1a] add_size 1000
[    3.198715] pci 0000:00:18.2: bridge window [io  0x1000-0x0fff] to [bus 1d] add_size 1000
[    3.198716] pci 0000:00:18.3: bridge window [io  0x1000-0x0fff] to [bus 1e] add_size 1000
[    3.198717] pci 0000:00:18.4: bridge window [io  0x1000-0x0fff] to [bus 1f] add_size 1000
[    3.198718] pci 0000:00:18.5: bridge window [io  0x1000-0x0fff] to [bus 20] add_size 1000
[    3.198719] pci 0000:00:18.6: bridge window [io  0x1000-0x0fff] to [bus 21] add_size 1000
[    3.198719] pci 0000:00:18.7: bridge window [io  0x1000-0x0fff] to [bus 22] add_size 1000
[    3.198753] pci 0000:00:0f.0: BAR 6: assigned [mem 0xc0000000-0xc0007fff pref]
[    3.198755] pci 0000:00:10.0: BAR 6: assigned [mem 0xc0008000-0xc000bfff pref]
[    3.198757] pci 0000:00:15.3: BAR 13: no space for [io  size 0x1000]
[    3.198758] pci 0000:00:15.3: BAR 13: failed to assign [io  size 0x1000]
[    3.198760] pci 0000:00:15.4: BAR 13: no space for [io  size 0x1000]
[    3.198760] pci 0000:00:15.4: BAR 13: failed to assign [io  size 0x1000]
[    3.198762] pci 0000:00:15.5: BAR 13: no space for [io  size 0x1000]
[    3.198762] pci 0000:00:15.5: BAR 13: failed to assign [io  size 0x1000]
[    3.198763] pci 0000:00:15.6: BAR 13: no space for [io  size 0x1000]
[    3.198764] pci 0000:00:15.6: BAR 13: failed to assign [io  size 0x1000]
[    3.198765] pci 0000:00:15.7: BAR 13: no space for [io  size 0x1000]
[    3.198766] pci 0000:00:15.7: BAR 13: failed to assign [io  size 0x1000]
[    3.198767] pci 0000:00:16.3: BAR 13: no space for [io  size 0x1000]
[    3.198767] pci 0000:00:16.3: BAR 13: failed to assign [io  size 0x1000]
[    3.198769] pci 0000:00:16.4: BAR 13: no space for [io  size 0x1000]
[    3.198769] pci 0000:00:16.4: BAR 13: failed to assign [io  size 0x1000]
[    3.198770] pci 0000:00:16.5: BAR 13: no space for [io  size 0x1000]
[    3.198771] pci 0000:00:16.5: BAR 13: failed to assign [io  size 0x1000]
[    3.198772] pci 0000:00:16.6: BAR 13: no space for [io  size 0x1000]
[    3.198773] pci 0000:00:16.6: BAR 13: failed to assign [io  size 0x1000]
[    3.198774] pci 0000:00:16.7: BAR 13: no space for [io  size 0x1000]
[    3.198774] pci 0000:00:16.7: BAR 13: failed to assign [io  size 0x1000]
[    3.198776] pci 0000:00:17.3: BAR 13: no space for [io  size 0x1000]
[    3.198776] pci 0000:00:17.3: BAR 13: failed to assign [io  size 0x1000]
[    3.198777] pci 0000:00:17.4: BAR 13: no space for [io  size 0x1000]
[    3.198778] pci 0000:00:17.4: BAR 13: failed to assign [io  size 0x1000]
[    3.198779] pci 0000:00:17.5: BAR 13: no space for [io  size 0x1000]
[    3.198780] pci 0000:00:17.5: BAR 13: failed to assign [io  size 0x1000]
[    3.198799] pci 0000:00:17.6: BAR 13: no space for [io  size 0x1000]
[    3.198799] pci 0000:00:17.6: BAR 13: failed to assign [io  size 0x1000]
[    3.198801] pci 0000:00:17.7: BAR 13: no space for [io  size 0x1000]
[    3.198801] pci 0000:00:17.7: BAR 13: failed to assign [io  size 0x1000]
[    3.198802] pci 0000:00:18.2: BAR 13: no space for [io  size 0x1000]
[    3.198803] pci 0000:00:18.2: BAR 13: failed to assign [io  size 0x1000]
[    3.198804] pci 0000:00:18.3: BAR 13: no space for [io  size 0x1000]
[    3.198805] pci 0000:00:18.3: BAR 13: failed to assign [io  size 0x1000]
[    3.198806] pci 0000:00:18.4: BAR 13: no space for [io  size 0x1000]
[    3.198806] pci 0000:00:18.4: BAR 13: failed to assign [io  size 0x1000]
[    3.198808] pci 0000:00:18.5: BAR 13: no space for [io  size 0x1000]
[    3.198808] pci 0000:00:18.5: BAR 13: failed to assign [io  size 0x1000]
[    3.198809] pci 0000:00:18.6: BAR 13: no space for [io  size 0x1000]
[    3.198810] pci 0000:00:18.6: BAR 13: failed to assign [io  size 0x1000]
[    3.198811] pci 0000:00:18.7: BAR 13: no space for [io  size 0x1000]
[    3.198812] pci 0000:00:18.7: BAR 13: failed to assign [io  size 0x1000]
[    3.198815] pci 0000:00:18.7: BAR 13: no space for [io  size 0x1000]
[    3.198816] pci 0000:00:18.7: BAR 13: failed to assign [io  size 0x1000]
[    3.198817] pci 0000:00:18.6: BAR 13: no space for [io  size 0x1000]
[    3.198818] pci 0000:00:18.6: BAR 13: failed to assign [io  size 0x1000]
[    3.198819] pci 0000:00:18.5: BAR 13: no space for [io  size 0x1000]
[    3.198819] pci 0000:00:18.5: BAR 13: failed to assign [io  size 0x1000]
[    3.198821] pci 0000:00:18.4: BAR 13: no space for [io  size 0x1000]
[    3.198821] pci 0000:00:18.4: BAR 13: failed to assign [io  size 0x1000]
[    3.198822] pci 0000:00:18.3: BAR 13: no space for [io  size 0x1000]
[    3.198823] pci 0000:00:18.3: BAR 13: failed to assign [io  size 0x1000]
[    3.198824] pci 0000:00:18.2: BAR 13: no space for [io  size 0x1000]
[    3.198825] pci 0000:00:18.2: BAR 13: failed to assign [io  size 0x1000]
[    3.198826] pci 0000:00:17.7: BAR 13: no space for [io  size 0x1000]
[    3.198826] pci 0000:00:17.7: BAR 13: failed to assign [io  size 0x1000]
[    3.198828] pci 0000:00:17.6: BAR 13: no space for [io  size 0x1000]
[    3.198828] pci 0000:00:17.6: BAR 13: failed to assign [io  size 0x1000]
[    3.198829] pci 0000:00:17.5: BAR 13: no space for [io  size 0x1000]
[    3.198830] pci 0000:00:17.5: BAR 13: failed to assign [io  size 0x1000]
[    3.198831] pci 0000:00:17.4: BAR 13: no space for [io  size 0x1000]
[    3.198832] pci 0000:00:17.4: BAR 13: failed to assign [io  size 0x1000]
[    3.198833] pci 0000:00:17.3: BAR 13: no space for [io  size 0x1000]
[    3.198833] pci 0000:00:17.3: BAR 13: failed to assign [io  size 0x1000]
[    3.198835] pci 0000:00:16.7: BAR 13: no space for [io  size 0x1000]
[    3.198835] pci 0000:00:16.7: BAR 13: failed to assign [io  size 0x1000]
[    3.198836] pci 0000:00:16.6: BAR 13: no space for [io  size 0x1000]
[    3.198837] pci 0000:00:16.6: BAR 13: failed to assign [io  size 0x1000]
[    3.198838] pci 0000:00:16.5: BAR 13: no space for [io  size 0x1000]
[    3.198839] pci 0000:00:16.5: BAR 13: failed to assign [io  size 0x1000]
[    3.198840] pci 0000:00:16.4: BAR 13: no space for [io  size 0x1000]
[    3.198840] pci 0000:00:16.4: BAR 13: failed to assign [io  size 0x1000]
[    3.198841] pci 0000:00:16.3: BAR 13: no space for [io  size 0x1000]
[    3.198842] pci 0000:00:16.3: BAR 13: failed to assign [io  size 0x1000]
[    3.198843] pci 0000:00:15.7: BAR 13: no space for [io  size 0x1000]
[    3.198844] pci 0000:00:15.7: BAR 13: failed to assign [io  size 0x1000]
[    3.198845] pci 0000:00:15.6: BAR 13: no space for [io  size 0x1000]
[    3.198845] pci 0000:00:15.6: BAR 13: failed to assign [io  size 0x1000]
[    3.198847] pci 0000:00:15.5: BAR 13: no space for [io  size 0x1000]
[    3.198847] pci 0000:00:15.5: BAR 13: failed to assign [io  size 0x1000]
[    3.198848] pci 0000:00:15.4: BAR 13: no space for [io  size 0x1000]
[    3.198849] pci 0000:00:15.4: BAR 13: failed to assign [io  size 0x1000]
[    3.198850] pci 0000:00:15.3: BAR 13: no space for [io  size 0x1000]
[    3.198851] pci 0000:00:15.3: BAR 13: failed to assign [io  size 0x1000]
[    3.198852] pci 0000:00:01.0: PCI bridge to [bus 01]
[    3.199092] pci 0000:02:01.0: BAR 6: assigned [mem 0xfd500000-0xfd50ffff pref]
[    3.199094] pci 0000:02:05.0: BAR 6: assigned [mem 0xfd510000-0xfd51ffff pref]
[    3.199095] pci 0000:00:11.0: PCI bridge to [bus 02]
[    3.199117] pci 0000:00:11.0:   bridge window [io  0x2000-0x3fff]
[    3.199185] pci 0000:00:11.0:   bridge window [mem 0xfd500000-0xfdffffff]
[    3.199215] pci 0000:00:11.0:   bridge window [mem 0xe7b00000-0xe7ffffff 64bit pref]
[    3.199276] pci 0000:00:15.0: PCI bridge to [bus 03]
[    3.199303] pci 0000:00:15.0:   bridge window [io  0x4000-0x4fff]
[    3.199375] pci 0000:00:15.0:   bridge window [mem 0xfd400000-0xfd4fffff]
[    3.199405] pci 0000:00:15.0:   bridge window [mem 0xe7a00000-0xe7afffff 64bit pref]
[    3.199532] pci 0000:00:15.1: PCI bridge to [bus 04]
[    3.199569] pci 0000:00:15.1:   bridge window [io  0x8000-0x8fff]
[    3.199613] pci 0000:00:15.1:   bridge window [mem 0xfd000000-0xfd0fffff]
[    3.199643] pci 0000:00:15.1:   bridge window [mem 0xe7600000-0xe76fffff 64bit pref]
[    3.199738] pci 0000:00:15.2: PCI bridge to [bus 05]
[    3.199759] pci 0000:00:15.2:   bridge window [io  0xc000-0xcfff]
[    3.199804] pci 0000:00:15.2:   bridge window [mem 0xfcc00000-0xfccfffff]
[    3.199833] pci 0000:00:15.2:   bridge window [mem 0xe7200000-0xe72fffff 64bit pref]
[    3.199917] pci 0000:00:15.3: PCI bridge to [bus 06]
[    3.199962] pci 0000:00:15.3:   bridge window [mem 0xfc800000-0xfc8fffff]
[    3.199991] pci 0000:00:15.3:   bridge window [mem 0xe6e00000-0xe6efffff 64bit pref]
[    3.200076] pci 0000:00:15.4: PCI bridge to [bus 07]
[    3.200121] pci 0000:00:15.4:   bridge window [mem 0xfc400000-0xfc4fffff]
[    3.200150] pci 0000:00:15.4:   bridge window [mem 0xe6a00000-0xe6afffff 64bit pref]
[    3.200234] pci 0000:00:15.5: PCI bridge to [bus 08]
[    3.200279] pci 0000:00:15.5:   bridge window [mem 0xfc000000-0xfc0fffff]
[    3.200308] pci 0000:00:15.5:   bridge window [mem 0xe6600000-0xe66fffff 64bit pref]
[    3.200393] pci 0000:00:15.6: PCI bridge to [bus 09]
[    3.200437] pci 0000:00:15.6:   bridge window [mem 0xfbc00000-0xfbcfffff]
[    3.200467] pci 0000:00:15.6:   bridge window [mem 0xe6200000-0xe62fffff 64bit pref]
[    3.200552] pci 0000:00:15.7: PCI bridge to [bus 0a]
[    3.200596] pci 0000:00:15.7:   bridge window [mem 0xfb800000-0xfb8fffff]
[    3.200625] pci 0000:00:15.7:   bridge window [mem 0xe5e00000-0xe5efffff 64bit pref]
[    3.200723] pci 0000:00:16.0: PCI bridge to [bus 0b]
[    3.200825] pci 0000:00:16.0:   bridge window [io  0x5000-0x5fff]
[    3.200872] pci 0000:00:16.0:   bridge window [mem 0xfd300000-0xfd3fffff]
[    3.200901] pci 0000:00:16.0:   bridge window [mem 0xe7900000-0xe79fffff 64bit pref]
[    3.200988] pci 0000:00:16.1: PCI bridge to [bus 0c]
[    3.201008] pci 0000:00:16.1:   bridge window [io  0x9000-0x9fff]
[    3.201053] pci 0000:00:16.1:   bridge window [mem 0xfcf00000-0xfcffffff]
[    3.201082] pci 0000:00:16.1:   bridge window [mem 0xe7500000-0xe75fffff 64bit pref]
[    3.201169] pci 0000:00:16.2: PCI bridge to [bus 0d]
[    3.201189] pci 0000:00:16.2:   bridge window [io  0xd000-0xdfff]
[    3.201234] pci 0000:00:16.2:   bridge window [mem 0xfcb00000-0xfcbfffff]
[    3.201263] pci 0000:00:16.2:   bridge window [mem 0xe7100000-0xe71fffff 64bit pref]
[    3.201348] pci 0000:00:16.3: PCI bridge to [bus 0e]
[    3.201393] pci 0000:00:16.3:   bridge window [mem 0xfc700000-0xfc7fffff]
[    3.201422] pci 0000:00:16.3:   bridge window [mem 0xe6d00000-0xe6dfffff 64bit pref]
[    3.201505] pci 0000:00:16.4: PCI bridge to [bus 0f]
[    3.201549] pci 0000:00:16.4:   bridge window [mem 0xfc300000-0xfc3fffff]
[    3.201578] pci 0000:00:16.4:   bridge window [mem 0xe6900000-0xe69fffff 64bit pref]
[    3.201677] pci 0000:00:16.5: PCI bridge to [bus 10]
[    3.201726] pci 0000:00:16.5:   bridge window [mem 0xfbf00000-0xfbffffff]
[    3.201756] pci 0000:00:16.5:   bridge window [mem 0xe6500000-0xe65fffff 64bit pref]
[    3.201842] pci 0000:00:16.6: PCI bridge to [bus 11]
[    3.201888] pci 0000:00:16.6:   bridge window [mem 0xfbb00000-0xfbbfffff]
[    3.201918] pci 0000:00:16.6:   bridge window [mem 0xe6100000-0xe61fffff 64bit pref]
[    3.202004] pci 0000:00:16.7: PCI bridge to [bus 12]
[    3.202050] pci 0000:00:16.7:   bridge window [mem 0xfb700000-0xfb7fffff]
[    3.202080] pci 0000:00:16.7:   bridge window [mem 0xe5d00000-0xe5dfffff 64bit pref]
[    3.202166] pci 0000:00:17.0: PCI bridge to [bus 13]
[    3.202186] pci 0000:00:17.0:   bridge window [io  0x6000-0x6fff]
[    3.202232] pci 0000:00:17.0:   bridge window [mem 0xfd200000-0xfd2fffff]
[    3.202262] pci 0000:00:17.0:   bridge window [mem 0xe7800000-0xe78fffff 64bit pref]
[    3.202350] pci 0000:00:17.1: PCI bridge to [bus 14]
[    3.202370] pci 0000:00:17.1:   bridge window [io  0xa000-0xafff]
[    3.202416] pci 0000:00:17.1:   bridge window [mem 0xfce00000-0xfcefffff]
[    3.202446] pci 0000:00:17.1:   bridge window [mem 0xe7400000-0xe74fffff 64bit pref]
[    3.202533] pci 0000:00:17.2: PCI bridge to [bus 15]
[    3.202553] pci 0000:00:17.2:   bridge window [io  0xe000-0xefff]
[    3.202599] pci 0000:00:17.2:   bridge window [mem 0xfca00000-0xfcafffff]
[    3.202629] pci 0000:00:17.2:   bridge window [mem 0xe7000000-0xe70fffff 64bit pref]
[    3.202719] pci 0000:00:17.3: PCI bridge to [bus 16]
[    3.202765] pci 0000:00:17.3:   bridge window [mem 0xfc600000-0xfc6fffff]
[    3.202795] pci 0000:00:17.3:   bridge window [mem 0xe6c00000-0xe6cfffff 64bit pref]
[    3.202883] pci 0000:00:17.4: PCI bridge to [bus 17]
[    3.202929] pci 0000:00:17.4:   bridge window [mem 0xfc200000-0xfc2fffff]
[    3.202959] pci 0000:00:17.4:   bridge window [mem 0xe6800000-0xe68fffff 64bit pref]
[    3.203045] pci 0000:00:17.5: PCI bridge to [bus 18]
[    3.203091] pci 0000:00:17.5:   bridge window [mem 0xfbe00000-0xfbefffff]
[    3.203121] pci 0000:00:17.5:   bridge window [mem 0xe6400000-0xe64fffff 64bit pref]
[    3.203208] pci 0000:00:17.6: PCI bridge to [bus 19]
[    3.203254] pci 0000:00:17.6:   bridge window [mem 0xfba00000-0xfbafffff]
[    3.203283] pci 0000:00:17.6:   bridge window [mem 0xe6000000-0xe60fffff 64bit pref]
[    3.203434] pci 0000:00:17.7: PCI bridge to [bus 1a]
[    3.203480] pci 0000:00:17.7:   bridge window [mem 0xfb600000-0xfb6fffff]
[    3.203510] pci 0000:00:17.7:   bridge window [mem 0xe5c00000-0xe5cfffff 64bit pref]
[    3.203599] pci 0000:00:18.0: PCI bridge to [bus 1b]
[    3.203620] pci 0000:00:18.0:   bridge window [io  0x7000-0x7fff]
[    3.203667] pci 0000:00:18.0:   bridge window [mem 0xfd100000-0xfd1fffff]
[    3.203697] pci 0000:00:18.0:   bridge window [mem 0xe7700000-0xe77fffff 64bit pref]
[    3.203789] pci 0000:00:18.1: PCI bridge to [bus 1c]
[    3.203810] pci 0000:00:18.1:   bridge window [io  0xb000-0xbfff]
[    3.203856] pci 0000:00:18.1:   bridge window [mem 0xfcd00000-0xfcdfffff]
[    3.203886] pci 0000:00:18.1:   bridge window [mem 0xe7300000-0xe73fffff 64bit pref]
[    3.203973] pci 0000:00:18.2: PCI bridge to [bus 1d]
[    3.204019] pci 0000:00:18.2:   bridge window [mem 0xfc900000-0xfc9fffff]
[    3.204049] pci 0000:00:18.2:   bridge window [mem 0xe6f00000-0xe6ffffff 64bit pref]
[    3.204136] pci 0000:00:18.3: PCI bridge to [bus 1e]
[    3.204182] pci 0000:00:18.3:   bridge window [mem 0xfc500000-0xfc5fffff]
[    3.204212] pci 0000:00:18.3:   bridge window [mem 0xe6b00000-0xe6bfffff 64bit pref]
[    3.204299] pci 0000:00:18.4: PCI bridge to [bus 1f]
[    3.204345] pci 0000:00:18.4:   bridge window [mem 0xfc100000-0xfc1fffff]
[    3.204375] pci 0000:00:18.4:   bridge window [mem 0xe6700000-0xe67fffff 64bit pref]
[    3.204462] pci 0000:00:18.5: PCI bridge to [bus 20]
[    3.204509] pci 0000:00:18.5:   bridge window [mem 0xfbd00000-0xfbdfffff]
[    3.204539] pci 0000:00:18.5:   bridge window [mem 0xe6300000-0xe63fffff 64bit pref]
[    3.204627] pci 0000:00:18.6: PCI bridge to [bus 21]
[    3.204688] pci 0000:00:18.6:   bridge window [mem 0xfb900000-0xfb9fffff]
[    3.204726] pci 0000:00:18.6:   bridge window [mem 0xe5f00000-0xe5ffffff 64bit pref]
[    3.204897] pci 0000:00:18.7: PCI bridge to [bus 22]
[    3.204944] pci 0000:00:18.7:   bridge window [mem 0xfb500000-0xfb5fffff]
[    3.204975] pci 0000:00:18.7:   bridge window [mem 0xe5b00000-0xe5bfffff 64bit pref]
[    3.205066] pci_bus 0000:00: resource 4 [mem 0x000a0000-0x000bffff window]
[    3.205067] pci_bus 0000:00: resource 5 [mem 0x000d0000-0x000d3fff window]
[    3.205068] pci_bus 0000:00: resource 6 [mem 0x000d4000-0x000d7fff window]
[    3.205068] pci_bus 0000:00: resource 7 [mem 0x000d8000-0x000dbfff window]
[    3.205069] pci_bus 0000:00: resource 8 [mem 0xc0000000-0xfebfffff window]
[    3.205070] pci_bus 0000:00: resource 9 [io  0x0000-0x0cf7 window]
[    3.205071] pci_bus 0000:00: resource 10 [io  0x0d00-0xfeff window]
[    3.205072] pci_bus 0000:02: resource 0 [io  0x2000-0x3fff]
[    3.205073] pci_bus 0000:02: resource 1 [mem 0xfd500000-0xfdffffff]
[    3.205073] pci_bus 0000:02: resource 2 [mem 0xe7b00000-0xe7ffffff 64bit pref]
[    3.205074] pci_bus 0000:02: resource 4 [mem 0x000a0000-0x000bffff window]
[    3.205075] pci_bus 0000:02: resource 5 [mem 0x000d0000-0x000d3fff window]
[    3.205075] pci_bus 0000:02: resource 6 [mem 0x000d4000-0x000d7fff window]
[    3.205076] pci_bus 0000:02: resource 7 [mem 0x000d8000-0x000dbfff window]
[    3.205077] pci_bus 0000:02: resource 8 [mem 0xc0000000-0xfebfffff window]
[    3.205077] pci_bus 0000:02: resource 9 [io  0x0000-0x0cf7 window]
[    3.205078] pci_bus 0000:02: resource 10 [io  0x0d00-0xfeff window]
[    3.205079] pci_bus 0000:03: resource 0 [io  0x4000-0x4fff]
[    3.205080] pci_bus 0000:03: resource 1 [mem 0xfd400000-0xfd4fffff]
[    3.205080] pci_bus 0000:03: resource 2 [mem 0xe7a00000-0xe7afffff 64bit pref]
[    3.205081] pci_bus 0000:04: resource 0 [io  0x8000-0x8fff]
[    3.205082] pci_bus 0000:04: resource 1 [mem 0xfd000000-0xfd0fffff]
[    3.205082] pci_bus 0000:04: resource 2 [mem 0xe7600000-0xe76fffff 64bit pref]
[    3.205083] pci_bus 0000:05: resource 0 [io  0xc000-0xcfff]
[    3.205084] pci_bus 0000:05: resource 1 [mem 0xfcc00000-0xfccfffff]
[    3.205084] pci_bus 0000:05: resource 2 [mem 0xe7200000-0xe72fffff 64bit pref]
[    3.205085] pci_bus 0000:06: resource 1 [mem 0xfc800000-0xfc8fffff]
[    3.205086] pci_bus 0000:06: resource 2 [mem 0xe6e00000-0xe6efffff 64bit pref]
[    3.205087] pci_bus 0000:07: resource 1 [mem 0xfc400000-0xfc4fffff]
[    3.205087] pci_bus 0000:07: resource 2 [mem 0xe6a00000-0xe6afffff 64bit pref]
[    3.205088] pci_bus 0000:08: resource 1 [mem 0xfc000000-0xfc0fffff]
[    3.205089] pci_bus 0000:08: resource 2 [mem 0xe6600000-0xe66fffff 64bit pref]
[    3.205089] pci_bus 0000:09: resource 1 [mem 0xfbc00000-0xfbcfffff]
[    3.205090] pci_bus 0000:09: resource 2 [mem 0xe6200000-0xe62fffff 64bit pref]
[    3.205091] pci_bus 0000:0a: resource 1 [mem 0xfb800000-0xfb8fffff]
[    3.205092] pci_bus 0000:0a: resource 2 [mem 0xe5e00000-0xe5efffff 64bit pref]
[    3.205092] pci_bus 0000:0b: resource 0 [io  0x5000-0x5fff]
[    3.205093] pci_bus 0000:0b: resource 1 [mem 0xfd300000-0xfd3fffff]
[    3.205093] pci_bus 0000:0b: resource 2 [mem 0xe7900000-0xe79fffff 64bit pref]
[    3.205094] pci_bus 0000:0c: resource 0 [io  0x9000-0x9fff]
[    3.205095] pci_bus 0000:0c: resource 1 [mem 0xfcf00000-0xfcffffff]
[    3.205095] pci_bus 0000:0c: resource 2 [mem 0xe7500000-0xe75fffff 64bit pref]
[    3.205096] pci_bus 0000:0d: resource 0 [io  0xd000-0xdfff]
[    3.205097] pci_bus 0000:0d: resource 1 [mem 0xfcb00000-0xfcbfffff]
[    3.205097] pci_bus 0000:0d: resource 2 [mem 0xe7100000-0xe71fffff 64bit pref]
[    3.205098] pci_bus 0000:0e: resource 1 [mem 0xfc700000-0xfc7fffff]
[    3.205099] pci_bus 0000:0e: resource 2 [mem 0xe6d00000-0xe6dfffff 64bit pref]
[    3.205099] pci_bus 0000:0f: resource 1 [mem 0xfc300000-0xfc3fffff]
[    3.205100] pci_bus 0000:0f: resource 2 [mem 0xe6900000-0xe69fffff 64bit pref]
[    3.205101] pci_bus 0000:10: resource 1 [mem 0xfbf00000-0xfbffffff]
[    3.205101] pci_bus 0000:10: resource 2 [mem 0xe6500000-0xe65fffff 64bit pref]
[    3.205102] pci_bus 0000:11: resource 1 [mem 0xfbb00000-0xfbbfffff]
[    3.205103] pci_bus 0000:11: resource 2 [mem 0xe6100000-0xe61fffff 64bit pref]
[    3.205103] pci_bus 0000:12: resource 1 [mem 0xfb700000-0xfb7fffff]
[    3.205104] pci_bus 0000:12: resource 2 [mem 0xe5d00000-0xe5dfffff 64bit pref]
[    3.205105] pci_bus 0000:13: resource 0 [io  0x6000-0x6fff]
[    3.205105] pci_bus 0000:13: resource 1 [mem 0xfd200000-0xfd2fffff]
[    3.205106] pci_bus 0000:13: resource 2 [mem 0xe7800000-0xe78fffff 64bit pref]
[    3.205107] pci_bus 0000:14: resource 0 [io  0xa000-0xafff]
[    3.205107] pci_bus 0000:14: resource 1 [mem 0xfce00000-0xfcefffff]
[    3.205108] pci_bus 0000:14: resource 2 [mem 0xe7400000-0xe74fffff 64bit pref]
[    3.205109] pci_bus 0000:15: resource 0 [io  0xe000-0xefff]
[    3.205109] pci_bus 0000:15: resource 1 [mem 0xfca00000-0xfcafffff]
[    3.205110] pci_bus 0000:15: resource 2 [mem 0xe7000000-0xe70fffff 64bit pref]
[    3.205110] pci_bus 0000:16: resource 1 [mem 0xfc600000-0xfc6fffff]
[    3.205111] pci_bus 0000:16: resource 2 [mem 0xe6c00000-0xe6cfffff 64bit pref]
[    3.205112] pci_bus 0000:17: resource 1 [mem 0xfc200000-0xfc2fffff]
[    3.205112] pci_bus 0000:17: resource 2 [mem 0xe6800000-0xe68fffff 64bit pref]
[    3.205113] pci_bus 0000:18: resource 1 [mem 0xfbe00000-0xfbefffff]
[    3.205114] pci_bus 0000:18: resource 2 [mem 0xe6400000-0xe64fffff 64bit pref]
[    3.205114] pci_bus 0000:19: resource 1 [mem 0xfba00000-0xfbafffff]
[    3.205115] pci_bus 0000:19: resource 2 [mem 0xe6000000-0xe60fffff 64bit pref]
[    3.205116] pci_bus 0000:1a: resource 1 [mem 0xfb600000-0xfb6fffff]
[    3.205116] pci_bus 0000:1a: resource 2 [mem 0xe5c00000-0xe5cfffff 64bit pref]
[    3.205117] pci_bus 0000:1b: resource 0 [io  0x7000-0x7fff]
[    3.205118] pci_bus 0000:1b: resource 1 [mem 0xfd100000-0xfd1fffff]
[    3.205118] pci_bus 0000:1b: resource 2 [mem 0xe7700000-0xe77fffff 64bit pref]
[    3.205119] pci_bus 0000:1c: resource 0 [io  0xb000-0xbfff]
[    3.205120] pci_bus 0000:1c: resource 1 [mem 0xfcd00000-0xfcdfffff]
[    3.205120] pci_bus 0000:1c: resource 2 [mem 0xe7300000-0xe73fffff 64bit pref]
[    3.205121] pci_bus 0000:1d: resource 1 [mem 0xfc900000-0xfc9fffff]
[    3.205121] pci_bus 0000:1d: resource 2 [mem 0xe6f00000-0xe6ffffff 64bit pref]
[    3.205122] pci_bus 0000:1e: resource 1 [mem 0xfc500000-0xfc5fffff]
[    3.205123] pci_bus 0000:1e: resource 2 [mem 0xe6b00000-0xe6bfffff 64bit pref]
[    3.205124] pci_bus 0000:1f: resource 1 [mem 0xfc100000-0xfc1fffff]
[    3.205124] pci_bus 0000:1f: resource 2 [mem 0xe6700000-0xe67fffff 64bit pref]
[    3.205125] pci_bus 0000:20: resource 1 [mem 0xfbd00000-0xfbdfffff]
[    3.205125] pci_bus 0000:20: resource 2 [mem 0xe6300000-0xe63fffff 64bit pref]
[    3.205126] pci_bus 0000:21: resource 1 [mem 0xfb900000-0xfb9fffff]
[    3.205127] pci_bus 0000:21: resource 2 [mem 0xe5f00000-0xe5ffffff 64bit pref]
[    3.205127] pci_bus 0000:22: resource 1 [mem 0xfb500000-0xfb5fffff]
[    3.205128] pci_bus 0000:22: resource 2 [mem 0xe5b00000-0xe5bfffff 64bit pref]
[    3.205332] pci 0000:00:00.0: Limiting direct PCI/PCI transfers
[    3.205492] pci 0000:00:0f.0: Video device with shadowed ROM at [mem 0x000c0000-0x000dffff]
[    3.207258] pci 0000:02:01.0: CLS mismatch (32 != 64), using 64 bytes
[    3.208392] Trying to unpack rootfs image as initramfs...
[    4.056878] Freeing initrd memory: 50844K
[    4.056904] PCI-DMA: Using software bounce buffering for IO (SWIOTLB)
[    4.056905] software IO TLB: mapped [mem 0xbbed0000-0xbfed0000] (64MB)
[    4.057136] check: Scanning for low memory corruption every 60 seconds
[    4.058920] Initialise system trusted keyrings
[    4.058935] Key type blacklist registered
[    4.059313] workingset: timestamp_bits=36 max_order=20 bucket_order=0
[    4.060569] zbud: loaded
[    4.061485] squashfs: version 4.0 (2009/01/31) Phillip Lougher
[    4.063079] fuse: init (API version 7.31)
[    4.064254] integrity: Platform Keyring initialized
[    4.070919] Key type asymmetric registered
[    4.070920] Asymmetric key parser 'x509' registered
[    4.070932] Block layer SCSI generic (bsg) driver version 0.4 loaded (major 244)
[    4.071251] io scheduler mq-deadline registered
[    4.072433] pcieport 0000:00:15.0: PME: Signaling with IRQ 24
[    4.072551] pcieport 0000:00:15.0: pciehp: Slot #160 AttnBtn+ PwrCtrl+ MRL- AttnInd- PwrInd- HotPlug+ Surprise- Interlock- NoCompl+ IbPresDis- LLActRep+
[    4.074210] pcieport 0000:00:15.1: PME: Signaling with IRQ 25
[    4.074327] pcieport 0000:00:15.1: pciehp: Slot #161 AttnBtn+ PwrCtrl+ MRL- AttnInd- PwrInd- HotPlug+ Surprise- Interlock- NoCompl+ IbPresDis- LLActRep+
[    4.075835] pcieport 0000:00:15.2: PME: Signaling with IRQ 26
[    4.075950] pcieport 0000:00:15.2: pciehp: Slot #162 AttnBtn+ PwrCtrl+ MRL- AttnInd- PwrInd- HotPlug+ Surprise- Interlock- NoCompl+ IbPresDis- LLActRep+
[    4.077703] pcieport 0000:00:15.3: PME: Signaling with IRQ 27
[    4.077836] pcieport 0000:00:15.3: pciehp: Slot #163 AttnBtn+ PwrCtrl+ MRL- AttnInd- PwrInd- HotPlug+ Surprise- Interlock- NoCompl+ IbPresDis- LLActRep+
[    4.079776] pcieport 0000:00:15.4: PME: Signaling with IRQ 28
[    4.079906] pcieport 0000:00:15.4: pciehp: Slot #164 AttnBtn+ PwrCtrl+ MRL- AttnInd- PwrInd- HotPlug+ Surprise- Interlock- NoCompl+ IbPresDis- LLActRep+
[    4.081477] pcieport 0000:00:15.5: PME: Signaling with IRQ 29
[    4.081599] pcieport 0000:00:15.5: pciehp: Slot #165 AttnBtn+ PwrCtrl+ MRL- AttnInd- PwrInd- HotPlug+ Surprise- Interlock- NoCompl+ IbPresDis- LLActRep+
[    4.083243] pcieport 0000:00:15.6: PME: Signaling with IRQ 30
[    4.083392] pcieport 0000:00:15.6: pciehp: Slot #166 AttnBtn+ PwrCtrl+ MRL- AttnInd- PwrInd- HotPlug+ Surprise- Interlock- NoCompl+ IbPresDis- LLActRep+
[    4.085075] pcieport 0000:00:15.7: PME: Signaling with IRQ 31
[    4.085186] pcieport 0000:00:15.7: pciehp: Slot #167 AttnBtn+ PwrCtrl+ MRL- AttnInd- PwrInd- HotPlug+ Surprise- Interlock- NoCompl+ IbPresDis- LLActRep+
[    4.086713] pcieport 0000:00:16.0: PME: Signaling with IRQ 32
[    4.086825] pcieport 0000:00:16.0: pciehp: Slot #192 AttnBtn+ PwrCtrl+ MRL- AttnInd- PwrInd- HotPlug+ Surprise- Interlock- NoCompl+ IbPresDis- LLActRep+
[    4.088207] pcieport 0000:00:16.1: PME: Signaling with IRQ 33
[    4.088322] pcieport 0000:00:16.1: pciehp: Slot #193 AttnBtn+ PwrCtrl+ MRL- AttnInd- PwrInd- HotPlug+ Surprise- Interlock- NoCompl+ IbPresDis- LLActRep+
[    4.089834] pcieport 0000:00:16.2: PME: Signaling with IRQ 34
[    4.089945] pcieport 0000:00:16.2: pciehp: Slot #194 AttnBtn+ PwrCtrl+ MRL- AttnInd- PwrInd- HotPlug+ Surprise- Interlock- NoCompl+ IbPresDis- LLActRep+
[    4.091400] pcieport 0000:00:16.3: PME: Signaling with IRQ 35
[    4.091518] pcieport 0000:00:16.3: pciehp: Slot #195 AttnBtn+ PwrCtrl+ MRL- AttnInd- PwrInd- HotPlug+ Surprise- Interlock- NoCompl+ IbPresDis- LLActRep+
[    4.092965] pcieport 0000:00:16.4: PME: Signaling with IRQ 36
[    4.093089] pcieport 0000:00:16.4: pciehp: Slot #196 AttnBtn+ PwrCtrl+ MRL- AttnInd- PwrInd- HotPlug+ Surprise- Interlock- NoCompl+ IbPresDis- LLActRep+
[    4.095516] pcieport 0000:00:16.5: PME: Signaling with IRQ 37
[    4.095674] pcieport 0000:00:16.5: pciehp: Slot #197 AttnBtn+ PwrCtrl+ MRL- AttnInd- PwrInd- HotPlug+ Surprise- Interlock- NoCompl+ IbPresDis- LLActRep+
[    4.097767] pcieport 0000:00:16.6: PME: Signaling with IRQ 38
[    4.097916] pcieport 0000:00:16.6: pciehp: Slot #198 AttnBtn+ PwrCtrl+ MRL- AttnInd- PwrInd- HotPlug+ Surprise- Interlock- NoCompl+ IbPresDis- LLActRep+
[    4.099487] pcieport 0000:00:16.7: PME: Signaling with IRQ 39
[    4.099606] pcieport 0000:00:16.7: pciehp: Slot #199 AttnBtn+ PwrCtrl+ MRL- AttnInd- PwrInd- HotPlug+ Surprise- Interlock- NoCompl+ IbPresDis- LLActRep+
[    4.101220] pcieport 0000:00:17.0: PME: Signaling with IRQ 40
[    4.101354] pcieport 0000:00:17.0: pciehp: Slot #224 AttnBtn+ PwrCtrl+ MRL- AttnInd- PwrInd- HotPlug+ Surprise- Interlock- NoCompl+ IbPresDis- LLActRep+
[    4.102861] pcieport 0000:00:17.1: PME: Signaling with IRQ 41
[    4.102983] pcieport 0000:00:17.1: pciehp: Slot #225 AttnBtn+ PwrCtrl+ MRL- AttnInd- PwrInd- HotPlug+ Surprise- Interlock- NoCompl+ IbPresDis- LLActRep+
[    4.104420] pcieport 0000:00:17.2: PME: Signaling with IRQ 42
[    4.104613] pcieport 0000:00:17.2: pciehp: Slot #226 AttnBtn+ PwrCtrl+ MRL- AttnInd- PwrInd- HotPlug+ Surprise- Interlock- NoCompl+ IbPresDis- LLActRep+
[    4.106001] pcieport 0000:00:17.3: PME: Signaling with IRQ 43
[    4.106119] pcieport 0000:00:17.3: pciehp: Slot #227 AttnBtn+ PwrCtrl+ MRL- AttnInd- PwrInd- HotPlug+ Surprise- Interlock- NoCompl+ IbPresDis- LLActRep+
[    4.107573] pcieport 0000:00:17.4: PME: Signaling with IRQ 44
[    4.107692] pcieport 0000:00:17.4: pciehp: Slot #228 AttnBtn+ PwrCtrl+ MRL- AttnInd- PwrInd- HotPlug+ Surprise- Interlock- NoCompl+ IbPresDis- LLActRep+
[    4.109263] pcieport 0000:00:17.5: PME: Signaling with IRQ 45
[    4.109383] pcieport 0000:00:17.5: pciehp: Slot #229 AttnBtn+ PwrCtrl+ MRL- AttnInd- PwrInd- HotPlug+ Surprise- Interlock- NoCompl+ IbPresDis- LLActRep+
[    4.111065] pcieport 0000:00:17.6: PME: Signaling with IRQ 46
[    4.111191] pcieport 0000:00:17.6: pciehp: Slot #230 AttnBtn+ PwrCtrl+ MRL- AttnInd- PwrInd- HotPlug+ Surprise- Interlock- NoCompl+ IbPresDis- LLActRep+
[    4.113153] pcieport 0000:00:17.7: PME: Signaling with IRQ 47
[    4.113278] pcieport 0000:00:17.7: pciehp: Slot #231 AttnBtn+ PwrCtrl+ MRL- AttnInd- PwrInd- HotPlug+ Surprise- Interlock- NoCompl+ IbPresDis- LLActRep+
[    4.114896] pcieport 0000:00:18.0: PME: Signaling with IRQ 48
[    4.115020] pcieport 0000:00:18.0: pciehp: Slot #256 AttnBtn+ PwrCtrl+ MRL- AttnInd- PwrInd- HotPlug+ Surprise- Interlock- NoCompl+ IbPresDis- LLActRep+
[    4.116745] pcieport 0000:00:18.1: PME: Signaling with IRQ 49
[    4.116889] pcieport 0000:00:18.1: pciehp: Slot #257 AttnBtn+ PwrCtrl+ MRL- AttnInd- PwrInd- HotPlug+ Surprise- Interlock- NoCompl+ IbPresDis- LLActRep+
[    4.118567] pcieport 0000:00:18.2: PME: Signaling with IRQ 50
[    4.118685] pcieport 0000:00:18.2: pciehp: Slot #258 AttnBtn+ PwrCtrl+ MRL- AttnInd- PwrInd- HotPlug+ Surprise- Interlock- NoCompl+ IbPresDis- LLActRep+
[    4.120141] pcieport 0000:00:18.3: PME: Signaling with IRQ 51
[    4.120253] pcieport 0000:00:18.3: pciehp: Slot #259 AttnBtn+ PwrCtrl+ MRL- AttnInd- PwrInd- HotPlug+ Surprise- Interlock- NoCompl+ IbPresDis- LLActRep+
[    4.121725] pcieport 0000:00:18.4: PME: Signaling with IRQ 52
[    4.121836] pcieport 0000:00:18.4: pciehp: Slot #260 AttnBtn+ PwrCtrl+ MRL- AttnInd- PwrInd- HotPlug+ Surprise- Interlock- NoCompl+ IbPresDis- LLActRep+
[    4.123343] pcieport 0000:00:18.5: PME: Signaling with IRQ 53
[    4.123466] pcieport 0000:00:18.5: pciehp: Slot #261 AttnBtn+ PwrCtrl+ MRL- AttnInd- PwrInd- HotPlug+ Surprise- Interlock- NoCompl+ IbPresDis- LLActRep+
[    4.124941] pcieport 0000:00:18.6: PME: Signaling with IRQ 54
[    4.125059] pcieport 0000:00:18.6: pciehp: Slot #262 AttnBtn+ PwrCtrl+ MRL- AttnInd- PwrInd- HotPlug+ Surprise- Interlock- NoCompl+ IbPresDis- LLActRep+
[    4.126547] pcieport 0000:00:18.7: PME: Signaling with IRQ 55
[    4.126719] pcieport 0000:00:18.7: pciehp: Slot #263 AttnBtn+ PwrCtrl+ MRL- AttnInd- PwrInd- HotPlug+ Surprise- Interlock- NoCompl+ IbPresDis- LLActRep+
[    4.128341] shpchp: Standard Hot Plug PCI Controller Driver version: 0.4
[    4.128444] intel_idle: Please enable MWAIT in BIOS SETUP
[    4.129176] ACPI: AC Adapter [ACAD] (on-line)
[    4.130134] input: Power Button as /devices/LNXSYSTM:00/LNXPWRBN:00/input/input0
[    4.130222] ACPI: Power Button [PWRF]
[    4.133147] Serial: 8250/16550 driver, 32 ports, IRQ sharing enabled
[    4.156010] 00:05: ttyS0 at I/O 0x3f8 (irq = 4, base_baud = 115200) is a 16550A
[    4.217745] Linux agpgart interface v0.103
[    4.217860] agpgart-intel 0000:00:00.0: Intel 440BX Chipset
[    4.231772] agpgart-intel 0000:00:00.0: AGP aperture is 256M @ 0x0
[    4.257063] loop: module loaded
[    4.257789] ata_piix 0000:00:07.1: version 2.13
[    4.259624] scsi host0: ata_piix
[    4.262009] scsi host1: ata_piix
[    4.262355] ata1: PATA max UDMA/33 cmd 0x1f0 ctl 0x3f6 bmdma 0x1060 irq 14
[    4.262357] ata2: PATA max UDMA/33 cmd 0x170 ctl 0x376 bmdma 0x1068 irq 15
[    4.263199] libphy: Fixed MDIO Bus: probed
[    4.263201] tun: Universal TUN/TAP device driver, 1.6
[    4.263573] PPP generic driver version 2.4.2
[    4.263907] VFIO - User Level meta-driver version: 0.3
[    4.264891] ehci_hcd: USB 2.0 'Enhanced' Host Controller (EHCI) Driver
[    4.264896] ehci-pci: EHCI PCI platform driver
[    4.265445] ehci-pci 0000:02:03.0: EHCI Host Controller
[    4.265450] ehci-pci 0000:02:03.0: new USB bus registered, assigned bus number 1
[    4.265880] ehci-pci 0000:02:03.0: cache line size of 64 is not supported
[    4.265971] ehci-pci 0000:02:03.0: irq 17, io mem 0xfd5ef000
[    4.283707] ehci-pci 0000:02:03.0: USB 2.0 started, EHCI 1.00
[    4.283795] usb usb1: New USB device found, idVendor=1d6b, idProduct=0002, bcdDevice= 5.08
[    4.283796] usb usb1: New USB device strings: Mfr=3, Product=2, SerialNumber=1
[    4.283797] usb usb1: Product: EHCI Host Controller
[    4.283797] usb usb1: Manufacturer: Linux 5.8.0-44-generic ehci_hcd
[    4.283798] usb usb1: SerialNumber: 0000:02:03.0
[    4.283905] hub 1-0:1.0: USB hub found
[    4.283908] hub 1-0:1.0: 6 ports detected
[    4.284327] ehci-platform: EHCI generic platform driver
[    4.284367] ohci_hcd: USB 1.1 'Open' Host Controller (OHCI) Driver
[    4.284369] ohci-pci: OHCI PCI platform driver
[    4.284380] ohci-platform: OHCI generic platform driver
[    4.284384] uhci_hcd: USB Universal Host Controller Interface driver
[    4.285012] uhci_hcd 0000:02:00.0: UHCI Host Controller
[    4.285015] uhci_hcd 0000:02:00.0: new USB bus registered, assigned bus number 2
[    4.285050] uhci_hcd 0000:02:00.0: detected 2 ports
[    4.285252] uhci_hcd 0000:02:00.0: irq 18, io base 0x00002080
[    4.285881] usb usb2: New USB device found, idVendor=1d6b, idProduct=0001, bcdDevice= 5.08
[    4.285883] usb usb2: New USB device strings: Mfr=3, Product=2, SerialNumber=1
[    4.285883] usb usb2: Product: UHCI Host Controller
[    4.285884] usb usb2: Manufacturer: Linux 5.8.0-44-generic uhci_hcd
[    4.285884] usb usb2: SerialNumber: 0000:02:00.0
[    4.285968] hub 2-0:1.0: USB hub found
[    4.285971] hub 2-0:1.0: 2 ports detected
[    4.286168] i8042: PNP: PS/2 Controller [PNP0303:KBC,PNP0f13:MOUS] at 0x60,0x64 irq 1,12
[    4.287493] serio: i8042 KBD port at 0x60,0x64 irq 1
[    4.287498] serio: i8042 AUX port at 0x60,0x64 irq 12
[    4.287742] mousedev: PS/2 mouse device common for all mice
[    4.309333] input: AT Translated Set 2 keyboard as /devices/platform/i8042/serio0/input/input1
[    4.309868] rtc_cmos 00:01: registered as rtc0
[    4.310158] rtc_cmos 00:01: setting system clock to 2021-03-14T07:52:00 UTC (1615708320)
[    4.310181] rtc_cmos 00:01: alarms up to one month, y3k, 114 bytes nvram, hpet irqs
[    4.310191] i2c /dev entries driver
[    4.310316] device-mapper: uevent: version 1.0.3
[    4.310467] device-mapper: ioctl: 4.42.0-ioctl (2020-02-27) initialised: dm-devel@redhat.com
[    4.310505] platform eisa.0: Probing EISA bus 0
[    4.310507] platform eisa.0: EISA: Cannot allocate resource for mainboard
[    4.310508] platform eisa.0: Cannot allocate resource for EISA slot 1
[    4.310509] platform eisa.0: Cannot allocate resource for EISA slot 2
[    4.310510] platform eisa.0: Cannot allocate resource for EISA slot 3
[    4.310510] platform eisa.0: Cannot allocate resource for EISA slot 4
[    4.310511] platform eisa.0: Cannot allocate resource for EISA slot 5
[    4.310512] platform eisa.0: Cannot allocate resource for EISA slot 6
[    4.310512] platform eisa.0: Cannot allocate resource for EISA slot 7
[    4.310513] platform eisa.0: Cannot allocate resource for EISA slot 8
[    4.310514] platform eisa.0: EISA: Detected 0 cards
[    4.310516] intel_pstate: CPU model not supported
[    4.311973] ledtrig-cpu: registered to indicate activity on CPUs
[    4.312352] intel_pmc_core intel_pmc_core.0:  initialized
[    4.312586] drop_monitor: Initializing network drop monitor service
[    4.313128] NET: Registered protocol family 10
[    4.324886] Segment Routing with IPv6
[    4.324905] NET: Registered protocol family 17
[    4.325112] Key type dns_resolver registered
[    4.325873] IPI shorthand broadcast: enabled
[    4.325910] sched_clock: Marking stable (4298413819, 27258317)->(5773037876, -1447365740)
[    4.326541] registered taskstats version 1
[    4.326567] Loading compiled-in X.509 certificates
[    4.328782] Loaded X.509 cert 'Build time autogenerated kernel key: a3e9eb9032099963d398e4d4d5991ce491952397'
[    4.329372] zswap: loaded using pool lzo/zbud
[    4.330735] Key type ._fscrypt registered
[    4.330735] Key type .fscrypt registered
[    4.330736] Key type fscrypt-provisioning registered
[    4.335207] Key type encrypted registered
[    4.335209] AppArmor: AppArmor sha1 policy hashing enabled
[    4.335214] ima: No TPM chip found, activating TPM-bypass!
[    4.335221] ima: Allocated hash algorithm: sha1
[    4.335225] ima: No architecture policies found
[    4.335230] evm: Initialising EVM extended attributes:
[    4.335231] evm: security.selinux
[    4.335231] evm: security.SMACK64
[    4.335231] evm: security.SMACK64EXEC
[    4.335231] evm: security.SMACK64TRANSMUTE
[    4.335232] evm: security.SMACK64MMAP
[    4.335232] evm: security.apparmor
[    4.335232] evm: security.ima
[    4.335232] evm: security.capability
[    4.335233] evm: HMAC attrs: 0x1
[    4.336964] PM:   Magic number: 13:113:875
[    4.337027] container PNP0A05:1e: hash matches
[    4.337069] acpi PNP0A05:1e: hash matches
[    4.337081] acpi PNP0C80:5d: hash matches
[    4.337110] acpi device:e8: hash matches
[    4.337114] acpi device:bb: hash matches
[    4.337461] RAS: Correctable Errors collector initialized.
[    4.467533] Freeing unused decrypted memory: 2040K
[    4.468024] Freeing unused kernel image (initmem) memory: 2640K
[    4.468030] Write protecting the kernel read-only data: 22528k
[    4.468940] Freeing unused kernel image (text/rodata gap) memory: 2044K
[    4.469373] Freeing unused kernel image (rodata/data gap) memory: 756K
[    4.513796] x86/mm: Checked W+X mappings: passed, no W+X pages found.
[    4.513917] Run /init as init process
[    4.513919]   with arguments:
[    4.513919]     /init
[    4.513920]     auto
[    4.513920]     noprompt
[    4.513921]   with environment:
[    4.513921]     HOME=/
[    4.513921]     TERM=linux
[    4.513922]     BOOT_IMAGE=/boot/vmlinuz-5.8.0-44-generic
[    4.513923]     find_preseed=/preseed.cfg
[    4.513923]     priority=critical
[    4.513923]     locale=en_US
[    4.617024] usb 2-1: new full-speed USB device number 2 using uhci_hcd
[    4.804030] usb 2-1: New USB device found, idVendor=0e0f, idProduct=0003, bcdDevice= 1.03
[    4.804032] usb 2-1: New USB device strings: Mfr=1, Product=2, SerialNumber=0
[    4.804033] usb 2-1: Product: VMware Virtual USB Mouse
[    4.804033] usb 2-1: Manufacturer: VMware
[    4.809353] Fusion MPT base driver 3.04.20
[    4.809354] Copyright (c) 1999-2008 LSI Corporation
[    4.811432] ahci 0000:02:05.0: version 3.0
[    4.817081] Fusion MPT SPI Host driver 3.04.20
[    4.817103] ahci 0000:02:05.0: AHCI 0001.0300 32 slots 30 ports 6 Gbps 0x3fffffff impl SATA mode
[    4.817105] ahci 0000:02:05.0: flags: 64bit ncq clo only 
[    4.820180] piix4_smbus 0000:00:07.3: SMBus Host Controller not enabled!
[    4.822425] mptbase: ioc0: Initiating bringup
[    4.824269] e1000: Intel(R) PRO/1000 Network Driver - version 7.3.21-k8-NAPI
[    4.824269] e1000: Copyright (c) 1999-2006 Intel Corporation.
[    4.839026] input: VirtualPS/2 VMware VMMouse as /devices/platform/i8042/serio1/input/input4
[    4.839904] input: VirtualPS/2 VMware VMMouse as /devices/platform/i8042/serio1/input/input3
[    4.849679] scsi host2: ahci
[    4.851504] scsi host3: ahci
[    4.855365] scsi host4: ahci
[    4.856977] scsi host5: ahci
[    4.863329] scsi host6: ahci
[    4.867051] scsi host7: ahci
[    4.867689] scsi host8: ahci
[    4.868461] scsi host9: ahci
[    4.869089] scsi host10: ahci
[    4.869748] scsi host11: ahci
[    4.870209] scsi host12: ahci
[    4.870868] scsi host13: ahci
[    4.871593] scsi host14: ahci
[    4.872183] scsi host15: ahci
[    4.873116] scsi host16: ahci
[    4.874077] scsi host17: ahci
[    4.874942] scsi host18: ahci
[    4.875896] scsi host19: ahci
[    4.878575] scsi host20: ahci
[    4.879941] scsi host21: ahci
[    4.880935] scsi host22: ahci
[    4.881976] scsi host23: ahci
[    4.883150] scsi host24: ahci
[    4.884246] scsi host25: ahci
[    4.885190] scsi host26: ahci
[    4.885963] scsi host27: ahci
[    4.886690] scsi host28: ahci
[    4.887551] scsi host29: ahci
[    4.889557] scsi host30: ahci
[    4.891179] scsi host31: ahci
[    4.891423] ata3: SATA max UDMA/133 abar m4096@0xfd5ee000 port 0xfd5ee100 irq 56
[    4.891425] ata4: SATA max UDMA/133 abar m4096@0xfd5ee000 port 0xfd5ee180 irq 56
[    4.891425] ata5: SATA max UDMA/133 abar m4096@0xfd5ee000 port 0xfd5ee200 irq 56
[    4.891427] ata6: SATA max UDMA/133 abar m4096@0xfd5ee000 port 0xfd5ee280 irq 56
[    4.891428] ata7: SATA max UDMA/133 abar m4096@0xfd5ee000 port 0xfd5ee300 irq 56
[    4.891428] ata8: SATA max UDMA/133 abar m4096@0xfd5ee000 port 0xfd5ee380 irq 56
[    4.891429] ata9: SATA max UDMA/133 abar m4096@0xfd5ee000 port 0xfd5ee400 irq 56
[    4.891431] ata10: SATA max UDMA/133 abar m4096@0xfd5ee000 port 0xfd5ee480 irq 56
[    4.891432] ata11: SATA max UDMA/133 abar m4096@0xfd5ee000 port 0xfd5ee500 irq 56
[    4.891432] ata12: SATA max UDMA/133 abar m4096@0xfd5ee000 port 0xfd5ee580 irq 56
[    4.891433] ata13: SATA max UDMA/133 abar m4096@0xfd5ee000 port 0xfd5ee600 irq 56
[    4.891434] ata14: SATA max UDMA/133 abar m4096@0xfd5ee000 port 0xfd5ee680 irq 56
[    4.891435] ata15: SATA max UDMA/133 abar m4096@0xfd5ee000 port 0xfd5ee700 irq 56
[    4.891435] ata16: SATA max UDMA/133 abar m4096@0xfd5ee000 port 0xfd5ee780 irq 56
[    4.891436] ata17: SATA max UDMA/133 abar m4096@0xfd5ee000 port 0xfd5ee800 irq 56
[    4.891437] ata18: SATA max UDMA/133 abar m4096@0xfd5ee000 port 0xfd5ee880 irq 56
[    4.891438] ata19: SATA max UDMA/133 abar m4096@0xfd5ee000 port 0xfd5ee900 irq 56
[    4.891439] ata20: SATA max UDMA/133 abar m4096@0xfd5ee000 port 0xfd5ee980 irq 56
